"File: SUM1To1000.ASM  Assembler  Version 2.98      Page 1


   1  0000              ; PROGRAM : SUM1To1000.ASM        		By Steven                    
   2  0000              ; FUNCTION: BCD DEMO PROGRAM         	2019.0305   
   3  0000              ; ANS=500500(Dec) ==> 73A14 (Hex) 
   4  0000              ; Note:°O¿ý RAM¡BROM¡B«ü¥O¶g´Á 		  
   5  0000              #INCLUDE    HT66F2390.INC 


   6  0000              ;=================================================================================
   7  0000              MY_DATA    .SECTION		'DATA'    	;== DATA SECTION == 
   8  0000  0003[       SUM    	DB   	3 DUP	(?)  
            00
            ]
   9  0003  0002[       X		DB   	2 DUP	(?) 
            00
            ]
  10  0005  00          L1    	DB      ?
  11  0006  00          L2		DB 		?                 	
  12  0007              ;========================================================================================
  13  0000              MY_CODE    .SECTION	 at 0	'CODE' 	;== PROGRAM SECTION == 
  14  0000  0FAF        		MOV		A,0AFh				;DISABLE WDT
  15  0001  00BE        		MOV		WDTC,A
  16  0002  1F00     R  		CLR		SUM[0]
  17  0003  1F00     R  		CLR		SUM[1]
  18  0004  1F00     R  		CLR		SUM[2]
  19  0005  0F01        		MOV		A,1
  20  0006  0080     R  		MOV		X[0],A
  21  0007  1F00     R  		CLR		X[1]
  22  0008  0F0A        		MOV		A,10
  23  0009  0080     R  		MOV		L1,A
  24  000A              LOOP1:		
  25  000A  0F64        		MOV		A,100
  26  000B  0080     R  		MOV		L2,A
  27  000C              LOOP:		
  28  000C  0700     R  		MOV		A,X[0]
  29  000D  0380     R  		ADDM	A,SUM[0]	
  30  000E  0700     R  		MOV		A,X[1]
  31  000F  1380     R  		ADCM	A,SUM[1]
  32  0010  1F05        		CLR		ACC
  33  0011  1380     R  		ADCM	A,SUM[2]
  34  0012  0F01        		MOV		A,1
  35  0013  0380     R  		ADDM	A,X[0]
  36  0014  1F05        		CLR		ACC
  37  0015  1380     R  		ADCM	A,X[1]
  38  0016  1780     R  		SDZ		L2
  39  0017  280C        		JMP		LOOP
  40  0018  1780     R  		SDZ		L1
  41  0019  280A        		JMP		LOOP1
  42  001A  281A        		JMP		$


        0 Errors, 0 Warnings