<html>
<body>
<pre>
<h1>µVision Build Log</h1>
<h2>Tool Versions:</h2>
IDE-Version: £gVision V5.25.2.0
Copyright (C) 2018 ARM Ltd and ARM Germany GmbH. All rights reserved.
License Information: sky high, kao, LIC=----
 
Tool Versions:
Toolchain:       MDK-Lite  Version: 5.25.2.0
Toolchain Path:  C:\Keil_v5\ARM\ARMCC\Bin
C Compiler:      Armcc.exe V5.06 update 6 (build 750)
Assembler:       Armasm.exe V5.06 update 6 (build 750)
Linker/Locator:  ArmLink.exe V5.06 update 6 (build 750)
Library Manager: ArmAr.exe V5.06 update 6 (build 750)
Hex Converter:   FromElf.exe V5.06 update 6 (build 750)
CPU DLL:         SARMCM3.DLL V5.25.2.0
Dialog DLL:      DARMCM1.DLL V1.19.1.0
Target DLL:      STLink\ST-LINKIII-KEIL_SWO.dll V3.0.1.0
Dialog DLL:      TARMCM1.DLL V1.14.0.0
 
<h2>Project:</h2>
C:\Google\Program_Chip_M0_code\homework_01\homework_01.uvprojx
Project File Date:  05/15/2020

<h2>Output:</h2>
*** Using Compiler 'V5.06 update 6 (build 750)', folder: 'C:\Keil_v5\ARM\ARMCC\Bin'
Rebuild target '32'
compiling colorLed_main.c...
colorLed_main.c(13): warning:  #815-D: type qualifier on return type is meaningless
  volatile uint32_t Button_GetState (void);
colorLed_main.c(34): warning:  #1-D: last line of file ends without a newline
  }
colorLed_main.c(11): warning:  #177-D: function "SetSysClock"  was declared but never referenced
  volatile static void SetSysClock(void);
colorLed_main.c: 3 warnings, 0 errors
compiling usart_user.c...
usart_user.c(111): warning:  #1-D: last line of file ends without a newline
   
usart_user.c: 1 warning, 0 errors
compiling int_main.c...
int_main.c(406): warning:  #1-D: last line of file ends without a newline
  }
int_main.c: 1 warning, 0 errors
compiling retarget_io.c...
assembling startup_stm32f072xb.s...
compiling led_main.c...
led_main.c(99): warning:  #1-D: last line of file ends without a newline
  }
led_main.c: 1 warning, 0 errors
compiling system_stm32f0xx.c...
linking...
Program Size: Code=2612 RO-data=224 RW-data=16 ZI-data=1024  
".\Objects\homework_01.axf" - 0 Error(s), 6 Warning(s).

<h2>Software Packages used:</h2>

Package Vendor: ARM
                http://www.keil.com/pack/ARM.CMSIS.5.3.0.pack
                ARM.CMSIS.5.3.0
                CMSIS (Cortex Microcontroller Software Interface Standard)
   * Component: CORE Version: 5.1.1

Package Vendor: Keil
                http://www.keil.com/pack/Keil.ARM_Compiler.1.4.0.pack
                Keil.ARM_Compiler.1.4.0
                Keil ARM Compiler extensions for ARM Compiler 5 and ARM Compiler 6
   * Component: STDOUT Variant: User Version: 1.4.0

Package Vendor: Keil
                http://www.keil.com/pack/Keil.STM32F0xx_DFP.1.5.0.pack
                Keil.STM32F0xx_DFP.1.5.0
                STMicroelectronics STM32F0 Series Device Support and Examples
   * Component: Startup Version: 2.2.3

<h2>Collection of Component include folders:</h2>
  .\RTE\_32
  C:\Keil_v5\ARM\PACK\ARM\CMSIS\5.3.0\CMSIS\Include
  C:\Keil_v5\ARM\PACK\Keil\STM32F0xx_DFP\1.5.0\Device\Include

<h2>Collection of Component Files used:</h2>

   * Component: ARM::CMSIS:CORE:5.1.1

   * Component: Keil.ARM Compiler::Compiler:I/O:STDOUT:User:1.4.0
      Source file:   Template\stdout_display.c
      Source file:   Template\stdout_user.c
      Source file:   Template\stdout_USART.c
      Source file:   Source\retarget_io.c

   * Component: Keil::Device:Startup:2.2.3
      Source file:   Device\Source\system_stm32f0xx.c
      Source file:   Device\Source\ARM\STM32F0xx_OPT.s
      Source file:   Device\Source\ARM\startup_stm32f072xb.s
Build Time Elapsed:  00:00:02
</pre>
</body>
</html>
