Component: ARM Compiler 5.06 update 6 (build 750) Tool: armlink [4d35ed]

==============================================================================

Section Cross References

    main.o(i.Config_PB2) refers to main.o(i.__NVIC_SetPriority) for __NVIC_SetPriority
    main.o(i.Config_PB2) refers to main.o(i.__NVIC_EnableIRQ) for __NVIC_EnableIRQ
    main.o(i.Config_Timer6) refers to main.o(i.__NVIC_SetPriority) for __NVIC_SetPriority
    main.o(i.Config_Timer6) refers to main.o(i.__NVIC_EnableIRQ) for __NVIC_EnableIRQ
    main.o(i.Delay) refers to main.o(.data) for msTicks
    main.o(i.EXTI2_3_IRQHandler) refers to printf1.o(i.__0printf$1) for __2printf
    main.o(i.EXTI2_3_IRQHandler) refers to dfltui.o(.text) for __aeabi_ui2d
    main.o(i.EXTI2_3_IRQHandler) refers to dmul.o(.text) for __aeabi_dmul
    main.o(i.EXTI2_3_IRQHandler) refers to dfixui.o(.text) for __aeabi_d2uiz
    main.o(i.EXTI2_3_IRQHandler) refers to main.o(.data) for TIM6_Ticks
    main.o(i.SetSysClock) refers to system_stm32f0xx.o(.data) for SystemCoreClock
    main.o(i.SysTick_Handler) refers to main.o(.data) for msTicks
    main.o(i.TIM6_DAC_IRQHandler) refers to main.o(.data) for TIM6_Ticks
    main.o(i.main) refers to main.o(i.SetSysClock) for SetSysClock
    main.o(i.main) refers to usart_user.o(i.stdout_init) for stdout_init
    main.o(i.main) refers to uidiv.o(.text) for __aeabi_uidivmod
    main.o(i.main) refers to main.o(i.__NVIC_SetPriority) for __NVIC_SetPriority
    main.o(i.main) refers to main.o(i.Config_PB2) for Config_PB2
    main.o(i.main) refers to main.o(i.Config_Timer6) for Config_Timer6
    main.o(i.main) refers to main.o(i.PA5_init) for PA5_init
    main.o(i.main) refers to main.o(i.PA5_on) for PA5_on
    main.o(i.main) refers to main.o(i.Delay) for Delay
    main.o(i.main) refers to main.o(i.PA5_off) for PA5_off
    main.o(i.main) refers to system_stm32f0xx.o(.data) for SystemCoreClock
    retarget_io.o(i.__aeabi_assert) refers to fputs.o(i.fputs) for fputs
    retarget_io.o(i.__aeabi_assert) refers to idiv.o(.text) for __aeabi_idivmod
    retarget_io.o(i.__aeabi_assert) refers to retarget_io.o(i.abort) for abort
    retarget_io.o(i.__aeabi_assert) refers to stderr.o(.data) for __stderr
    retarget_io.o(i.fputc) refers to usart_user.o(i.stdout_putchar) for stdout_putchar
    retarget_io.o(i.fputc) refers to stdout.o(.data) for __stdout
    startup_stm32f072xb.o(RESET) refers to startup_stm32f072xb.o(STACK) for __initial_sp
    startup_stm32f072xb.o(RESET) refers to startup_stm32f072xb.o(.text) for Reset_Handler
    startup_stm32f072xb.o(RESET) refers to main.o(i.SysTick_Handler) for SysTick_Handler
    startup_stm32f072xb.o(RESET) refers to main.o(i.EXTI2_3_IRQHandler) for EXTI2_3_IRQHandler
    startup_stm32f072xb.o(RESET) refers to main.o(i.TIM6_DAC_IRQHandler) for TIM6_DAC_IRQHandler
    startup_stm32f072xb.o(.text) refers to system_stm32f0xx.o(i.SystemInit) for SystemInit
    startup_stm32f072xb.o(.text) refers to entry.o(.ARM.Collect$$$$00000000) for __main
    system_stm32f0xx.o(i.SystemCoreClockUpdate) refers to uidiv.o(.text) for __aeabi_uidivmod
    system_stm32f0xx.o(i.SystemCoreClockUpdate) refers to system_stm32f0xx.o(.data) for SystemCoreClock
    system_stm32f0xx.o(i.SystemCoreClockUpdate) refers to system_stm32f0xx.o(.constdata) for AHBPrescTable
    entry.o(.ARM.Collect$$$$00000000) refers (Special) to entry10a.o(.ARM.Collect$$$$0000000D) for __rt_final_cpp
    entry.o(.ARM.Collect$$$$00000000) refers (Special) to entry11a.o(.ARM.Collect$$$$0000000F) for __rt_final_exit
    entry.o(.ARM.Collect$$$$00000000) refers (Special) to entry7b.o(.ARM.Collect$$$$00000008) for _main_clock
    entry.o(.ARM.Collect$$$$00000000) refers (Special) to entry8b.o(.ARM.Collect$$$$0000000A) for _main_cpp_init
    entry.o(.ARM.Collect$$$$00000000) refers (Special) to entry9a.o(.ARM.Collect$$$$0000000B) for _main_init
    entry.o(.ARM.Collect$$$$00000000) refers (Special) to entry5.o(.ARM.Collect$$$$00000004) for _main_scatterload
    entry.o(.ARM.Collect$$$$00000000) refers (Special) to entry2.o(.ARM.Collect$$$$00000001) for _main_stk
    fputs.o(i.fputs) refers to retarget_io.o(i.fputc) for fputc
    fputs_e.o(.text) refers to retarget_io.o(i.fputc) for fputc
    idiv.o(.text) refers to uidiv.o(.text) for __aeabi_uidivmod
    printfb.o(i.__0fprintf$bare) refers to printfb.o(i._printf_core) for _printf_core
    printfb.o(i.__0fprintf$bare) refers to retarget_io.o(i.fputc) for fputc
    printfb.o(i.__0printf$bare) refers to printfb.o(i._printf_core) for _printf_core
    printfb.o(i.__0printf$bare) refers to retarget_io.o(i.fputc) for fputc
    printfb.o(i.__0printf$bare) refers to stdout.o(.data) for __stdout
    printfb.o(i.__0snprintf$bare) refers to printfb.o(i._printf_core) for _printf_core
    printfb.o(i.__0snprintf$bare) refers to printfb.o(i._snputc) for _snputc
    printfb.o(i.__0sprintf$bare) refers to printfb.o(i._printf_core) for _printf_core
    printfb.o(i.__0sprintf$bare) refers to printfb.o(i._sputc) for _sputc
    printfb.o(i.__0vfprintf$bare) refers to printfb.o(i._printf_core) for _printf_core
    printfb.o(i.__0vfprintf$bare) refers to retarget_io.o(i.fputc) for fputc
    printfb.o(i.__0vprintf$bare) refers to printfb.o(i._printf_core) for _printf_core
    printfb.o(i.__0vprintf$bare) refers to retarget_io.o(i.fputc) for fputc
    printfb.o(i.__0vprintf$bare) refers to stdout.o(.data) for __stdout
    printfb.o(i.__0vsnprintf$bare) refers to printfb.o(i._printf_core) for _printf_core
    printfb.o(i.__0vsnprintf$bare) refers to printfb.o(i._snputc) for _snputc
    printfb.o(i.__0vsprintf$bare) refers to printfb.o(i._printf_core) for _printf_core
    printfb.o(i.__0vsprintf$bare) refers to printfb.o(i._sputc) for _sputc
    printf0.o(i.__0fprintf$0) refers to printf0.o(i._printf_core) for _printf_core
    printf0.o(i.__0fprintf$0) refers to retarget_io.o(i.fputc) for fputc
    printf0.o(i.__0printf$0) refers to printf0.o(i._printf_core) for _printf_core
    printf0.o(i.__0printf$0) refers to retarget_io.o(i.fputc) for fputc
    printf0.o(i.__0printf$0) refers to stdout.o(.data) for __stdout
    printf0.o(i.__0snprintf$0) refers to printf0.o(i._printf_core) for _printf_core
    printf0.o(i.__0snprintf$0) refers to printf0.o(i._snputc) for _snputc
    printf0.o(i.__0sprintf$0) refers to printf0.o(i._printf_core) for _printf_core
    printf0.o(i.__0sprintf$0) refers to printf0.o(i._sputc) for _sputc
    printf0.o(i.__0vfprintf$0) refers to printf0.o(i._printf_core) for _printf_core
    printf0.o(i.__0vfprintf$0) refers to retarget_io.o(i.fputc) for fputc
    printf0.o(i.__0vprintf$0) refers to printf0.o(i._printf_core) for _printf_core
    printf0.o(i.__0vprintf$0) refers to retarget_io.o(i.fputc) for fputc
    printf0.o(i.__0vprintf$0) refers to stdout.o(.data) for __stdout
    printf0.o(i.__0vsnprintf$0) refers to printf0.o(i._printf_core) for _printf_core
    printf0.o(i.__0vsnprintf$0) refers to printf0.o(i._snputc) for _snputc
    printf0.o(i.__0vsprintf$0) refers to printf0.o(i._printf_core) for _printf_core
    printf0.o(i.__0vsprintf$0) refers to printf0.o(i._sputc) for _sputc
    printf1.o(i.__0fprintf$1) refers to printf1.o(i._printf_core) for _printf_core
    printf1.o(i.__0fprintf$1) refers to retarget_io.o(i.fputc) for fputc
    printf1.o(i.__0printf$1) refers to printf1.o(i._printf_core) for _printf_core
    printf1.o(i.__0printf$1) refers to retarget_io.o(i.fputc) for fputc
    printf1.o(i.__0printf$1) refers to stdout.o(.data) for __stdout
    printf1.o(i.__0snprintf$1) refers to printf1.o(i._printf_core) for _printf_core
    printf1.o(i.__0snprintf$1) refers to printf1.o(i._snputc) for _snputc
    printf1.o(i.__0sprintf$1) refers to printf1.o(i._printf_core) for _printf_core
    printf1.o(i.__0sprintf$1) refers to printf1.o(i._sputc) for _sputc
    printf1.o(i.__0vfprintf$1) refers to printf1.o(i._printf_core) for _printf_core
    printf1.o(i.__0vfprintf$1) refers to retarget_io.o(i.fputc) for fputc
    printf1.o(i.__0vprintf$1) refers to printf1.o(i._printf_core) for _printf_core
    printf1.o(i.__0vprintf$1) refers to retarget_io.o(i.fputc) for fputc
    printf1.o(i.__0vprintf$1) refers to stdout.o(.data) for __stdout
    printf1.o(i.__0vsnprintf$1) refers to printf1.o(i._printf_core) for _printf_core
    printf1.o(i.__0vsnprintf$1) refers to printf1.o(i._snputc) for _snputc
    printf1.o(i.__0vsprintf$1) refers to printf1.o(i._printf_core) for _printf_core
    printf1.o(i.__0vsprintf$1) refers to printf1.o(i._sputc) for _sputc
    printf1.o(i._printf_core) refers to uidiv.o(.text) for __aeabi_uidivmod
    printf2.o(i.__0fprintf$2) refers to printf2.o(i._printf_core) for _printf_core
    printf2.o(i.__0fprintf$2) refers to retarget_io.o(i.fputc) for fputc
    printf2.o(i.__0printf$2) refers to printf2.o(i._printf_core) for _printf_core
    printf2.o(i.__0printf$2) refers to retarget_io.o(i.fputc) for fputc
    printf2.o(i.__0printf$2) refers to stdout.o(.data) for __stdout
    printf2.o(i.__0snprintf$2) refers to printf2.o(i._printf_core) for _printf_core
    printf2.o(i.__0snprintf$2) refers to printf2.o(i._snputc) for _snputc
    printf2.o(i.__0sprintf$2) refers to printf2.o(i._printf_core) for _printf_core
    printf2.o(i.__0sprintf$2) refers to printf2.o(i._sputc) for _sputc
    printf2.o(i.__0vfprintf$2) refers to printf2.o(i._printf_core) for _printf_core
    printf2.o(i.__0vfprintf$2) refers to retarget_io.o(i.fputc) for fputc
    printf2.o(i.__0vprintf$2) refers to printf2.o(i._printf_core) for _printf_core
    printf2.o(i.__0vprintf$2) refers to retarget_io.o(i.fputc) for fputc
    printf2.o(i.__0vprintf$2) refers to stdout.o(.data) for __stdout
    printf2.o(i.__0vsnprintf$2) refers to printf2.o(i._printf_core) for _printf_core
    printf2.o(i.__0vsnprintf$2) refers to printf2.o(i._snputc) for _snputc
    printf2.o(i.__0vsprintf$2) refers to printf2.o(i._printf_core) for _printf_core
    printf2.o(i.__0vsprintf$2) refers to printf2.o(i._sputc) for _sputc
    printf3.o(i.__0fprintf$3) refers to printf3.o(i._printf_core) for _printf_core
    printf3.o(i.__0fprintf$3) refers to retarget_io.o(i.fputc) for fputc
    printf3.o(i.__0printf$3) refers to printf3.o(i._printf_core) for _printf_core
    printf3.o(i.__0printf$3) refers to retarget_io.o(i.fputc) for fputc
    printf3.o(i.__0printf$3) refers to stdout.o(.data) for __stdout
    printf3.o(i.__0snprintf$3) refers to printf3.o(i._printf_core) for _printf_core
    printf3.o(i.__0snprintf$3) refers to printf3.o(i._snputc) for _snputc
    printf3.o(i.__0sprintf$3) refers to printf3.o(i._printf_core) for _printf_core
    printf3.o(i.__0sprintf$3) refers to printf3.o(i._sputc) for _sputc
    printf3.o(i.__0vfprintf$3) refers to printf3.o(i._printf_core) for _printf_core
    printf3.o(i.__0vfprintf$3) refers to retarget_io.o(i.fputc) for fputc
    printf3.o(i.__0vprintf$3) refers to printf3.o(i._printf_core) for _printf_core
    printf3.o(i.__0vprintf$3) refers to retarget_io.o(i.fputc) for fputc
    printf3.o(i.__0vprintf$3) refers to stdout.o(.data) for __stdout
    printf3.o(i.__0vsnprintf$3) refers to printf3.o(i._printf_core) for _printf_core
    printf3.o(i.__0vsnprintf$3) refers to printf3.o(i._snputc) for _snputc
    printf3.o(i.__0vsprintf$3) refers to printf3.o(i._printf_core) for _printf_core
    printf3.o(i.__0vsprintf$3) refers to printf3.o(i._sputc) for _sputc
    printf3.o(i._printf_core) refers to uidiv.o(.text) for __aeabi_uidivmod
    printf4.o(i.__0fprintf$4) refers to printf4.o(i._printf_core) for _printf_core
    printf4.o(i.__0fprintf$4) refers to retarget_io.o(i.fputc) for fputc
    printf4.o(i.__0printf$4) refers to printf4.o(i._printf_core) for _printf_core
    printf4.o(i.__0printf$4) refers to retarget_io.o(i.fputc) for fputc
    printf4.o(i.__0printf$4) refers to stdout.o(.data) for __stdout
    printf4.o(i.__0snprintf$4) refers to printf4.o(i._printf_core) for _printf_core
    printf4.o(i.__0snprintf$4) refers to printf4.o(i._snputc) for _snputc
    printf4.o(i.__0sprintf$4) refers to printf4.o(i._printf_core) for _printf_core
    printf4.o(i.__0sprintf$4) refers to printf4.o(i._sputc) for _sputc
    printf4.o(i.__0vfprintf$4) refers to printf4.o(i._printf_core) for _printf_core
    printf4.o(i.__0vfprintf$4) refers to retarget_io.o(i.fputc) for fputc
    printf4.o(i.__0vprintf$4) refers to printf4.o(i._printf_core) for _printf_core
    printf4.o(i.__0vprintf$4) refers to retarget_io.o(i.fputc) for fputc
    printf4.o(i.__0vprintf$4) refers to stdout.o(.data) for __stdout
    printf4.o(i.__0vsnprintf$4) refers to printf4.o(i._printf_core) for _printf_core
    printf4.o(i.__0vsnprintf$4) refers to printf4.o(i._snputc) for _snputc
    printf4.o(i.__0vsprintf$4) refers to printf4.o(i._printf_core) for _printf_core
    printf4.o(i.__0vsprintf$4) refers to printf4.o(i._sputc) for _sputc
    printf4.o(i._printf_core) refers to uldiv.o(.text) for __aeabi_uldivmod
    printf5.o(i.__0fprintf$5) refers to printf5.o(i._printf_core) for _printf_core
    printf5.o(i.__0fprintf$5) refers to retarget_io.o(i.fputc) for fputc
    printf5.o(i.__0printf$5) refers to printf5.o(i._printf_core) for _printf_core
    printf5.o(i.__0printf$5) refers to retarget_io.o(i.fputc) for fputc
    printf5.o(i.__0printf$5) refers to stdout.o(.data) for __stdout
    printf5.o(i.__0snprintf$5) refers to printf5.o(i._printf_core) for _printf_core
    printf5.o(i.__0snprintf$5) refers to printf5.o(i._snputc) for _snputc
    printf5.o(i.__0sprintf$5) refers to printf5.o(i._printf_core) for _printf_core
    printf5.o(i.__0sprintf$5) refers to printf5.o(i._sputc) for _sputc
    printf5.o(i.__0vfprintf$5) refers to printf5.o(i._printf_core) for _printf_core
    printf5.o(i.__0vfprintf$5) refers to retarget_io.o(i.fputc) for fputc
    printf5.o(i.__0vprintf$5) refers to printf5.o(i._printf_core) for _printf_core
    printf5.o(i.__0vprintf$5) refers to retarget_io.o(i.fputc) for fputc
    printf5.o(i.__0vprintf$5) refers to stdout.o(.data) for __stdout
    printf5.o(i.__0vsnprintf$5) refers to printf5.o(i._printf_core) for _printf_core
    printf5.o(i.__0vsnprintf$5) refers to printf5.o(i._snputc) for _snputc
    printf5.o(i.__0vsprintf$5) refers to printf5.o(i._printf_core) for _printf_core
    printf5.o(i.__0vsprintf$5) refers to printf5.o(i._sputc) for _sputc
    printf5.o(i._printf_core) refers to uldiv.o(.text) for __aeabi_uldivmod
    printf6.o(i.__0fprintf$6) refers to printf6.o(i._printf_core) for _printf_core
    printf6.o(i.__0fprintf$6) refers to retarget_io.o(i.fputc) for fputc
    printf6.o(i.__0printf$6) refers to printf6.o(i._printf_core) for _printf_core
    printf6.o(i.__0printf$6) refers to retarget_io.o(i.fputc) for fputc
    printf6.o(i.__0printf$6) refers to stdout.o(.data) for __stdout
    printf6.o(i.__0snprintf$6) refers to printf6.o(i._printf_core) for _printf_core
    printf6.o(i.__0snprintf$6) refers to printf6.o(i._snputc) for _snputc
    printf6.o(i.__0sprintf$6) refers to printf6.o(i._printf_core) for _printf_core
    printf6.o(i.__0sprintf$6) refers to printf6.o(i._sputc) for _sputc
    printf6.o(i.__0vfprintf$6) refers to printf6.o(i._printf_core) for _printf_core
    printf6.o(i.__0vfprintf$6) refers to retarget_io.o(i.fputc) for fputc
    printf6.o(i.__0vprintf$6) refers to printf6.o(i._printf_core) for _printf_core
    printf6.o(i.__0vprintf$6) refers to retarget_io.o(i.fputc) for fputc
    printf6.o(i.__0vprintf$6) refers to stdout.o(.data) for __stdout
    printf6.o(i.__0vsnprintf$6) refers to printf6.o(i._printf_core) for _printf_core
    printf6.o(i.__0vsnprintf$6) refers to printf6.o(i._snputc) for _snputc
    printf6.o(i.__0vsprintf$6) refers to printf6.o(i._printf_core) for _printf_core
    printf6.o(i.__0vsprintf$6) refers to printf6.o(i._sputc) for _sputc
    printf6.o(i._printf_core) refers to printf6.o(i._printf_pre_padding) for _printf_pre_padding
    printf6.o(i._printf_core) refers to printf6.o(i._printf_post_padding) for _printf_post_padding
    printf6.o(i._printf_core) refers to uidiv.o(.text) for __aeabi_uidivmod
    printf7.o(i.__0fprintf$7) refers to printf7.o(i._printf_core) for _printf_core
    printf7.o(i.__0fprintf$7) refers to retarget_io.o(i.fputc) for fputc
    printf7.o(i.__0printf$7) refers to printf7.o(i._printf_core) for _printf_core
    printf7.o(i.__0printf$7) refers to retarget_io.o(i.fputc) for fputc
    printf7.o(i.__0printf$7) refers to stdout.o(.data) for __stdout
    printf7.o(i.__0snprintf$7) refers to printf7.o(i._printf_core) for _printf_core
    printf7.o(i.__0snprintf$7) refers to printf7.o(i._snputc) for _snputc
    printf7.o(i.__0sprintf$7) refers to printf7.o(i._printf_core) for _printf_core
    printf7.o(i.__0sprintf$7) refers to printf7.o(i._sputc) for _sputc
    printf7.o(i.__0vfprintf$7) refers to printf7.o(i._printf_core) for _printf_core
    printf7.o(i.__0vfprintf$7) refers to retarget_io.o(i.fputc) for fputc
    printf7.o(i.__0vprintf$7) refers to printf7.o(i._printf_core) for _printf_core
    printf7.o(i.__0vprintf$7) refers to retarget_io.o(i.fputc) for fputc
    printf7.o(i.__0vprintf$7) refers to stdout.o(.data) for __stdout
    printf7.o(i.__0vsnprintf$7) refers to printf7.o(i._printf_core) for _printf_core
    printf7.o(i.__0vsnprintf$7) refers to printf7.o(i._snputc) for _snputc
    printf7.o(i.__0vsprintf$7) refers to printf7.o(i._printf_core) for _printf_core
    printf7.o(i.__0vsprintf$7) refers to printf7.o(i._sputc) for _sputc
    printf7.o(i._printf_core) refers to printf7.o(i._printf_pre_padding) for _printf_pre_padding
    printf7.o(i._printf_core) refers to printf7.o(i._printf_post_padding) for _printf_post_padding
    printf7.o(i._printf_core) refers to uldiv.o(.text) for __aeabi_uldivmod
    printf8.o(i.__0fprintf$8) refers to printf8.o(i._printf_core) for _printf_core
    printf8.o(i.__0fprintf$8) refers to retarget_io.o(i.fputc) for fputc
    printf8.o(i.__0printf$8) refers to printf8.o(i._printf_core) for _printf_core
    printf8.o(i.__0printf$8) refers to retarget_io.o(i.fputc) for fputc
    printf8.o(i.__0printf$8) refers to stdout.o(.data) for __stdout
    printf8.o(i.__0snprintf$8) refers to printf8.o(i._printf_core) for _printf_core
    printf8.o(i.__0snprintf$8) refers to printf8.o(i._snputc) for _snputc
    printf8.o(i.__0sprintf$8) refers to printf8.o(i._printf_core) for _printf_core
    printf8.o(i.__0sprintf$8) refers to printf8.o(i._sputc) for _sputc
    printf8.o(i.__0vfprintf$8) refers to printf8.o(i._printf_core) for _printf_core
    printf8.o(i.__0vfprintf$8) refers to retarget_io.o(i.fputc) for fputc
    printf8.o(i.__0vprintf$8) refers to printf8.o(i._printf_core) for _printf_core
    printf8.o(i.__0vprintf$8) refers to retarget_io.o(i.fputc) for fputc
    printf8.o(i.__0vprintf$8) refers to stdout.o(.data) for __stdout
    printf8.o(i.__0vsnprintf$8) refers to printf8.o(i._printf_core) for _printf_core
    printf8.o(i.__0vsnprintf$8) refers to printf8.o(i._snputc) for _snputc
    printf8.o(i.__0vsprintf$8) refers to printf8.o(i._printf_core) for _printf_core
    printf8.o(i.__0vsprintf$8) refers to printf8.o(i._sputc) for _sputc
    printf8.o(i._printf_core) refers to printf8.o(i._printf_pre_padding) for _printf_pre_padding
    printf8.o(i._printf_core) refers to printf8.o(i._printf_post_padding) for _printf_post_padding
    printf8.o(i._printf_core) refers to uldiv.o(.text) for __aeabi_uldivmod
    printfa.o(i.__0fprintf) refers (Special) to iusefp.o(.text) for __I$use$fp
    printfa.o(i.__0fprintf) refers to printfa.o(i._printf_core) for _printf_core
    printfa.o(i.__0fprintf) refers to retarget_io.o(i.fputc) for fputc
    printfa.o(i.__0printf) refers (Special) to iusefp.o(.text) for __I$use$fp
    printfa.o(i.__0printf) refers to printfa.o(i._printf_core) for _printf_core
    printfa.o(i.__0printf) refers to retarget_io.o(i.fputc) for fputc
    printfa.o(i.__0printf) refers to stdout.o(.data) for __stdout
    printfa.o(i.__0snprintf) refers (Special) to iusefp.o(.text) for __I$use$fp
    printfa.o(i.__0snprintf) refers to printfa.o(i._printf_core) for _printf_core
    printfa.o(i.__0snprintf) refers to printfa.o(i._snputc) for _snputc
    printfa.o(i.__0sprintf) refers (Special) to iusefp.o(.text) for __I$use$fp
    printfa.o(i.__0sprintf) refers to printfa.o(i._printf_core) for _printf_core
    printfa.o(i.__0sprintf) refers to printfa.o(i._sputc) for _sputc
    printfa.o(i.__0vfprintf) refers (Special) to iusefp.o(.text) for __I$use$fp
    printfa.o(i.__0vfprintf) refers to printfa.o(i._printf_core) for _printf_core
    printfa.o(i.__0vfprintf) refers to retarget_io.o(i.fputc) for fputc
    printfa.o(i.__0vprintf) refers (Special) to iusefp.o(.text) for __I$use$fp
    printfa.o(i.__0vprintf) refers to printfa.o(i._printf_core) for _printf_core
    printfa.o(i.__0vprintf) refers to retarget_io.o(i.fputc) for fputc
    printfa.o(i.__0vprintf) refers to stdout.o(.data) for __stdout
    printfa.o(i.__0vsnprintf) refers (Special) to iusefp.o(.text) for __I$use$fp
    printfa.o(i.__0vsnprintf) refers to printfa.o(i._printf_core) for _printf_core
    printfa.o(i.__0vsnprintf) refers to printfa.o(i._snputc) for _snputc
    printfa.o(i.__0vsprintf) refers (Special) to iusefp.o(.text) for __I$use$fp
    printfa.o(i.__0vsprintf) refers to printfa.o(i._printf_core) for _printf_core
    printfa.o(i.__0vsprintf) refers to printfa.o(i._sputc) for _sputc
    printfa.o(i._fp_digits) refers (Special) to iusefp.o(.text) for __I$use$fp
    printfa.o(i._fp_digits) refers to dmul.o(.text) for __aeabi_dmul
    printfa.o(i._fp_digits) refers to ddiv.o(.text) for __aeabi_ddiv
    printfa.o(i._fp_digits) refers to cdrcmple.o(.text) for __aeabi_cdrcmple
    printfa.o(i._fp_digits) refers to dadd.o(.text) for __aeabi_dadd
    printfa.o(i._fp_digits) refers to dfixul.o(.text) for __aeabi_d2ulz
    printfa.o(i._fp_digits) refers to uldiv.o(.text) for __aeabi_uldivmod
    printfa.o(i._printf_core) refers (Special) to iusefp.o(.text) for __I$use$fp
    printfa.o(i._printf_core) refers to printfa.o(i._printf_pre_padding) for _printf_pre_padding
    printfa.o(i._printf_core) refers to uldiv.o(.text) for __aeabi_uldivmod
    printfa.o(i._printf_core) refers to printfa.o(i._printf_post_padding) for _printf_post_padding
    printfa.o(i._printf_core) refers to printfa.o(i._fp_digits) for _fp_digits
    printfa.o(i._printf_core) refers to uidiv.o(.text) for __aeabi_uidivmod
    printfa.o(i._printf_post_padding) refers (Special) to iusefp.o(.text) for __I$use$fp
    printfa.o(i._printf_pre_padding) refers (Special) to iusefp.o(.text) for __I$use$fp
    printfa.o(i._snputc) refers (Special) to iusefp.o(.text) for __I$use$fp
    printfa.o(i._sputc) refers (Special) to iusefp.o(.text) for __I$use$fp
    dmul.o(.text) refers (Special) to iusefp.o(.text) for __I$use$fp
    dmul.o(.text) refers to depilogue.o(.text) for _double_epilogue
    dfltui.o(.text) refers (Special) to iusefp.o(.text) for __I$use$fp
    dfltui.o(.text) refers to depilogue.o(.text) for _double_epilogue
    dfixui.o(.text) refers (Special) to iusefp.o(.text) for __I$use$fp
    dfixui.o(.text) refers to llushr.o(.text) for __aeabi_llsr
    entry2.o(.ARM.Collect$$$$00000001) refers to entry2.o(.ARM.Collect$$$$00002712) for __lit__00000000
    entry2.o(.ARM.Collect$$$$00002712) refers to startup_stm32f072xb.o(STACK) for __initial_sp
    entry2.o(__vectab_stack_and_reset_area) refers to startup_stm32f072xb.o(STACK) for __initial_sp
    entry2.o(__vectab_stack_and_reset_area) refers to entry.o(.ARM.Collect$$$$00000000) for __main
    entry5.o(.ARM.Collect$$$$00000004) refers to init.o(.text) for __scatterload
    entry9a.o(.ARM.Collect$$$$0000000B) refers to main.o(i.main) for main
    entry9b.o(.ARM.Collect$$$$0000000C) refers to main.o(i.main) for main
    uldiv.o(.text) refers to llushr.o(.text) for __aeabi_llsr
    uldiv.o(.text) refers to llshl.o(.text) for __aeabi_llsl
    depilogue.o(.text) refers to depilogue.o(i.__ARM_clz) for __ARM_clz
    depilogue.o(.text) refers to llshl.o(.text) for __aeabi_llsl
    depilogue.o(.text) refers to llushr.o(.text) for __aeabi_llsr
    dadd.o(.text) refers to llshl.o(.text) for __aeabi_llsl
    dadd.o(.text) refers to llsshr.o(.text) for __aeabi_lasr
    dadd.o(.text) refers to depilogue.o(.text) for _double_epilogue
    ddiv.o(.text) refers to depilogue.o(.text) for _double_round
    dfixul.o(.text) refers to llushr.o(.text) for __aeabi_llsr
    dfixul.o(.text) refers to llshl.o(.text) for __aeabi_llsl
    init.o(.text) refers to entry5.o(.ARM.Collect$$$$00000004) for __main_after_scatterload


==============================================================================

Removing Unused input sections from the image.

    Removing main.o(.rev16_text), (4 bytes).
    Removing main.o(.revsh_text), (4 bytes).
    Removing main.o(i.Button_GetState), (28 bytes).
    Removing main.o(i.Button_Init), (40 bytes).
    Removing usart_user.o(.rev16_text), (4 bytes).
    Removing usart_user.o(.revsh_text), (4 bytes).
    Removing usart_user.o(i.stdin_getchar), (2 bytes).
    Removing usart_user.o(i.stdin_init), (2 bytes).
    Removing retarget_io.o(i.__aeabi_assert), (156 bytes).
    Removing retarget_io.o(i.__backspace), (8 bytes).
    Removing retarget_io.o(i.abort), (4 bytes).
    Removing retarget_io.o(i.fgetc), (8 bytes).
    Removing startup_stm32f072xb.o(HEAP), (512 bytes).
    Removing system_stm32f0xx.o(.rev16_text), (4 bytes).
    Removing system_stm32f0xx.o(.revsh_text), (4 bytes).
    Removing system_stm32f0xx.o(i.SystemCoreClockUpdate), (208 bytes).
    Removing system_stm32f0xx.o(.constdata), (16 bytes).
    Removing dadd.o(.text), (356 bytes).
    Removing ddiv.o(.text), (240 bytes).
    Removing dfixul.o(.text), (64 bytes).
    Removing cdrcmple.o(.text), (40 bytes).

21 unused section(s) (total 1708 bytes) removed from the image.

==============================================================================

Image Symbol Table

    Local Symbols

    Symbol Name                              Value     Ov Type        Size  Object(Section)

    ../clib/microlib/division.c              0x00000000   Number         0  uidiv.o ABSOLUTE
    ../clib/microlib/division.c              0x00000000   Number         0  idiv.o ABSOLUTE
    ../clib/microlib/division.c              0x00000000   Number         0  uldiv.o ABSOLUTE
    ../clib/microlib/init/entry.s            0x00000000   Number         0  entry10a.o ABSOLUTE
    ../clib/microlib/init/entry.s            0x00000000   Number         0  entry8a.o ABSOLUTE
    ../clib/microlib/init/entry.s            0x00000000   Number         0  entry8b.o ABSOLUTE
    ../clib/microlib/init/entry.s            0x00000000   Number         0  entry9a.o ABSOLUTE
    ../clib/microlib/init/entry.s            0x00000000   Number         0  entry5.o ABSOLUTE
    ../clib/microlib/init/entry.s            0x00000000   Number         0  entry9b.o ABSOLUTE
    ../clib/microlib/init/entry.s            0x00000000   Number         0  entry2.o ABSOLUTE
    ../clib/microlib/init/entry.s            0x00000000   Number         0  entry11b.o ABSOLUTE
    ../clib/microlib/init/entry.s            0x00000000   Number         0  entry11a.o ABSOLUTE
    ../clib/microlib/init/entry.s            0x00000000   Number         0  entry10b.o ABSOLUTE
    ../clib/microlib/init/entry.s            0x00000000   Number         0  entry7b.o ABSOLUTE
    ../clib/microlib/init/entry.s            0x00000000   Number         0  entry7a.o ABSOLUTE
    ../clib/microlib/init/entry.s            0x00000000   Number         0  entry.o ABSOLUTE
    ../clib/microlib/longlong.c              0x00000000   Number         0  llsshr.o ABSOLUTE
    ../clib/microlib/longlong.c              0x00000000   Number         0  llshl.o ABSOLUTE
    ../clib/microlib/longlong.c              0x00000000   Number         0  llushr.o ABSOLUTE
    ../clib/microlib/printf/printf.c         0x00000000   Number         0  printf8.o ABSOLUTE
    ../clib/microlib/printf/printf.c         0x00000000   Number         0  printf5.o ABSOLUTE
    ../clib/microlib/printf/printf.c         0x00000000   Number         0  printf0.o ABSOLUTE
    ../clib/microlib/printf/printf.c         0x00000000   Number         0  printfb.o ABSOLUTE
    ../clib/microlib/printf/printf.c         0x00000000   Number         0  printf4.o ABSOLUTE
    ../clib/microlib/printf/printf.c         0x00000000   Number         0  printf3.o ABSOLUTE
    ../clib/microlib/printf/printf.c         0x00000000   Number         0  printf2.o ABSOLUTE
    ../clib/microlib/printf/printf.c         0x00000000   Number         0  printf6.o ABSOLUTE
    ../clib/microlib/printf/printf.c         0x00000000   Number         0  printfa.o ABSOLUTE
    ../clib/microlib/printf/printf.c         0x00000000   Number         0  printf7.o ABSOLUTE
    ../clib/microlib/printf/printf.c         0x00000000   Number         0  printf1.o ABSOLUTE
    ../clib/microlib/printf/stubs.s          0x00000000   Number         0  stubs.o ABSOLUTE
    ../clib/microlib/stdio/fputs.c           0x00000000   Number         0  fputs_e.o ABSOLUTE
    ../clib/microlib/stdio/fputs.c           0x00000000   Number         0  fputs.o ABSOLUTE
    ../clib/microlib/stdio/streams.c         0x00000000   Number         0  stderr.o ABSOLUTE
    ../clib/microlib/stdio/streams.c         0x00000000   Number         0  stdout.o ABSOLUTE
    ../clib/microlib/stubs.s                 0x00000000   Number         0  iusefp.o ABSOLUTE
    ../fplib/microlib/fpadd.c                0x00000000   Number         0  dadd.o ABSOLUTE
    ../fplib/microlib/fpdiv.c                0x00000000   Number         0  ddiv.o ABSOLUTE
    ../fplib/microlib/fpepilogue.c           0x00000000   Number         0  depilogue.o ABSOLUTE
    ../fplib/microlib/fpfix.c                0x00000000   Number         0  dfixul.o ABSOLUTE
    ../fplib/microlib/fpfix.c                0x00000000   Number         0  dfixui.o ABSOLUTE
    ../fplib/microlib/fpflt.c                0x00000000   Number         0  dfltui.o ABSOLUTE
    ../fplib/microlib/fpmul.c                0x00000000   Number         0  dmul.o ABSOLUTE
    C:\Keil_v5\ARM\PACK\Keil\ARM_Compiler\1.4.0\Source\retarget_io.c 0x00000000   Number         0  retarget_io.o ABSOLUTE
    RTE\Device\STM32F072RB\startup_stm32f072xb.s 0x00000000   Number         0  startup_stm32f072xb.o ABSOLUTE
    RTE\Device\STM32F072RB\system_stm32f0xx.c 0x00000000   Number         0  system_stm32f0xx.o ABSOLUTE
    RTE\\Device\\STM32F072RB\\system_stm32f0xx.c 0x00000000   Number         0  system_stm32f0xx.o ABSOLUTE
    cdrcmple.s                               0x00000000   Number         0  cdrcmple.o ABSOLUTE
    dc.s                                     0x00000000   Number         0  dc.o ABSOLUTE
    handlers.s                               0x00000000   Number         0  handlers.o ABSOLUTE
    init.s                                   0x00000000   Number         0  init.o ABSOLUTE
    main.c                                   0x00000000   Number         0  main.o ABSOLUTE
    main.c                                   0x00000000   Number         0  main.o ABSOLUTE
    usart_user.c                             0x00000000   Number         0  usart_user.o ABSOLUTE
    usart_user.c                             0x00000000   Number         0  usart_user.o ABSOLUTE
    RESET                                    0x08000000   Section      192  startup_stm32f072xb.o(RESET)
    .ARM.Collect$$$$00000000                 0x080000c0   Section        0  entry.o(.ARM.Collect$$$$00000000)
    .ARM.Collect$$$$00000001                 0x080000c0   Section        4  entry2.o(.ARM.Collect$$$$00000001)
    .ARM.Collect$$$$00000004                 0x080000c4   Section        4  entry5.o(.ARM.Collect$$$$00000004)
    .ARM.Collect$$$$00000008                 0x080000c8   Section        0  entry7b.o(.ARM.Collect$$$$00000008)
    .ARM.Collect$$$$0000000A                 0x080000c8   Section        0  entry8b.o(.ARM.Collect$$$$0000000A)
    .ARM.Collect$$$$0000000B                 0x080000c8   Section        8  entry9a.o(.ARM.Collect$$$$0000000B)
    .ARM.Collect$$$$0000000D                 0x080000d0   Section        0  entry10a.o(.ARM.Collect$$$$0000000D)
    .ARM.Collect$$$$0000000F                 0x080000d0   Section        0  entry11a.o(.ARM.Collect$$$$0000000F)
    .ARM.Collect$$$$00002712                 0x080000d0   Section        4  entry2.o(.ARM.Collect$$$$00002712)
    __lit__00000000                          0x080000d0   Data           4  entry2.o(.ARM.Collect$$$$00002712)
    .text                                    0x080000d4   Section       28  startup_stm32f072xb.o(.text)
    .text                                    0x080000f0   Section        0  uidiv.o(.text)
    .text                                    0x0800011c   Section        0  dmul.o(.text)
    .text                                    0x080001ec   Section        0  dfltui.o(.text)
    .text                                    0x08000208   Section        0  dfixui.o(.text)
    .text                                    0x08000244   Section        0  llushr.o(.text)
    .text                                    0x08000266   Section        0  depilogue.o(.text)
    .text                                    0x08000266   Section        0  iusefp.o(.text)
    .text                                    0x08000324   Section       36  init.o(.text)
    .text                                    0x08000348   Section        0  llshl.o(.text)
    i.Config_PB2                             0x08000368   Section        0  main.o(i.Config_PB2)
    i.Config_Timer6                          0x080003fc   Section        0  main.o(i.Config_Timer6)
    i.Delay                                  0x08000450   Section        0  main.o(i.Delay)
    i.EXTI2_3_IRQHandler                     0x08000468   Section        0  main.o(i.EXTI2_3_IRQHandler)
    i.PA5_init                               0x08000510   Section        0  main.o(i.PA5_init)
    i.PA5_off                                0x08000548   Section        0  main.o(i.PA5_off)
    i.PA5_on                                 0x0800055a   Section        0  main.o(i.PA5_on)
    i.SetSysClock                            0x0800056c   Section        0  main.o(i.SetSysClock)
    SetSysClock                              0x0800056d   Thumb Code   124  main.o(i.SetSysClock)
    i.SysTick_Handler                        0x080005f8   Section        0  main.o(i.SysTick_Handler)
    i.SystemInit                             0x08000608   Section        0  system_stm32f0xx.o(i.SystemInit)
    i.TIM6_DAC_IRQHandler                    0x08000680   Section        0  main.o(i.TIM6_DAC_IRQHandler)
    i.__0printf$1                            0x080006a0   Section        0  printf1.o(i.__0printf$1)
    i.__ARM_clz                              0x080006c0   Section        0  depilogue.o(i.__ARM_clz)
    i.__NVIC_EnableIRQ                       0x080006f0   Section        0  main.o(i.__NVIC_EnableIRQ)
    __NVIC_EnableIRQ                         0x080006f1   Thumb Code    18  main.o(i.__NVIC_EnableIRQ)
    i.__NVIC_SetPriority                     0x08000708   Section        0  main.o(i.__NVIC_SetPriority)
    __NVIC_SetPriority                       0x08000709   Thumb Code   110  main.o(i.__NVIC_SetPriority)
    i.__scatterload_copy                     0x08000780   Section       14  handlers.o(i.__scatterload_copy)
    i.__scatterload_null                     0x0800078e   Section        2  handlers.o(i.__scatterload_null)
    i.__scatterload_zeroinit                 0x08000790   Section       14  handlers.o(i.__scatterload_zeroinit)
    i._printf_core                           0x080007a0   Section        0  printf1.o(i._printf_core)
    _printf_core                             0x080007a1   Thumb Code   332  printf1.o(i._printf_core)
    i.fputc                                  0x080008f0   Section        0  retarget_io.o(i.fputc)
    i.main                                   0x08000910   Section        0  main.o(i.main)
    i.stdout_init                            0x08000978   Section        0  usart_user.o(i.stdout_init)
    i.stdout_putchar                         0x080009e8   Section        0  usart_user.o(i.stdout_putchar)
    .data                                    0x20000000   Section       13  main.o(.data)
    .data                                    0x20000010   Section        4  system_stm32f0xx.o(.data)
    .data                                    0x20000014   Section        4  stdout.o(.data)
    STACK                                    0x20000018   Section     1024  startup_stm32f072xb.o(STACK)

    Global Symbols

    Symbol Name                              Value     Ov Type        Size  Object(Section)

    BuildAttributes$$THM_ISAv3M$S$PE$A:L22$X:L11$S22$IEEE1$IW$USESV6$~STKCKD$USESV7$~SHL$OSPACE$ROPI$EBA8$MICROLIB$REQ8$PRES8$EABIv2 0x00000000   Number         0  anon$$obj.o ABSOLUTE
    __ARM_use_no_argv                        0x00000000   Number         0  main.o ABSOLUTE
    _printf_a                                0x00000000   Number         0  stubs.o ABSOLUTE
    _printf_c                                0x00000000   Number         0  stubs.o ABSOLUTE
    _printf_charcount                        0x00000000   Number         0  stubs.o ABSOLUTE
    _printf_d                                0x00000000   Number         0  stubs.o ABSOLUTE
    _printf_e                                0x00000000   Number         0  stubs.o ABSOLUTE
    _printf_f                                0x00000000   Number         0  stubs.o ABSOLUTE
    _printf_flags                            0x00000000   Number         0  stubs.o ABSOLUTE
    _printf_fp_dec                           0x00000000   Number         0  stubs.o ABSOLUTE
    _printf_fp_hex                           0x00000000   Number         0  stubs.o ABSOLUTE
    _printf_g                                0x00000000   Number         0  stubs.o ABSOLUTE
    _printf_i                                0x00000000   Number         0  stubs.o ABSOLUTE
    _printf_int_dec                          0x00000000   Number         0  stubs.o ABSOLUTE
    _printf_l                                0x00000000   Number         0  stubs.o ABSOLUTE
    _printf_lc                               0x00000000   Number         0  stubs.o ABSOLUTE
    _printf_ll                               0x00000000   Number         0  stubs.o ABSOLUTE
    _printf_lld                              0x00000000   Number         0  stubs.o ABSOLUTE
    _printf_lli                              0x00000000   Number         0  stubs.o ABSOLUTE
    _printf_llo                              0x00000000   Number         0  stubs.o ABSOLUTE
    _printf_llu                              0x00000000   Number         0  stubs.o ABSOLUTE
    _printf_llx                              0x00000000   Number         0  stubs.o ABSOLUTE
    _printf_longlong_dec                     0x00000000   Number         0  stubs.o ABSOLUTE
    _printf_longlong_hex                     0x00000000   Number         0  stubs.o ABSOLUTE
    _printf_longlong_oct                     0x00000000   Number         0  stubs.o ABSOLUTE
    _printf_ls                               0x00000000   Number         0  stubs.o ABSOLUTE
    _printf_mbtowc                           0x00000000   Number         0  stubs.o ABSOLUTE
    _printf_n                                0x00000000   Number         0  stubs.o ABSOLUTE
    _printf_o                                0x00000000   Number         0  stubs.o ABSOLUTE
    _printf_p                                0x00000000   Number         0  stubs.o ABSOLUTE
    _printf_percent                          0x00000000   Number         0  stubs.o ABSOLUTE
    _printf_pre_padding                      0x00000000   Number         0  stubs.o ABSOLUTE
    _printf_return_value                     0x00000000   Number         0  stubs.o ABSOLUTE
    _printf_s                                0x00000000   Number         0  stubs.o ABSOLUTE
    _printf_sizespec                         0x00000000   Number         0  stubs.o ABSOLUTE
    _printf_str                              0x00000000   Number         0  stubs.o ABSOLUTE
    _printf_truncate_signed                  0x00000000   Number         0  stubs.o ABSOLUTE
    _printf_truncate_unsigned                0x00000000   Number         0  stubs.o ABSOLUTE
    _printf_u                                0x00000000   Number         0  stubs.o ABSOLUTE
    _printf_wc                               0x00000000   Number         0  stubs.o ABSOLUTE
    _printf_wctomb                           0x00000000   Number         0  stubs.o ABSOLUTE
    _printf_widthprec                        0x00000000   Number         0  stubs.o ABSOLUTE
    _printf_x                                0x00000000   Number         0  stubs.o ABSOLUTE
    __cpp_initialize__aeabi_                  - Undefined Weak Reference
    __cxa_finalize                            - Undefined Weak Reference
    __decompress                              - Undefined Weak Reference
    _clock_init                               - Undefined Weak Reference
    _microlib_exit                            - Undefined Weak Reference
    __Vectors_Size                           0x000000c0   Number         0  startup_stm32f072xb.o ABSOLUTE
    __Vectors                                0x08000000   Data           4  startup_stm32f072xb.o(RESET)
    __Vectors_End                            0x080000c0   Data           0  startup_stm32f072xb.o(RESET)
    __main                                   0x080000c1   Thumb Code     0  entry.o(.ARM.Collect$$$$00000000)
    _main_stk                                0x080000c1   Thumb Code     0  entry2.o(.ARM.Collect$$$$00000001)
    _main_scatterload                        0x080000c5   Thumb Code     0  entry5.o(.ARM.Collect$$$$00000004)
    __main_after_scatterload                 0x080000c9   Thumb Code     0  entry5.o(.ARM.Collect$$$$00000004)
    _main_clock                              0x080000c9   Thumb Code     0  entry7b.o(.ARM.Collect$$$$00000008)
    _main_cpp_init                           0x080000c9   Thumb Code     0  entry8b.o(.ARM.Collect$$$$0000000A)
    _main_init                               0x080000c9   Thumb Code     0  entry9a.o(.ARM.Collect$$$$0000000B)
    __rt_final_cpp                           0x080000d1   Thumb Code     0  entry10a.o(.ARM.Collect$$$$0000000D)
    __rt_final_exit                          0x080000d1   Thumb Code     0  entry11a.o(.ARM.Collect$$$$0000000F)
    Reset_Handler                            0x080000d5   Thumb Code     8  startup_stm32f072xb.o(.text)
    NMI_Handler                              0x080000dd   Thumb Code     2  startup_stm32f072xb.o(.text)
    HardFault_Handler                        0x080000df   Thumb Code     2  startup_stm32f072xb.o(.text)
    SVC_Handler                              0x080000e1   Thumb Code     2  startup_stm32f072xb.o(.text)
    PendSV_Handler                           0x080000e3   Thumb Code     2  startup_stm32f072xb.o(.text)
    ADC1_COMP_IRQHandler                     0x080000e7   Thumb Code     0  startup_stm32f072xb.o(.text)
    CEC_CAN_IRQHandler                       0x080000e7   Thumb Code     0  startup_stm32f072xb.o(.text)
    DMA1_Channel1_IRQHandler                 0x080000e7   Thumb Code     0  startup_stm32f072xb.o(.text)
    DMA1_Channel2_3_IRQHandler               0x080000e7   Thumb Code     0  startup_stm32f072xb.o(.text)
    DMA1_Channel4_5_6_7_IRQHandler           0x080000e7   Thumb Code     0  startup_stm32f072xb.o(.text)
    EXTI0_1_IRQHandler                       0x080000e7   Thumb Code     0  startup_stm32f072xb.o(.text)
    EXTI4_15_IRQHandler                      0x080000e7   Thumb Code     0  startup_stm32f072xb.o(.text)
    FLASH_IRQHandler                         0x080000e7   Thumb Code     0  startup_stm32f072xb.o(.text)
    I2C1_IRQHandler                          0x080000e7   Thumb Code     0  startup_stm32f072xb.o(.text)
    I2C2_IRQHandler                          0x080000e7   Thumb Code     0  startup_stm32f072xb.o(.text)
    PVD_VDDIO2_IRQHandler                    0x080000e7   Thumb Code     0  startup_stm32f072xb.o(.text)
    RCC_CRS_IRQHandler                       0x080000e7   Thumb Code     0  startup_stm32f072xb.o(.text)
    RTC_IRQHandler                           0x080000e7   Thumb Code     0  startup_stm32f072xb.o(.text)
    SPI1_IRQHandler                          0x080000e7   Thumb Code     0  startup_stm32f072xb.o(.text)
    SPI2_IRQHandler                          0x080000e7   Thumb Code     0  startup_stm32f072xb.o(.text)
    TIM14_IRQHandler                         0x080000e7   Thumb Code     0  startup_stm32f072xb.o(.text)
    TIM15_IRQHandler                         0x080000e7   Thumb Code     0  startup_stm32f072xb.o(.text)
    TIM16_IRQHandler                         0x080000e7   Thumb Code     0  startup_stm32f072xb.o(.text)
    TIM17_IRQHandler                         0x080000e7   Thumb Code     0  startup_stm32f072xb.o(.text)
    TIM1_BRK_UP_TRG_COM_IRQHandler           0x080000e7   Thumb Code     0  startup_stm32f072xb.o(.text)
    TIM1_CC_IRQHandler                       0x080000e7   Thumb Code     0  startup_stm32f072xb.o(.text)
    TIM2_IRQHandler                          0x080000e7   Thumb Code     0  startup_stm32f072xb.o(.text)
    TIM3_IRQHandler                          0x080000e7   Thumb Code     0  startup_stm32f072xb.o(.text)
    TIM7_IRQHandler                          0x080000e7   Thumb Code     0  startup_stm32f072xb.o(.text)
    TSC_IRQHandler                           0x080000e7   Thumb Code     0  startup_stm32f072xb.o(.text)
    USART1_IRQHandler                        0x080000e7   Thumb Code     0  startup_stm32f072xb.o(.text)
    USART2_IRQHandler                        0x080000e7   Thumb Code     0  startup_stm32f072xb.o(.text)
    USART3_4_IRQHandler                      0x080000e7   Thumb Code     0  startup_stm32f072xb.o(.text)
    USB_IRQHandler                           0x080000e7   Thumb Code     0  startup_stm32f072xb.o(.text)
    WWDG_IRQHandler                          0x080000e7   Thumb Code     0  startup_stm32f072xb.o(.text)
    __aeabi_uidiv                            0x080000f1   Thumb Code     0  uidiv.o(.text)
    __aeabi_uidivmod                         0x080000f1   Thumb Code    44  uidiv.o(.text)
    __aeabi_dmul                             0x0800011d   Thumb Code   202  dmul.o(.text)
    __aeabi_ui2d                             0x080001ed   Thumb Code    24  dfltui.o(.text)
    __aeabi_d2uiz                            0x08000209   Thumb Code    50  dfixui.o(.text)
    __aeabi_llsr                             0x08000245   Thumb Code    34  llushr.o(.text)
    _ll_ushift_r                             0x08000245   Thumb Code     0  llushr.o(.text)
    __I$use$fp                               0x08000267   Thumb Code     0  iusefp.o(.text)
    _double_round                            0x08000267   Thumb Code    26  depilogue.o(.text)
    _double_epilogue                         0x08000281   Thumb Code   164  depilogue.o(.text)
    __scatterload                            0x08000325   Thumb Code    28  init.o(.text)
    __scatterload_rt2                        0x08000325   Thumb Code     0  init.o(.text)
    __aeabi_llsl                             0x08000349   Thumb Code    32  llshl.o(.text)
    _ll_shift_l                              0x08000349   Thumb Code     0  llshl.o(.text)
    Config_PB2                               0x08000369   Thumb Code   130  main.o(i.Config_PB2)
    Config_Timer6                            0x080003fd   Thumb Code    68  main.o(i.Config_Timer6)
    Delay                                    0x08000451   Thumb Code    20  main.o(i.Delay)
    EXTI2_3_IRQHandler                       0x08000469   Thumb Code   116  main.o(i.EXTI2_3_IRQHandler)
    PA5_init                                 0x08000511   Thumb Code    50  main.o(i.PA5_init)
    PA5_off                                  0x08000549   Thumb Code    18  main.o(i.PA5_off)
    PA5_on                                   0x0800055b   Thumb Code    18  main.o(i.PA5_on)
    SysTick_Handler                          0x080005f9   Thumb Code    12  main.o(i.SysTick_Handler)
    SystemInit                               0x08000609   Thumb Code   102  system_stm32f0xx.o(i.SystemInit)
    TIM6_DAC_IRQHandler                      0x08000681   Thumb Code    24  main.o(i.TIM6_DAC_IRQHandler)
    __0printf$1                              0x080006a1   Thumb Code    24  printf1.o(i.__0printf$1)
    __1printf$1                              0x080006a1   Thumb Code     0  printf1.o(i.__0printf$1)
    __2printf                                0x080006a1   Thumb Code     0  printf1.o(i.__0printf$1)
    __ARM_clz                                0x080006c1   Thumb Code    46  depilogue.o(i.__ARM_clz)
    __scatterload_copy                       0x08000781   Thumb Code    14  handlers.o(i.__scatterload_copy)
    __scatterload_null                       0x0800078f   Thumb Code     2  handlers.o(i.__scatterload_null)
    __scatterload_zeroinit                   0x08000791   Thumb Code    14  handlers.o(i.__scatterload_zeroinit)
    fputc                                    0x080008f1   Thumb Code    26  retarget_io.o(i.fputc)
    main                                     0x08000911   Thumb Code    90  main.o(i.main)
    stdout_init                              0x08000979   Thumb Code   104  usart_user.o(i.stdout_init)
    stdout_putchar                           0x080009e9   Thumb Code    26  usart_user.o(i.stdout_putchar)
    Region$$Table$$Base                      0x08000a08   Number         0  anon$$obj.o(Region$$Table)
    Region$$Table$$Limit                     0x08000a28   Number         0  anon$$obj.o(Region$$Table)
    msTicks                                  0x20000000   Data           4  main.o(.data)
    TIM6_Ticks                               0x20000004   Data           4  main.o(.data)
    current_Tim6                             0x20000008   Data           4  main.o(.data)
    PB2_flag                                 0x2000000c   Data           1  main.o(.data)
    SystemCoreClock                          0x20000010   Data           4  system_stm32f0xx.o(.data)
    __stdout                                 0x20000014   Data           4  stdout.o(.data)
    __initial_sp                             0x20000418   Data           0  startup_stm32f072xb.o(STACK)



==============================================================================

Memory Map of the image

  Image Entry point : 0x080000d5

  Load Region LR_1 (Base: 0x08000000, Size: 0x00000a40, Max: 0xffffffff, ABSOLUTE)

    Execution Region ER_RO (Exec base: 0x08000000, Load base: 0x08000000, Size: 0x00000a28, Max: 0xffffffff, ABSOLUTE)

    Exec Addr    Load Addr    Size         Type   Attr      Idx    E Section Name        Object

    0x08000000   0x08000000   0x000000c0   Data   RO          236    RESET               startup_stm32f072xb.o
    0x080000c0   0x080000c0   0x00000000   Code   RO          274  * .ARM.Collect$$$$00000000  mc_p.l(entry.o)
    0x080000c0   0x080000c0   0x00000004   Code   RO          554    .ARM.Collect$$$$00000001  mc_p.l(entry2.o)
    0x080000c4   0x080000c4   0x00000004   Code   RO          557    .ARM.Collect$$$$00000004  mc_p.l(entry5.o)
    0x080000c8   0x080000c8   0x00000000   Code   RO          559    .ARM.Collect$$$$00000008  mc_p.l(entry7b.o)
    0x080000c8   0x080000c8   0x00000000   Code   RO          561    .ARM.Collect$$$$0000000A  mc_p.l(entry8b.o)
    0x080000c8   0x080000c8   0x00000008   Code   RO          562    .ARM.Collect$$$$0000000B  mc_p.l(entry9a.o)
    0x080000d0   0x080000d0   0x00000000   Code   RO          564    .ARM.Collect$$$$0000000D  mc_p.l(entry10a.o)
    0x080000d0   0x080000d0   0x00000000   Code   RO          566    .ARM.Collect$$$$0000000F  mc_p.l(entry11a.o)
    0x080000d0   0x080000d0   0x00000004   Code   RO          555    .ARM.Collect$$$$00002712  mc_p.l(entry2.o)
    0x080000d4   0x080000d4   0x0000001c   Code   RO          237  * .text               startup_stm32f072xb.o
    0x080000f0   0x080000f0   0x0000002c   Code   RO          283    .text               mc_p.l(uidiv.o)
    0x0800011c   0x0800011c   0x000000d0   Code   RO          548    .text               mf_p.l(dmul.o)
    0x080001ec   0x080001ec   0x0000001c   Code   RO          550    .text               mf_p.l(dfltui.o)
    0x08000208   0x08000208   0x0000003c   Code   RO          552    .text               mf_p.l(dfixui.o)
    0x08000244   0x08000244   0x00000022   Code   RO          570    .text               mc_p.l(llushr.o)
    0x08000266   0x08000266   0x00000000   Code   RO          572    .text               mc_p.l(iusefp.o)
    0x08000266   0x08000266   0x000000be   Code   RO          573    .text               mf_p.l(depilogue.o)
    0x08000324   0x08000324   0x00000024   Code   RO          585    .text               mc_p.l(init.o)
    0x08000348   0x08000348   0x00000020   Code   RO          587    .text               mc_p.l(llshl.o)
    0x08000368   0x08000368   0x00000094   Code   RO            5    i.Config_PB2        main.o
    0x080003fc   0x080003fc   0x00000054   Code   RO            6    i.Config_Timer6     main.o
    0x08000450   0x08000450   0x00000018   Code   RO            7    i.Delay             main.o
    0x08000468   0x08000468   0x000000a8   Code   RO            8    i.EXTI2_3_IRQHandler  main.o
    0x08000510   0x08000510   0x00000038   Code   RO            9    i.PA5_init          main.o
    0x08000548   0x08000548   0x00000012   Code   RO           10    i.PA5_off           main.o
    0x0800055a   0x0800055a   0x00000012   Code   RO           11    i.PA5_on            main.o
    0x0800056c   0x0800056c   0x0000008c   Code   RO           12    i.SetSysClock       main.o
    0x080005f8   0x080005f8   0x00000010   Code   RO           13    i.SysTick_Handler   main.o
    0x08000608   0x08000608   0x00000078   Code   RO          244    i.SystemInit        system_stm32f0xx.o
    0x08000680   0x08000680   0x00000020   Code   RO           14    i.TIM6_DAC_IRQHandler  main.o
    0x080006a0   0x080006a0   0x00000020   Code   RO          332    i.__0printf$1       mc_p.l(printf1.o)
    0x080006c0   0x080006c0   0x0000002e   Code   RO          575    i.__ARM_clz         mf_p.l(depilogue.o)
    0x080006ee   0x080006ee   0x00000002   PAD
    0x080006f0   0x080006f0   0x00000018   Code   RO           15    i.__NVIC_EnableIRQ  main.o
    0x08000708   0x08000708   0x00000078   Code   RO           16    i.__NVIC_SetPriority  main.o
    0x08000780   0x08000780   0x0000000e   Code   RO          593    i.__scatterload_copy  mc_p.l(handlers.o)
    0x0800078e   0x0800078e   0x00000002   Code   RO          594    i.__scatterload_null  mc_p.l(handlers.o)
    0x08000790   0x08000790   0x0000000e   Code   RO          595    i.__scatterload_zeroinit  mc_p.l(handlers.o)
    0x0800079e   0x0800079e   0x00000002   PAD
    0x080007a0   0x080007a0   0x00000150   Code   RO          339    i._printf_core      mc_p.l(printf1.o)
    0x080008f0   0x080008f0   0x00000020   Code   RO          185    i.fputc             retarget_io.o
    0x08000910   0x08000910   0x00000068   Code   RO           17    i.main              main.o
    0x08000978   0x08000978   0x00000070   Code   RO          144    i.stdout_init       usart_user.o
    0x080009e8   0x080009e8   0x00000020   Code   RO          145    i.stdout_putchar    usart_user.o
    0x08000a08   0x08000a08   0x00000020   Data   RO          591    Region$$Table       anon$$obj.o


    Execution Region ER_RW (Exec base: 0x20000000, Load base: 0x08000a28, Size: 0x00000018, Max: 0xffffffff, ABSOLUTE)

    Exec Addr    Load Addr    Size         Type   Attr      Idx    E Section Name        Object

    0x20000000   0x08000a28   0x0000000d   Data   RW           18    .data               main.o
    0x2000000d   0x08000a35   0x00000003   PAD
    0x20000010   0x08000a38   0x00000004   Data   RW          246    .data               system_stm32f0xx.o
    0x20000014   0x08000a3c   0x00000004   Data   RW          281    .data               mc_p.l(stdout.o)


    Execution Region ER_ZI (Exec base: 0x20000018, Load base: 0x08000a40, Size: 0x00000400, Max: 0xffffffff, ABSOLUTE)

    Exec Addr    Load Addr    Size         Type   Attr      Idx    E Section Name        Object

    0x20000018        -       0x00000400   Zero   RW          234    STACK               startup_stm32f072xb.o


==============================================================================

Image component sizes


      Code (inc. data)   RO Data    RW Data    ZI Data      Debug   Object Name

       952        154          0         13          0     198610   main.o
        32          6          0          0          0       2480   retarget_io.o
        28          8        192          0       1024        628   startup_stm32f072xb.o
       120         18          0          4          0       1345   system_stm32f0xx.o
       144         14          0          0          0        855   usart_user.o

    ----------------------------------------------------------------------
      1276        200        224         20       1024     203918   Object Totals
         0          0         32          0          0          0   (incl. Generated)
         0          0          0          3          0          0   (incl. Padding)

    ----------------------------------------------------------------------

      Code (inc. data)   RO Data    RW Data    ZI Data      Debug   Library Member Name

         0          0          0          0          0          0   entry.o
         0          0          0          0          0          0   entry10a.o
         0          0          0          0          0          0   entry11a.o
         8          4          0          0          0          0   entry2.o
         4          0          0          0          0          0   entry5.o
         0          0          0          0          0          0   entry7b.o
         0          0          0          0          0          0   entry8b.o
         8          4          0          0          0          0   entry9a.o
        30          0          0          0          0          0   handlers.o
        36          8          0          0          0         68   init.o
         0          0          0          0          0          0   iusefp.o
        32          0          0          0          0         68   llshl.o
        34          0          0          0          0         68   llushr.o
       368         12          0          0          0        168   printf1.o
         0          0          0          4          0          0   stdout.o
        44          0          0          0          0         72   uidiv.o
       236          0          0          0          0        216   depilogue.o
        60         10          0          0          0         68   dfixui.o
        28          4          0          0          0         68   dfltui.o
       208          6          0          0          0         88   dmul.o

    ----------------------------------------------------------------------
      1100         48          0          4          0        884   Library Totals
         4          0          0          0          0          0   (incl. Padding)

    ----------------------------------------------------------------------

      Code (inc. data)   RO Data    RW Data    ZI Data      Debug   Library Name

       564         28          0          4          0        444   mc_p.l
       532         20          0          0          0        440   mf_p.l

    ----------------------------------------------------------------------
      1100         48          0          4          0        884   Library Totals

    ----------------------------------------------------------------------

==============================================================================


      Code (inc. data)   RO Data    RW Data    ZI Data      Debug   

      2376        248        224         24       1024     203898   Grand Totals
      2376        248        224         24       1024     203898   ELF Image Totals
      2376        248        224         24          0          0   ROM Totals

==============================================================================

    Total RO  Size (Code + RO Data)                 2600 (   2.54kB)
    Total RW  Size (RW Data + ZI Data)              1048 (   1.02kB)
    Total ROM Size (Code + RO Data + RW Data)       2624 (   2.56kB)

==============================================================================

