C51 COMPILER V8.17   6_1                                                                   09/05/2009 15:06:00 PAGE 1   


C51 COMPILER V8.17, COMPILATION OF MODULE 6_1
OBJECT MODULE PLACED IN 6_1.OBJ
COMPILER INVOKED BY: C:\Keil\C51\BIN\C51.EXE 6_1.C OPTIMIZE(0,SPEED) BROWSE DEBUG OBJECTEXTEND

line level    source

   1          /********** 6_1.c ****************************
   2          *動作：SPEAK輸出方波，設定Timer0、mode0進行延時動作
   3          *硬體：高頻SW2-5(SPK)ON,低頻SW1-4(P1LED)ON
   4          **********************************************/
   5          #include "..\MPC82.H"   //暫存器及組態定義
   6                             //Fosc=22.1184MHz，Timer時脈=Fosc/12=1.8432MHz
   7          #define T  7200  //Timer延時時間=(1/1.8432MHz)*7200=3906.25uS
   8          main()         
   9          {
  10   1        PCON2=7;//Fosc=Fosc/128，延時時間=3906.25uS*128=0.5秒(軟體模擬無效)
  11   1        //AUXR2=T0X12;  //Timer0頻率=Fosc(軟體模擬無效)
  12   1        TMOD=0x00;  /*0000 0000 設定Timer0為mode0內部計時 
  13   1                      bit3:GATE=0,不使用INT0腳控制
  14   1                                  bit2:C/T=0,內部計時
  15   1                                  bit1-0:MODE=00，模式0 */
  16   1        TR0=1;        //啟動Timer0
  17   1        while (1)    //不斷循環執行
  18   1         {  
  19   2           SPEAK=!SPEAK; //SPEAK反相
  20   2           TL0=(8192-T) % 32; //將低5-bit計數值存入TL0 
  21   2                TH0=(8192-T) / 32; //將高8-bit計數值存入TH0
  22   2                while(TF0==0);  //等待計時溢位，若TF0=0自我循環
  23   2                TF0=0;  //若計時溢位TF0=1，清除TF0=0 
  24   2         }
  25   1      }


MODULE INFORMATION:   STATIC OVERLAYABLE
   CODE SIZE        =     69    ----
   CONSTANT SIZE    =   ----    ----
   XDATA SIZE       =   ----    ----
   PDATA SIZE       =   ----    ----
   DATA SIZE        =      4    ----
   IDATA SIZE       =   ----    ----
   BIT SIZE         =   ----    ----
END OF MODULE INFORMATION.


C51 COMPILATION COMPLETE.  0 WARNING(S),  0 ERROR(S)
