C51 COMPILER V8.17   6_5                                                                   09/05/2009 15:42:31 PAGE 1   


C51 COMPILER V8.17, COMPILATION OF MODULE 6_5
OBJECT MODULE PLACED IN 6_5.OBJ
COMPILER INVOKED BY: C:\Keil\C51\BIN\C51.EXE 6_5.C OPTIMIZE(0,SPEED) BROWSE DEBUG OBJECTEXTEND

line level    source

   1          /********** 6_5.c *****************************
   2          *動作：設定Timer1的mode2進行延時動作
   3          *硬體：高頻SW2-5(SPK)ON,低頻SW1-4(P1LED)ON
   4          ***************************************************/
   5          #include "..\MPC82.H"   //暫存器及組態定義
   6                         //Fosc=22.1184MHz，Timer時脈=Fosc/12=1.8432MHz
   7          #define T  225  //Timer延時時間=(1/1.8432MHz)*225=122.0703125uS
   8          main()         
   9          {
  10   1       PCON2=7;//Fosc=Fosc/128，時間=122.0703125uS*128=15625uS(軟體模擬無效)
  11   1        TMOD=0x20;  /*0010 0000,設定Timer1為mode2內部計時
  12   1                          bit7:GATE=0,不使用INT1腳啟動計時
  13   1                          bit6:C/T=0,內部計時
  14   1                          bit5-4:MODE=10，mode2 */
  15   1        TL1=TH1=256-T; //將8位元計數值存入TL1及TH1
  16   1        TR1=1;         //啟動Timer1 
  17   1        while (1)      //不斷循環執行
  18   1         {
  19   2           SPEAK=!SPEAK; //SPEAK反相
  20   2                 while(TF1==0); //等待計時溢位，若TF1=0自我循環
  21   2           TF1=0;  //若計時溢位TF1=1，TH1自動載入TL1，清除TF1=0
  22   2         }
  23   1      }


MODULE INFORMATION:   STATIC OVERLAYABLE
   CODE SIZE        =     69    ----
   CONSTANT SIZE    =   ----    ----
   XDATA SIZE       =   ----    ----
   PDATA SIZE       =   ----    ----
   DATA SIZE        =      4    ----
   IDATA SIZE       =   ----    ----
   BIT SIZE         =   ----    ----
END OF MODULE INFORMATION.


C51 COMPILATION COMPLETE.  0 WARNING(S),  0 ERROR(S)
