C51 COMPILER V8.17   FRE1                                                                  09/05/2009 15:48:56 PAGE 1   


C51 COMPILER V8.17, COMPILATION OF MODULE FRE1
OBJECT MODULE PLACED IN FRE1.OBJ
COMPILER INVOKED BY: C:\Keil\C51\BIN\C51.EXE FRE1.C OPTIMIZE(0,SPEED) BROWSE DEBUG OBJECTEXTEND

line level    source

   1          /********** fre1.c ***************************
   2          *動作：設定以Timer0計時中斷，令喇叭輸出指定的頻率
   3          *硬體：SW2-5(SPK)ON
   4          **********************************************/
   5          #include "..\MPC82.H"  //暫存器及組態定義
   6          
   7          #define  F 1000          //定義輸出頻率=1KHz
   8          #define  T 22118400/12/2 //T=Fosc/12/2=基本頻率 
   9          #define  t 65536-(T/F) //t=半週期頻率的計時器內容
  10          main()
  11          {
  12   1       EA=1;ET0=1;        //致能Timer0計時中斷
  13   1       TMOD=0x01;         //設定Timer0為mode1
  14   1       TL0=t; TH0=t >> 8; //設定時間  
  15   1       TR0=1;             //啟動Timer0開始計時 
  16   1       while(1);          //空轉，等待計時溢位
  17   1      }
  18          /*******************************************************/ 
  19          void T0_int(void) interrupt 1  //Timer0中斷函數
  20          {
  21   1        TL0=t; TH0=t >> 8;    //重新設定時間  
  22   1        SPEAK = !SPEAK;       //啦喇反相輸出
  23   1      }


MODULE INFORMATION:   STATIC OVERLAYABLE
   CODE SIZE        =     72    ----
   CONSTANT SIZE    =   ----    ----
   XDATA SIZE       =   ----    ----
   PDATA SIZE       =   ----    ----
   DATA SIZE        =      4    ----
   IDATA SIZE       =   ----    ----
   BIT SIZE         =   ----    ----
END OF MODULE INFORMATION.


C51 COMPILATION COMPLETE.  0 WARNING(S),  0 ERROR(S)
