C51 COMPILER V9.03   UART11                                                                04/27/2011 20:38:14 PAGE 1   


C51 COMPILER V9.03, COMPILATION OF MODULE UART11
OBJECT MODULE PLACED IN UART11.OBJ
COMPILER INVOKED BY: C:\Keil\C51\BIN\C51.EXE UART11.c BROWSE DEBUG OBJECTEXTEND

line level    source

   1          /********** UART11.c ****UART2的mode 1接收及發射中斷********
   2          *動作：使用UART2，個人電腦UART送出字元，由RXD2腳接收，在LED顯示，
   3          *      並由TXD2腳發射回個人電腦
   4          *硬體：SW1-3(P0LED)及SW3-5~6(TxD2,RxD2)ON
   5          ***********************************************************/
   6          #include "..\MPC82.H"   //暫存器及組態定義
   7          void UART2_init(unsigned int bps);  //UART啟始程式
   8          main()
   9          {
  10   1        UART2_init(9600); //設定UART2串列環境及鮑率
  11   1        EA=1; AUXIE=ES2;  //致能UART2串列中斷
  12   1        while(1);   //自我空轉，表示可做其它工作
  13   1      }
  14          //**********************************************************
  15          void SCON_int (void)  interrupt 12  //串列中斷函數 
  16           {
  17   1         if(S2CON & S2RI)  //若為接收所產生的中斷
  18   1          {
  19   2           S2CON &= ~S2RI;   //清除接收旗標令S2RI=0
  20   2           LED = ~S2BUF;     //將接收到的字元由LED輸出
  21   2               S2BUF = ~LED;     //將temp發射出去
  22   2              }
  23   1              else S2CON &= ~S2TI; //若為發射所產生的中斷，清除發射旗標令S2TI=0
  24   1       }
  25          /***********************************************************
  26          *函數名稱: UART2_init
  27          *功能描述: UART2啟始程式
  28          *輸入參數：bps
  29          ************************************************************/
  30          void UART2_init(unsigned int bps)  //UART啟始程式
  31          {  P0M0=0; P0M1=0xFF; //設定P0為推挽式輸出(M0-1=01)
  32   1         S2CON=0x50;     //設定UART2串列傳輸為MODE1及致能接收
  33   1         S2BRT=256-(57600/bps);  //設定UART2傳輸速率
  34   1         AUXR2=S2TR;      //UART2啟動
  35   1      }


MODULE INFORMATION:   STATIC OVERLAYABLE
   CODE SIZE        =    101    ----
   CONSTANT SIZE    =   ----    ----
   XDATA SIZE       =   ----    ----
   PDATA SIZE       =   ----    ----
   DATA SIZE        =   ----    ----
   IDATA SIZE       =   ----    ----
   BIT SIZE         =   ----    ----
END OF MODULE INFORMATION.


C51 COMPILATION COMPLETE.  0 WARNING(S),  0 ERROR(S)
