Intel-8051 Macro Assembler - Version 1.00

      1    0000                           ;
      2    0000                           ;    計時/計數器0工作在模式2的計數器
      3    0000                           ;     每當在T0接腳出現3個脈波,將產生中斷,於是P0依序使bit7~bit4或bit3~bit0為1
      4    0000                           ;
      5    0000                           ;**** 閃爍(0號計數器中斷) cli ****
      6    0000                           	ORG	00H		;開機的起始位址
      7    0000     02 00 0F              	JMP	MAIN
      8    000B                           	ORG	0BH		;0 號計數器中斷的起始位址
      9    000B     F4                    	CPL	A	
     10    000C     F5 80                 	MOV	P0,A
     11    000E     32                    	RETI			;中斷副程式, 返回
     12    000F     75 89 06              MAIN:	MOV	TMOD,#06H	;設定, 0 號計數器工作於模式2
     13    0012     75 8C FD              	MOV	TH0,#256-3
     14    0015     75 8A FD              	MOV	TL0,#256-3
     15    0018     D2 AF                 	SETB	EA		;致能, 所有中斷
     16    001A     D2 A9                 	SETB	ET0		;致能, 0 號計數器中斷
     17    001C     D2 8C                 	SETB	TR0		;啟動, 0 號計數器
     18    001E     74 F0                 	MOV	A,#0F0H
     19    0020     F5 80                 	MOV	P0,A
     20    0022     02 00 22              HALT:	JMP	HALT
     21    0025                           	END			;程式結束
