C51 COMPILER V9.56.0.0   IDL2                                                              03/06/2020 15:56:22 PAGE 1   


C51 COMPILER V9.56.0.0, COMPILATION OF MODULE IDL2
OBJECT MODULE PLACED IN IDL2.OBJ
COMPILER INVOKED BY: C:\Keil_v51\C51\BIN\C51.EXE IDL2.C OPTIMIZE(0,SPEED) BROWSE DEBUG OBJECTEXTEND TABS(2)

line level    source

   1          /********************* IDL2.c *******************
   2          *動作：LED0遞加輸出，由KEY1-2控制系統頻率(Fosc)調整速度，
   3          *      在LED1顯示系統頻率(Fosc)除頻倍數
   4          *硬體：將SW1-3(P0LED)及SW1-4(P1LED)短路，按KEY1(P32)及KEY2(P33)
   5          ***********************************************/
   6          #include "..\MPC82.H"   //暫存器及組態定義
   7          main() 
   8          {
   9   1       unsigned char i=0;
  10   1       char Fosc=0;
  11   1       P0M0=0; P0M1=0xFF; //設定P0為推挽式輸出(M0-1=01)
  12   1       PCON2=Fosc; //Fosc=0~7,石英晶體除頻1~128倍為系統頻率(Fosc) 
  13   1       while(1)  //重覆執行
  14   1       { 
  15   2         LED0=~i++;     //LED0遞加輸出
  16   2         LED1=~Fosc;    //LED1顯示Fosc除頻
  17   2         if(KEY1==0)   //減速
  18   2           {
  19   3            Fosc++;    //系統頻率(Fosc)除頻增加 
  20   3            if(Fosc>7) Fosc=7; //限制除頻128倍
  21   3            PCON2=Fosc; //設定系統頻率(Fosc)
  22   3          } 
  23   2         if(KEY2==0)     //加速
  24   2           {
  25   3              Fosc--;      //系統頻率(Fosc)除頻減少
  26   3            if(Fosc<0) Fosc=0; //限制除頻1倍
  27   3            PCON2=Fosc; //設定系統頻率(Fosc)
  28   3         }    
  29   2         Delay_ms(100); //Fosc除頻1倍的延時時間
  30   2        }
  31   1      }


MODULE INFORMATION:   STATIC OVERLAYABLE
   CODE SIZE        =    123    ----
   CONSTANT SIZE    =   ----    ----
   XDATA SIZE       =   ----    ----
   PDATA SIZE       =   ----    ----
   DATA SIZE        =      6    ----
   IDATA SIZE       =   ----    ----
   BIT SIZE         =   ----    ----
END OF MODULE INFORMATION.


C51 COMPILATION COMPLETE.  0 WARNING(S),  0 ERROR(S)
