C51 COMPILER V8.17   FRE4                                                                  09/05/2009 16:10:07 PAGE 1   


C51 COMPILER V8.17, COMPILATION OF MODULE FRE4
OBJECT MODULE PLACED IN FRE4.OBJ
COMPILER INVOKED BY: C:\Keil\C51\BIN\C51.EXE FRE4.C OPTIMIZE(0,SPEED) BROWSE DEBUG OBJECTEXTEND

line level    source

   1          /********** FRE4.c ****************************
   2          *動作：令Timer0由T0CKO(P34)輸出方波
   3          *硬體：T0CKO(P34)腳連接P10，低頻SW1-4(P1LED)ON，高頻SW2-5(SPK)ON
   4          **********************************************/
   5          #include "..\MPC82.H"  //暫存器及組態定義
   6                          //T0CKO頻率=Fosc/24/(256-TH0)
   7          #define T  225  //T0CKO頻率=22118400/24/225=4096Hz
   8          main()         
   9          {
  10   1        PCON2=7;      //Fosc=Fosc/128，T0CKO頻率=4096Hz/128=32Hz
  11   1        AUXR2=T0CKOE; //致能T0CKO(P34)輸出方波
  12   1        TMOD=0x02;    //設定Timer0為mode2內部計時
  13   1        TH0=256-T;    //將計數值存入TH1
  14   1        TR0=1;        //啟動Timer1
  15   1        while (1);    //空轉，此時T0CKO(P34)腳不斷輸出方波
  16   1      }


MODULE INFORMATION:   STATIC OVERLAYABLE
   CODE SIZE        =     62    ----
   CONSTANT SIZE    =   ----    ----
   XDATA SIZE       =   ----    ----
   PDATA SIZE       =   ----    ----
   DATA SIZE        =      4    ----
   IDATA SIZE       =   ----    ----
   BIT SIZE         =   ----    ----
END OF MODULE INFORMATION.


C51 COMPILATION COMPLETE.  0 WARNING(S),  0 ERROR(S)
