C51 COMPILER V9.56.0.0   TIMER2_4                                                          03/11/2020 13:49:45 PAGE 1   


C51 COMPILER V9.56.0.0, COMPILATION OF MODULE TIMER2_4
OBJECT MODULE PLACED IN Timer2_4.OBJ
COMPILER INVOKED BY: C:\Keil_v51\C51\BIN\C51.EXE Timer2_4.C OPTIMIZE(0,SPEED) BROWSE DEBUG OBJECTEXTEND TABS(2)

line level    source

   1           /********Timer2_4.c *****************************
   2          *動作：T0CKO(P34)輸出脈波，若T2EX(P11)腳輸入負緣觸發
   3          *      捕捉計時器到LCD顯示狀態週期數及頻率
   4          *硬體：T0CKO(P34)連接T2EX(P11) 
   5          ***********************************************/
   6          #include "..\MPC82.H"   //暫存器及組態定義
   7                          //T0CKO頻率=Fosc/24/(256-TH0)
   8          #define T   225 //T0CKO頻率=22118400/24/225=4096Hz 
   9          void LCD_Disp(unsigned int disp); // LCD 十進制5位數顯示          
  10          char code  Table[]="States="; //第一行陣列字元
  11          char code  Table1[]="Frequency="; //第二行陣列字元
  12          
  13          main()
  14          {
  15   1         char i;        //陣列資料計數
  16   1         LCD_init();        //重置及清除LCD    
  17   1         LCD_Cmd(0x80);     //游標由第一行開始顯示  
  18   1         for(i=0; i<7; i++) //顯示"States= " 
  19   1            LCD_Data(Table[i]);
  20   1      
  21   1         LCD_Cmd(0xc0);      //游標由第二行開始顯示  
  22   1         for(i=0; i<10; i++) //顯示"frequency=" 
  23   1            LCD_Data(Table1[i]);      
  24   1      
  25   1         AUXR2=T0CKOE; //致能T0CKO(P34)輸出方波
  26   1         TMOD=0x02;    //設定Timer0為mode2內部計時
  27   1         TH0=256-T;    //將計數值存入TH0
  28   1         TR0=1;        //啟動Timer0
  29   1         
  30   1         T2CON=0x09; /* 0000 1001，T2EX輸入負緣觸發捕捉計時器
  31   1                        bit3:EXEN2=1,使用外部T2EX接腳
  32   1                bit1:C/T2=0,內部計時
  33   1                  bit0:CP/RL2=1,捕捉計時器 */
  34   1         T2R =0;      //設定Timer2=0
  35   1         TR2=1;       //啟動Timer2開始計時
  36   1         while (1)    //不斷循環執行
  37   1         {
  38   2           while(EXF2==0); //等待第一次T2EX腳輸入負緣觸發
  39   2           EXF2=0;         //清除旗標
  40   2           T2R =0;         //設定Timer2=0
  41   2      
  42   2         while(EXF2==0); //等待第二次T2EX腳輸入負緣觸發，捕捉Timer2
  43   2           EXF2=0;         //清除旗標
  44   2           EXEN2 =0;       //顯示時，停止T2EX腳輸入負緣觸發
  45   2         
  46   2         LCD_Cmd(0x87);     //游標由第一行第7字開始顯示  
  47   2         LCD_Disp(RCAP2+2); //顯示輸入波形的狀態週期數
  48   2      
  49   2           LCD_Cmd(0xCA);     //游標由第二行第10字開始顯示  
  50   2         LCD_Disp(22118400/12/(RCAP2+2));  //顯示輸入波形的頻率值
  51   2         LCD_Data('H');LCD_Data('z');
  52   2          
  53   2         EXEN2 =1;     //重新開始T2EX腳輸入負緣觸發
  54   2          } 
  55   1      }
C51 COMPILER V9.56.0.0   TIMER2_4                                                          03/11/2020 13:49:45 PAGE 2   

  56          /********************************************************
  57          *函數名稱: LCD_Disp(unsigned int disp)
  58          *功能描述: LCD顯示5位數十進制數字
  59          *輸入參數：disp
  60          *******************************************************/
  61          void LCD_Disp(unsigned int disp)  // LCD 十進制5位數顯示
  62          {
  63   1       if(disp>9999) LCD_Data(disp /10000+'0');      //顯示萬位數
  64   1       if(disp>999) LCD_Data(disp % 10000/1000+'0'); //顯示千位數
  65   1       if(disp>99) LCD_Data(disp % 1000/100+'0');    //顯示百位數
  66   1       if(disp>9) LCD_Data(disp % 100/10+'0');       //顯示十位數
  67   1       LCD_Data(disp % 10+'0');                      //顯示個位數
  68   1      }
  69          /***********************************************************
  70          *函數名稱: LCD_Data
  71          *功能描述: 傳送資料到文字型LCD
  72          *輸入參數：dat
  73          ************************************************************/
  74          void LCD_Data(char dat)  //傳送資料到LCD
  75          {
  76   1          Data=dat; //資料送到BUS
  77   1          RS=1;RW=0;EN=1;//資料寫入到LCD內
  78   1          Delay_ms(1);   //LCD等待寫入完成
  79   1          EN=0;          //禁能LCD    
  80   1      }
  81          /***************************************************************
  82          *函數名稱: LCD_Cmd
  83          *功能描述: 傳送命令到文字型LCD
  84          *輸入參數：Cmd
  85          ************************************************************/
  86          void LCD_Cmd(unsigned char Cmd) //傳送命令到LCD
  87          {
  88   1          Data=Cmd;  //命令送到BUS
  89   1          RS=0;RW=0;EN=1; //命令寫入到LCD內
  90   1          Delay_ms(1);    //LCD等待寫入完成     
  91   1          EN=0;           //禁能LCD
  92   1      }
  93          /***************************************************************
  94          *函數名稱: LCD_init
  95          *功能描述: 啟始化文字型LCD
  96          *****************************************************************/
  97          void LCD_init(void)    //LCD的啟始程式  
  98          {
  99   1          LCD_Cmd(0x38);//0011 1000,8bit傳輸,顯示2行,5*7字型
 100   1          LCD_Cmd(0x38);//bit4:DL=1,8bit傳輸,
 101   1          LCD_Cmd(0x38);//bit3:N=1,顯示2行
 102   1                        //bit2:F=0,5*7字型    
 103   1          LCD_Cmd(0x0c);/*0000 1100,顯示幕ON,不顯示游標,游標不閃爍
 104   1                          bit2:D=1,顯示幕ON
 105   1                          bit1:C=0,不顯示游標
 106   1                        bit0:B=0,游標不閃爍*/
 107   1          LCD_Cmd(0x06);/*0000 0110,//顯示完游標右移,游標移位禁能 
 108   1                          bit1:I/D=1,顯示完游標右移,
 109   1                          bit0:S=0,游標移位禁能*/  
 110   1          LCD_Cmd(0x01); //清除顯示幕  
 111   1          LCD_Cmd(0x02); //游標回原位  
 112   1      }


MODULE INFORMATION:   STATIC OVERLAYABLE
   CODE SIZE        =    503    ----
   CONSTANT SIZE    =     19    ----
C51 COMPILER V9.56.0.0   TIMER2_4                                                          03/11/2020 13:49:45 PAGE 3   

   XDATA SIZE       =   ----    ----
   PDATA SIZE       =   ----    ----
   DATA SIZE        =      9    ----
   IDATA SIZE       =   ----    ----
   BIT SIZE         =   ----    ----
END OF MODULE INFORMATION.


C51 COMPILATION COMPLETE.  0 WARNING(S),  0 ERROR(S)
