C51 COMPILER V9.05   4_4                                                                   11/08/2011 19:22:27 PAGE 1   


C51 COMPILER V9.05, COMPILATION OF MODULE 4_4
OBJECT MODULE PLACED IN 4_4.OBJ
COMPILER INVOKED BY: C:\Keil\C51\BIN\C51.EXE 4_4.C OPTIMIZE(0,SPEED) BROWSE DEBUG OBJECTEXTEND

line level    source

   1          /********** 4_4.C ****************************
   2          *動作：由KEY1按鍵開關輸入具防止機械彈跳，令LED遞加輸出
   3          *硬體：SW1-3(P0LED)ON, 按KEY1 
   4          ***********************************************/
   5          #include "..\MPC82.H"   //暫存器及組態定義 
   6          main() 
   7          {
   8   1         unsigned char i=0;
   9   1         P0M0=0; P0M1=0xFF; //設定P0為推挽式輸出(M0-1=01)
  10   1         while(1) //重覆執行 
  11   1         {
  12   2              LED=~i++;   //LED遞加
  13   2              do
  14   2                {
  15   3                      while(KEY1==1);//若未按鍵，KEY1=1空轉
  16   3                      Delay_ms(1);   //若有按鍵，延時避開機械跳動
  17   3                }
  18   2               while(KEY1 == 1);//延時後，若KEY1仍為1，跳到do重新檢查
  19   2                  
  20   2               do
  21   2                {
  22   3                      while(KEY1==0);//若未放鍵，KEY1=0空轉
  23   3                      Delay_ms(1);  //若有放鍵，延時避開機械跳動
  24   3                }
  25   2               while(KEY1== 0); //延時後，若KEY仍為0，跳到do重新檢查
  26   2         }
  27   1      } 


MODULE INFORMATION:   STATIC OVERLAYABLE
   CODE SIZE        =     91    ----
   CONSTANT SIZE    =   ----    ----
   XDATA SIZE       =   ----    ----
   PDATA SIZE       =   ----    ----
   DATA SIZE        =      5    ----
   IDATA SIZE       =   ----    ----
   BIT SIZE         =   ----    ----
END OF MODULE INFORMATION.


C51 COMPILATION COMPLETE.  0 WARNING(S),  0 ERROR(S)
