C51 COMPILER V9.00   DOT2A                                                                 12/15/2009 16:32:41 PAGE 1   


C51 COMPILER V9.00, COMPILATION OF MODULE DOT2A
OBJECT MODULE PLACED IN DOT2A.OBJ
COMPILER INVOKED BY: C:\Keil\C51\BIN\C51.EXE DOT2A.C OPTIMIZE(0,SPEED) BROWSE DEBUG OBJECTEXTEND

line level    source

   1          /***** DOT2-11_bdata.c ******8*8點矩陣固定字型範例*****
   2          *動作：輸出陣列字型資料，顯示字型- 利用位元定址區(bdata)將BMP2Code.exe產生之上下鏡射的 字型資料檔 調整回來
   3          *接線：Scan低電位掃描輸出，由Data低電位輸出資料，P0_0~P0_7直接對應 位元定址區的 b7~b0 輸出。
   4          ************************************************/
   5          #include "..\MPC82.H"   //暫存器及組態定義
   6          #include "font.h"  // BMP2Code.exe 產生的字型資料檔，直接輸出時會有字型會有上下鏡射的情形
   7          
   8          char bdata j;
   9          main() 
  10          { 
  11   1        char i; //定義陣列資料計數
  12   1        Scan=0x7F;       //由com1開始掃瞄輸出  
  13   1      
  14   1        while(1)                
  15   1        {
  16   2          for(i=0;i<8;i++)   //讀取8筆資料掃瞄8次
  17   2           {
  18   3             j=font[i];   //將字型陣列資料讀出，放入位元定址區 j 中
  19   3                            
  20   3             P0_0 = j^7;     //P0_0~P0_7直接對應 位元定址區的 b7~b0 輸出
  21   3             P0_1 = j^6;
  22   3             P0_2 = j^5;
  23   3             P0_3 = j^4;
  24   3             P0_4 = j^3;
  25   3             P0_5 = j^2;
  26   3             P0_6 = j^1;
  27   3             P0_7 = j^0;       
  28   3      
  29   3      
  30   3             //Data=font11[i];    // 若將字型資料直接由 P0 輸出時，會有字型上下鏡射的情形
  31   3        
  32   3             Delay_ms(1);    //延時
  33   3      
  34   3             Data=0xFF;      //全暗          
  35   3             Scan=RR8(Scan); //換掃瞄下一行
  36   3           } 
  37   2        } 
  38   1      } 


MODULE INFORMATION:   STATIC OVERLAYABLE
   CODE SIZE        =    191    ----
   CONSTANT SIZE    =      8    ----
   XDATA SIZE       =   ----    ----
   PDATA SIZE       =   ----    ----
   DATA SIZE        =      6    ----
   IDATA SIZE       =   ----    ----
   BIT SIZE         =   ----    ----
END OF MODULE INFORMATION.


C51 COMPILATION COMPLETE.  0 WARNING(S),  0 ERROR(S)
