C51 COMPILER V8.16   DOT3                                                                  02/12/2009 15:31:12 PAGE 1   


C51 COMPILER V8.16, COMPILATION OF MODULE DOT3
OBJECT MODULE PLACED IN DOT3.OBJ
COMPILER INVOKED BY: C:\Keil\C51\BIN\C51.EXE DOT3.C OPTIMIZE(0,SPEED) BROWSE DEBUG OBJECTEXTEND

line level    source

   1          /***** DOT3.c ****點矩陣顯示器反白閃爍字型**************
   2          *動作：顯示字型反白閃爍字型
   3          *接線：Scan低電位掃描輸出，由Data低電位輸出資料
   4          *硬體：SW1-2(LED8X8)ON
   5          **********************************************************/
   6          #include "..\MPC82.H"   //暫存器及組態定義
   7          #include "font.h"  //字型資料檔
   8          main() 
   9          { 
  10   1        char i;       //定義陣列資料計數
  11   1        unsigned char repeat;  //定義重覆掃描次數      
  12   1        bit invert=0;          //定義反白顯示旗標  
  13   1      
  14   1        Scan=0x7F; //由com1開始掃瞄 
  15   1       while(1)
  16   1       {
  17   2         for(repeat=0;repeat<200;repeat++) //重覆掃瞄次數
  18   2          {
  19   3            for(i=0;i<8;i++)   //讀取8筆資料掃瞄8次
  20   3             {
  21   4               if(invert==0) Data=font[i];//若旗標=0，讀取陣列資料輸出
  22   4                          else Data=~font[i]; //若旗標=1，讀取陣列資料反相輸出
  23   4                Delay_ms(1);    //延時
  24   4                    Data=0xFF;      //全暗
  25   4                Scan=RR8(Scan); //換掃瞄下一行
  26   4             }
  27   3           } 
  28   2         invert=!invert;     //反白旗標反相   
  29   2        } 
  30   1      }


MODULE INFORMATION:   STATIC OVERLAYABLE
   CODE SIZE        =    160    ----
   CONSTANT SIZE    =      8    ----
   XDATA SIZE       =   ----    ----
   PDATA SIZE       =   ----    ----
   DATA SIZE        =      6    ----
   IDATA SIZE       =   ----    ----
   BIT SIZE         =      1    ----
END OF MODULE INFORMATION.


C51 COMPILATION COMPLETE.  0 WARNING(S),  0 ERROR(S)
