C51 COMPILER V9.01   KEY6                                                                  07/22/2010 10:36:35 PAGE 1   


C51 COMPILER V9.01, COMPILATION OF MODULE KEY6
OBJECT MODULE PLACED IN KEY6.OBJ
COMPILER INVOKED BY: C:\Keil\C51\BIN\C51.EXE KEY6.C OPTIMIZE(0,SPEED) BROWSE DEBUG OBJECTEXTEND

line level    source

   1          /***** KEY6.C******4*4掃描按鍵中斷(KBI)實習範例***************
   2          *動作：ROW0~3掃描輸出,COL0~3按鍵輸入,在LED輸出
   3          *硬體：SW1-3(P0LED)短路，按S1~S16 
   4          **********************************************************/
   5          #include "..\MPC82.H"   //暫存器及組態定義
   6          unsigned char count=0;  //基數=0
   7          void main()
   8          {
   9   1        unsigned char scan=0xEF;  //按鍵掃描令ROW0=0，其餘為1
  10   1        P0M0=0; P0M1=0xFF; //設定P0為推挽式輸出(M0-1=01)
  11   1        EA = 1;            //致能所有中斷
  12   1        AUXIE = EKBI;      //致能KBI中斷
  13   1        KBMASK = 0x0F ;    //選擇P23-0有按鍵中斷
  14   1        LED1=~count;       //初始顯示0
  15   1       while(1)   //重覆執行
  16   1        {
  17   2          if(count>15){scan=0xEF;count=0;}//若基數>15,從頭掃描
  18   2          ROW=scan;             //掃描輸出
  19   2          Delay_ms(1);   
  20   2          scan=RL8(scan); //左旋轉，換掃下一列,令ROW0~3輪流為0
  21   2          count=count+4;      //基數+4
  22   2        }
  23   1      }
  24           //***********************************************
  25          void KBI_Interrupt() interrupt 13   //Keypad中斷函數    
  26          { 
  27   1         unsigned int dly;
  28   1         unsigned char key;    //宣告按鍵計數
  29   1         key=count;            //基數存入按鍵計數內
  30   1         if(COL0==0) LED=~key; //檢查COL0列，若有按鍵計數輸出
  31   1         key++;                //若不是按鍵計數遞加  
  32   1         if(COL1==0) LED=~key; //檢查COL1列，若有按鍵計數輸出
  33   1         key++;                //若不是按鍵計數遞加
  34   1         if(COL2==0) LED=~key; //檢查COL2列，若有按鍵計數輸出
  35   1         key++;                //若不是按鍵計數遞加
  36   1         if(COL3==0) LED=~key; //檢查COL3列，若有按鍵計數輸出
  37   1      
  38   1         dly=1200;  while(dly--);//處理按鍵跳動之延遲   
  39   1         while(!(COL0 & COL1 & COL2 & COL3));//若COL0~3≠1111未放開按鍵
  40   1         dly=1200;  while(dly--);//處理按鍵跳動之延遲     
  41   1         KBCON &= ~KBIF;  //清除按鍵中斷旗標KBIF=0
  42   1      }


MODULE INFORMATION:   STATIC OVERLAYABLE
   CODE SIZE        =    229    ----
   CONSTANT SIZE    =   ----    ----
   XDATA SIZE       =   ----    ----
   PDATA SIZE       =   ----    ----
   DATA SIZE        =      9    ----
   IDATA SIZE       =   ----    ----
   BIT SIZE         =   ----    ----
END OF MODULE INFORMATION.


C51 COMPILATION COMPLETE.  0 WARNING(S),  0 ERROR(S)
