C51 COMPILER V9.56.0.0   3_21                                                              02/25/2020 09:17:00 PAGE 1   


C51 COMPILER V9.56.0.0, COMPILATION OF MODULE 3_21
OBJECT MODULE PLACED IN 3_21.OBJ
COMPILER INVOKED BY: C:\Keil_v51\C51\BIN\C51.EXE 3_21.C ROM(SMALL) OPTIMIZE(2,SPEED) BROWSE DEBUG OBJECTEXTEND TABS(2)

line level    source

   1          /*******3_21.c*********************** 
   2          *動作：強制轉換運算式型態範例
   3          **********************************/
   4             char   a=12;      //宣告有符號8-bit變數，為1-byte
   5             int    b=-7;      //宣告有符號16-bit變數，為2-byte
   6             float  c=123.222; //宣告32-bit浮點數，為4-byte
   7          main()
   8          {
   9   1         static char i;  //宣告輸出8-bit變數
  10   1        loop: 
  11   1         i=sizeof(a+b);  //8-bit與16-bit運算，結果i=2byte
  12   1         i=sizeof(a/b);  //8-bit與16-bit運算，結果i=2byte
  13   1         i=sizeof(c-b);  //16-bit整數與32-bit浮點數運算，結果i=4byte
  14   1         goto loop;  
  15   1      }


MODULE INFORMATION:   STATIC OVERLAYABLE
   CODE SIZE        =     12    ----
   CONSTANT SIZE    =   ----    ----
   XDATA SIZE       =   ----    ----
   PDATA SIZE       =   ----    ----
   DATA SIZE        =      8    ----
   IDATA SIZE       =   ----    ----
   BIT SIZE         =   ----    ----
END OF MODULE INFORMATION.


C51 COMPILATION COMPLETE.  0 WARNING(S),  0 ERROR(S)
