C51 COMPILER V9.05   3_4                                                                   11/05/2011 09:36:24 PAGE 1   


C51 COMPILER V9.05, COMPILATION OF MODULE 3_4
OBJECT MODULE PLACED IN 3_4.OBJ
COMPILER INVOKED BY: C:\Keil\C51\BIN\C51.EXE 3_4.C OPTIMIZE(2,SPEED) BROWSE DEBUG OBJECTEXTEND

line level    source

   1          //*********** 3_4.c ****位元變數的資料型態************
   2          //*動作：位元變數的宣告及應用
   3          //****************************************************
   4          char bdata i;     //在位元定址區定義一個整數變數
   5          sbit b0 = i ^ 0;  //設定b0為變數i的第0-bit
   6          sbit b1 = i ^ 1;  //設定b1為變數i的第1-bit 
   7          main()
   8          {
   9   1         loop:
  10   1          b0=0; 
  11   1          b1=0;  
  12   1          b0=1; 
  13   1          b1=1; 
  14   1        goto loop;
  15   1      }


MODULE INFORMATION:   STATIC OVERLAYABLE
   CODE SIZE        =     11    ----
   CONSTANT SIZE    =   ----    ----
   XDATA SIZE       =   ----    ----
   PDATA SIZE       =   ----    ----
   DATA SIZE        =      1    ----
   IDATA SIZE       =   ----    ----
   BIT SIZE         =   ----    ----
END OF MODULE INFORMATION.


C51 COMPILATION COMPLETE.  0 WARNING(S),  0 ERROR(S)
