C51 COMPILER V9.56.0.0   3_49                                                              02/25/2020 11:36:56 PAGE 1   


C51 COMPILER V9.56.0.0, COMPILATION OF MODULE 3_49
OBJECT MODULE PLACED IN 3_49.OBJ
COMPILER INVOKED BY: C:\Keil_v51\C51\BIN\C51.EXE 3_49.C ROM(SMALL) OPTIMIZE(2,SPEED) BROWSE DEBUG OBJECTEXTEND TABS(2)

line level    source

   1          /************* 3_49.c **************************
   2          *動作：由SW輸入設定累加計數最大值，累加值由LED輸出
   3          ***********************************************/
   4          #include "..\MPC82.H"  //暫存器及組態設定
   5          //sfr    LED=0x80; //P0為LED輸出
   6          sfr    SW=0x90;  //P1為SW輸入   
   7          main()
   8          {
   9   1        unsigned char n;   //宣告最小輸入計數值
  10   1        unsigned char i;   //宣告計數值
  11   1        unsigned char sum; //宣告累加值
  12   1        while(1)   //重覆執行
  13   1        {
  14   2           i=1; sum=0;
  15   2           do
  16   2             n=SW;        //由SW輸入設定累加計數最大值
  17   2            while (n<=4); //若n<=4時重新輸入
  18   2      
  19   2           do             //若n>4往下執行
  20   2             { 
  21   3              sum=sum+i;  //累加
  22   3              i++;
  23   3             }
  24   2           while(i<=n);  //當i<=n時，執行累加的動作
  25   2           LED=sum;      //當i>n時，累加值由LED輸出
  26   2         }
  27   1      }


MODULE INFORMATION:   STATIC OVERLAYABLE
   CODE SIZE        =     82    ----
   CONSTANT SIZE    =   ----    ----
   XDATA SIZE       =   ----    ----
   PDATA SIZE       =   ----    ----
   DATA SIZE        =   ----       7
   IDATA SIZE       =   ----    ----
   BIT SIZE         =   ----    ----
END OF MODULE INFORMATION.


C51 COMPILATION COMPLETE.  0 WARNING(S),  0 ERROR(S)
