C51 COMPILER V9.05   3_4A                                                                  10/25/2011 20:17:05 PAGE 1   


C51 COMPILER V9.05, COMPILATION OF MODULE 3_4A
OBJECT MODULE PLACED IN 3_4A.OBJ
COMPILER INVOKED BY: C:\Keil\C51\BIN\C51.EXE 3_4A.c OPTIMIZE(2,SPEED) BROWSE DEBUG OBJECTEXTEND

line level    source

   1          //*********** 3_4A.c ***** ***************************
   2          //*笆办跑计の跋办跑计
   3          //****************************************************
   4          char count;      //办跑计
   5          void Delay(void) 
   6          {
   7   1         char dly;         //跋办跑计
   8   1         count=count +1;  //办跑计┮Τㄧ计А磅︽
   9   1         dly=dly+1;       //跋办跑计度セㄧ计ず磅︽
  10   1         // b=b-1;        //獶セ跋办跑计ぃ猭
  11   1      }
  12          
  13          main()
  14          {
  15   1          char b;        //跋办跑计
  16   1        loop:
  17   1          count=count+1; //办跑计┮Τㄧ计А磅︽
  18   1          b=b+1;         //跋办跑计度セㄧ计ず磅︽
  19   1          dly=dly-1;   //獶セ跋办跑计ぃ猭
*** ERROR C202 IN LINE 19 OF 3_4A.c: 'dly': undefined identifier
  20   1          Delay();       //ㄧ计Α
  21   1          goto loop;
  22   1      }

C51 COMPILATION COMPLETE.  0 WARNING(S),  1 ERROR(S)
