C51 COMPILER V9.05   3_54                                                                  11/05/2011 14:21:51 PAGE 1   


C51 COMPILER V9.05, COMPILATION OF MODULE 3_54
OBJECT MODULE PLACED IN 3_54.OBJ
COMPILER INVOKED BY: C:\Keil\C51\BIN\C51.EXE 3_54.C ROM(SMALL) OPTIMIZE(2,SPEED) BROWSE DEBUG OBJECTEXTEND

line level    source

   1          /************* 3_54.c ************************
   2          *動作：LED遞加輸出，含延時函數
   3          *硬體：SW1-3(P0LED)ON
   4          **********************************************/
   5          #include "..\MPC82.H"  //暫存器及組態設定
   6          
   7          void delay(int count);
   8          main()  //主程式
   9          {
  10   1       unsigned char i=0;//計數值
  11   1       P0M0=0; P0M1=0xFF; //設定P0為推挽式輸出(M0-1=01)
  12   1        loop:
  13   1          LED=~i;        //計數值由LED輸出
  14   1          delay(10000); //呼叫自訂延時函數
  15   1          i++;           //計數值遞加
  16   1          goto loop;
  17   1      }
  18          
  19          void delay(int count)   //將10000存入count內，但不傳回值
  20          {
  21   1         while(count--);  //count遞減到0才退出函數
  22   1      }


MODULE INFORMATION:   STATIC OVERLAYABLE
   CODE SIZE        =     90    ----
   CONSTANT SIZE    =   ----    ----
   XDATA SIZE       =   ----    ----
   PDATA SIZE       =   ----    ----
   DATA SIZE        =   ----       7
   IDATA SIZE       =   ----    ----
   BIT SIZE         =   ----    ----
END OF MODULE INFORMATION.


C51 COMPILATION COMPLETE.  0 WARNING(S),  0 ERROR(S)
