C51 COMPILER V9.03   ADC2                                                                  11/27/2011 10:10:29 PAGE 1   


C51 COMPILER V9.03, COMPILATION OF MODULE ADC2
OBJECT MODULE PLACED IN ADC2.OBJ
COMPILER INVOKED BY: C:\Keil\C51\BIN\C51.EXE ADC2.C OPTIMIZE(0,SPEED) BROWSE DEBUG OBJECTEXTEND

line level    source

   1          /************** ADC2.C *******ADC中斷實習範例**********
   2          *動作：輸入類比電壓，以中斷方式讀取高8-bit數位資料，由LED顯示
   3          *硬體：SW1-3(P0LED) ON, SW3-1(Ain0) ON，調整Ain0的VR2
   4          ****************************************************/
   5          #include "..\MPC82.H"
   6          #define  ch     0 //指定由Ain0進行ADC轉換
   7          void main(void)
   8          {
   9   1              P0M0=0; P0M1=0xFF; //設定P0為推挽式輸出(M0-1=01)
  10   1              EA=1;              //致能所有中斷
  11   1          AUXIE = EADC;      //致能ADC中斷
  12   1          ADCTL = ADCON + ADCS + ch; //ADC工作及指定道通進行ADC轉換
  13   1              while(1);//空轉，表示此時可做其它工作
  14   1      }
  15          //**************************************************
  16          void ADC_Interrupt()  interrupt 9 
  17          { 
  18   1         ADCTL=0;    //停止ADC工作
  19   1         LED=~ADCH;  //高8-bit數位資料，由LED顯示
  20   1         ADCTL = ADCON + ADCS + ch; //重新啟動ADC
  21   1      }


MODULE INFORMATION:   STATIC OVERLAYABLE
   CODE SIZE        =     78    ----
   CONSTANT SIZE    =   ----    ----
   XDATA SIZE       =   ----    ----
   PDATA SIZE       =   ----    ----
   DATA SIZE        =      4    ----
   IDATA SIZE       =   ----    ----
   BIT SIZE         =   ----    ----
END OF MODULE INFORMATION.


C51 COMPILATION COMPLETE.  0 WARNING(S),  0 ERROR(S)
