C51 COMPILER V9.03   DAC2                                                                  11/27/2011 09:25:44 PAGE 1   


C51 COMPILER V9.03, COMPILATION OF MODULE DAC2
OBJECT MODULE PLACED IN DAC2.OBJ
COMPILER INVOKED BY: C:\Keil\C51\BIN\C51.EXE DAC2.C BROWSE DEBUG OBJECTEXTEND

line level    source

   1          /************** DAC2.C *************************
   2          *動作：由P0輸出三角函數資料送到DAC輸出正弦波
   3          **********************************************/
   4          #include "..\MPC82.H"   //暫存器及組態定義
   5          #include <math.h> //將算數函數包括進來
   6          float x,y; //正弦值計算
   7          int i;   //角度
   8          main()
   9          {
  10   1        while(1)  //重覆執行 
  11   1         {
  12   2           for(i=0;i<360;i++)       //角度0~359度
  13   2            {
  14   3              x=sin(i*3.14159/180);//角度轉為弧度-1~0~1
  15   3              P0=x*127+128;        //弧度-1~0~1轉為1~128~255輸出
  16   3                  
  17   3                      y=cos(i*3.14159/180);//角度轉為弧度-1~0~1
  18   3              P1=y*127+128;        //弧度-1~0~1轉為1~128~255輸出
  19   3      
  20   3            }
  21   2         }
  22   1      }


MODULE INFORMATION:   STATIC OVERLAYABLE
   CODE SIZE        =    201    ----
   CONSTANT SIZE    =   ----    ----
   XDATA SIZE       =   ----    ----
   PDATA SIZE       =   ----    ----
   DATA SIZE        =     10    ----
   IDATA SIZE       =   ----    ----
   BIT SIZE         =   ----    ----
END OF MODULE INFORMATION.


C51 COMPILATION COMPLETE.  0 WARNING(S),  0 ERROR(S)
