C51 COMPILER V9.00   7_2                                                                   12/10/2009 16:05:16 PAGE 1   


C51 COMPILER V9.00, COMPILATION OF MODULE 7_2
OBJECT MODULE PLACED IN 7_2.OBJ
COMPILER INVOKED BY: C:\Keil\C51\BIN\C51.EXE 7_2.C OPTIMIZE(0,SPEED) BROWSE DEBUG OBJECTEXTEND

line level    source

   1          /********** 7_2.c *******MODE0串列接收**************
   2          * 動作：以MODE0串列接收字元資料，由LED顯示出來
   3          ******************************************************/
   4          #include "..\MPC82.H"   //暫存器及組態定義
   5          main()
   6          {
   7   1         //AUXR2=URM0X6;      //鮑率=Fosc/2(軟體模擬無效)
   8   1         SCON=0x10;  /*0001 0000,設定串列埠為模式0及致能接收
   9   1                       bit7-6:mode=00,串列埠為模式0
  10   1                                       bit4:REN=1,致能接收*/ 
  11   1         while(1)       //重覆執行
  12   1         {
  13   2          while(RI==0); //若RI=0表示未接收完畢，再繼續檢查
  14   2          RI=0;         //若RI=1表示已接收1個字元完畢，清除RI=0
  15   2          LED=SBUF;     //將接收到的字元由LED輸出
  16   2         }
  17   1      }


MODULE INFORMATION:   STATIC OVERLAYABLE
   CODE SIZE        =     59    ----
   CONSTANT SIZE    =   ----    ----
   XDATA SIZE       =   ----    ----
   PDATA SIZE       =   ----    ----
   DATA SIZE        =      4    ----
   IDATA SIZE       =   ----    ----
   BIT SIZE         =   ----    ----
END OF MODULE INFORMATION.


C51 COMPILATION COMPLETE.  0 WARNING(S),  0 ERROR(S)
