C51 COMPILER V9.03   UART9                                                                 04/27/2011 20:30:44 PAGE 1   


C51 COMPILER V9.03, COMPILATION OF MODULE UART9
OBJECT MODULE PLACED IN UART9.OBJ
COMPILER INVOKED BY: C:\Keil\C51\BIN\C51.EXE UART9.c BROWSE DEBUG OBJECTEXTEND

line level    source

   1          /********** UART9.c ****************************
   2          *動作：令UART2鮑率產生器由S2CKO(P35)輸出方波
   3          *硬體：S2CKO(P35)腳連接P10，低頻SW1-4(P1LED)ON，高頻SW2-5(SPK)ON
   4          **********************************************/
   5          #include "..\MPC82.H"  //暫存器及組態定義
   6                                      //S2CKO頻率=Fosc/24/(256-S2BRT)
   7          #define T  225  //S2CKO頻率=22118400/24/225=4096Hz
   8          main()         
   9          {
  10   1        PCON2=7;           //Fosc=Fosc/128，S2CKO頻率=4096Hz/128=32Hz
  11   1        S2BRT=256-T;       //將計數值存入S2BRT
  12   1        AUXR2=S2CKOE+S2TR; //致能S2CKO(P35)輸出方波，啟動鮑率產生器
  13   1        while (1);    //不斷循環執行
  14   1      }


MODULE INFORMATION:   STATIC OVERLAYABLE
   CODE SIZE        =     38    ----
   CONSTANT SIZE    =   ----    ----
   XDATA SIZE       =   ----    ----
   PDATA SIZE       =   ----    ----
   DATA SIZE        =   ----    ----
   IDATA SIZE       =   ----    ----
   BIT SIZE         =   ----    ----
END OF MODULE INFORMATION.


C51 COMPILATION COMPLETE.  0 WARNING(S),  0 ERROR(S)
