Component: ARM Compiler 5.06 update 6 (build 750) Tool: armlink [4d35ed]

==============================================================================

Section Cross References

    main_test.o(i.Delay) refers to main_test.o(.data) for msTicks
    main_test.o(i.SetSysClock) refers to system_stm32f0xx.o(.data) for SystemCoreClock
    main_test.o(i.SysTick_Handler) refers to main_test.o(.data) for msTicks
    main_test.o(i.main) refers to _printf_percent.o(.ARM.Collect$$_printf_percent$$00000000) for _printf_percent
    main_test.o(i.main) refers to _printf_d.o(.ARM.Collect$$_printf_percent$$00000009) for _printf_d
    main_test.o(i.main) refers to _printf_dec.o(.text) for _printf_int_dec
    main_test.o(i.main) refers to main_test.o(i.SetSysClock) for SetSysClock
    main_test.o(i.main) refers to usart_user.o(i.stdout_init) for stdout_init
    main_test.o(i.main) refers to aeabi_sdiv.o(.text) for __aeabi_uidivmod
    main_test.o(i.main) refers to main_test.o(i.__NVIC_SetPriority) for __NVIC_SetPriority
    main_test.o(i.main) refers to noretval__2printf.o(.text) for __2printf
    main_test.o(i.main) refers to main_test.o(i.Delay) for Delay
    main_test.o(i.main) refers to main_test.o(i.Button_GetState) for Button_GetState
    main_test.o(i.main) refers to system_stm32f0xx.o(.data) for SystemCoreClock
    main_test.o(i.main) refers to main_test.o(.bss) for student
    main_test.o(i.main) refers to main_test.o(.data) for dataptr
    retarget_io.o(i._sys_open) refers to strcmp.o(.text) for strcmp
    retarget_io.o(i._sys_write) refers to usart_user.o(i.stdout_putchar) for stdout_putchar
    startup_stm32f072xb.o(STACK) refers (Special) to heapauxi.o(.text) for __use_two_region_memory
    startup_stm32f072xb.o(HEAP) refers (Special) to heapauxi.o(.text) for __use_two_region_memory
    startup_stm32f072xb.o(RESET) refers (Special) to heapauxi.o(.text) for __use_two_region_memory
    startup_stm32f072xb.o(RESET) refers to startup_stm32f072xb.o(STACK) for __initial_sp
    startup_stm32f072xb.o(RESET) refers to startup_stm32f072xb.o(.text) for Reset_Handler
    startup_stm32f072xb.o(RESET) refers to main_test.o(i.SysTick_Handler) for SysTick_Handler
    startup_stm32f072xb.o(.text) refers (Special) to heapauxi.o(.text) for __use_two_region_memory
    startup_stm32f072xb.o(.text) refers to system_stm32f0xx.o(i.SystemInit) for SystemInit
    startup_stm32f072xb.o(.text) refers to __main.o(!!!main) for __main
    startup_stm32f072xb.o(.text) refers to startup_stm32f072xb.o(HEAP) for Heap_Mem
    startup_stm32f072xb.o(.text) refers to startup_stm32f072xb.o(STACK) for Stack_Mem
    system_stm32f0xx.o(i.SystemCoreClockUpdate) refers to aeabi_sdiv.o(.text) for __aeabi_uidivmod
    system_stm32f0xx.o(i.SystemCoreClockUpdate) refers to system_stm32f0xx.o(.data) for SystemCoreClock
    system_stm32f0xx.o(i.SystemCoreClockUpdate) refers to system_stm32f0xx.o(.constdata) for AHBPrescTable
    __2printf.o(.text) refers to _printf_char_file.o(.text) for _printf_char_file
    __2printf.o(.text) refers to stdio_streams.o(.bss) for __stdout
    noretval__2printf.o(.text) refers to _printf_char_file.o(.text) for _printf_char_file
    noretval__2printf.o(.text) refers to stdio_streams.o(.bss) for __stdout
    __printf.o(.text) refers to _printf_percent.o(.ARM.Collect$$_printf_percent$$00000000) for _printf_percent
    _printf_dec.o(.text) refers to rtudiv10.o(.text) for __rt_udiv10
    _printf_dec.o(.text) refers to _printf_intcommon.o(.text) for _printf_int_common
    __printf_flags.o(.text) refers to _printf_percent.o(.ARM.Collect$$_printf_percent$$00000000) for _printf_percent
    __printf_flags.o(.text) refers to __printf_flags.o(.constdata) for .constdata
    __printf_ss.o(.text) refers to _printf_percent.o(.ARM.Collect$$_printf_percent$$00000000) for _printf_percent
    __printf_flags_ss.o(.text) refers to _printf_percent.o(.ARM.Collect$$_printf_percent$$00000000) for _printf_percent
    __printf_flags_ss.o(.text) refers to __printf_flags_ss.o(.constdata) for .constdata
    __printf_wp.o(.text) refers to __printf_wp.o(i._is_digit) for _is_digit
    __printf_wp.o(.text) refers to _printf_percent.o(.ARM.Collect$$_printf_percent$$00000000) for _printf_percent
    __printf_flags_wp.o(.text) refers to __printf_wp.o(i._is_digit) for _is_digit
    __printf_flags_wp.o(.text) refers to _printf_percent.o(.ARM.Collect$$_printf_percent$$00000000) for _printf_percent
    __printf_flags_wp.o(.text) refers to __printf_flags_wp.o(.constdata) for .constdata
    __printf_ss_wp.o(.text) refers to __printf_wp.o(i._is_digit) for _is_digit
    __printf_ss_wp.o(.text) refers to _printf_percent.o(.ARM.Collect$$_printf_percent$$00000000) for _printf_percent
    __printf_flags_ss_wp.o(.text) refers to __printf_wp.o(i._is_digit) for _is_digit
    __printf_flags_ss_wp.o(.text) refers to _printf_percent.o(.ARM.Collect$$_printf_percent$$00000000) for _printf_percent
[...]
    heap2mt.o(i.___Heap_ProvideMemory$realtime$concurrent) refers to fdtree.o(i._FDTree_Insert) for _FDTree_Insert
    heap2mt.o(i.___Heap_Stats$realtime$concurrent) refers to heap2mt.o(i._Heap2_StatsIterate) for _Heap2_StatsIterate
    heap2mt.o(i.___Heap_Stats$realtime$concurrent) refers to aeabi_sdiv.o(.text) for __aeabi_uidivmod
    heap2mt.o(i.___Heap_Valid$realtime$concurrent) refers to heap2mt.o(i._FDIterate) for _FDIterate
    heap2mt.o(i.___Heap_Valid$realtime$concurrent) refers to heap2mt.o(.conststring) for .conststring
    heap2mt.o(i._free$realtime$concurrent) refers to rt_heap_descriptor_intlibspace.o(.text) for __rt_heap_descriptor
    heap2mt.o(i._free$realtime$concurrent) refers to fdtree.o(i._FDTree_Delete) for _FDTree_Delete
    heap2mt.o(i._free$realtime$concurrent) refers to fdtree.o(i._FDTree_Insert) for _FDTree_Insert
    heap2mt.o(i._malloc$realtime$concurrent) refers to rt_heap_descriptor_intlibspace.o(.text) for __rt_heap_descriptor
    heap2mt.o(i._malloc$realtime$concurrent) refers to fdtree.o(i._FDTree_FindFirst) for _FDTree_FindFirst
    heap2mt.o(i._malloc$realtime$concurrent) refers to init_alloc.o(.text) for __Heap_Full
    heap2mt.o(i._malloc$realtime$concurrent) refers to fdtree.o(i._FDTree_RemoveNode) for _FDTree_RemoveNode
    heap2mt.o(i._malloc$realtime$concurrent) refers to fdtree.o(i._FDTree_Insert) for _FDTree_Insert
    heap2mt.o(i._posix_memalign$realtime$concurrent) refers to rt_heap_descriptor_intlibspace.o(.text) for __rt_heap_descriptor
    heap2mt.o(i._posix_memalign$realtime$concurrent) refers to fdtree.o(i._FDTree_FindFirst) for _FDTree_FindFirst
    heap2mt.o(i._posix_memalign$realtime$concurrent) refers to init_alloc.o(.text) for __Heap_Full
    heap2mt.o(i._posix_memalign$realtime$concurrent) refers to fdtree.o(i._FDTree_RemoveNode) for _FDTree_RemoveNode
    heap2mt.o(i._posix_memalign$realtime$concurrent) refers to fdtree.o(i._FDTree_Insert) for _FDTree_Insert
    heap2mt.o(i._realloc$realtime$concurrent) refers to rt_heap_descriptor_intlibspace.o(.text) for __rt_heap_descriptor
    heap2mt.o(i._realloc$realtime$concurrent) refers to h1_free.o(.text) for free
    heap2mt.o(i._realloc$realtime$concurrent) refers to h1_alloc.o(.text) for malloc
    heap2mt.o(i._realloc$realtime$concurrent) refers to fdtree.o(i._FDTree_Delete) for _FDTree_Delete
    heap2mt.o(i._realloc$realtime$concurrent) refers to fdtree.o(i._FDTree_Insert) for _FDTree_Insert
    heap2mt.o(i._realloc$realtime$concurrent) refers to rt_memcpy.o(.emb_text) for __aeabi_memcpy4
    flsbuf.o(.text) refers to stdio.o(.text) for _deferredlazyseek
    flsbuf.o(.text) refers to retarget_io.o(i._sys_flen) for _sys_flen
    flsbuf.o(.text) refers to retarget_io.o(i._sys_istty) for _sys_istty
    flsbuf.o(.text) refers to h1_alloc.o(.text) for malloc
    streamlock.o(.data) refers (Special) to initio.o(.text) for _initio
    fopen.o(.text) refers to fclose.o(.text) for _fclose_internal
    fopen.o(.text) refers to retarget_io.o(i._sys_open) for _sys_open
    fopen.o(.text) refers to fseek.o(.text) for _fseek
    fopen.o(.text) refers to h1_alloc.o(.text) for malloc
    fopen.o(.text) refers to rt_memclr.o(.text) for __aeabi_memclr4
    fopen.o(.text) refers to stdio_streams.o(.bss) for __stdin
    fclose.o(.text) refers to stdio.o(.text) for _fflush
    fclose.o(.text) refers to retarget_io.o(i._sys_close) for _sys_close
    fclose.o(.text) refers to h1_free.o(.text) for free
    fclose.o(.text) refers to rt_memclr.o(.text) for __aeabi_memclr4
    fopen_locked.o(.text) refers to fclose.o(.text) for _fclose_internal
    fopen_locked.o(.text) refers to retarget_io.o(i._sys_open) for _sys_open
    fopen_locked.o(.text) refers to fseek.o(.text) for _fseek
    fopen_locked.o(.text) refers to h1_alloc.o(.text) for malloc
    fopen_locked.o(.text) refers to rt_memclr.o(.text) for __aeabi_memclr4
    fopen_locked.o(.text) refers to streamlock.o(.data) for _stream_list_lock
    fopen_locked.o(.text) refers to stdio_streams.o(.bss) for __stdin
    exit.o(.text) refers to rtexit.o(.ARM.Collect$$rtexit$$00000000) for __rt_exit
    defsig_fpe_outer.o(.text) refers to defsig_fpe_inner.o(.text) for __rt_SIGFPE_inner
    defsig_fpe_outer.o(.text) refers to defsig_exit.o(.text) for __sig_exit
    defsig_fpe_formal.o(.text) refers to rt_raise.o(.text) for __rt_raise
    defsig_rtred_outer.o(.text) refers to defsig_rtred_inner.o(.text) for __rt_SIGRTRED_inner
    defsig_rtred_outer.o(.text) refers to defsig_exit.o(.text) for __sig_exit
    defsig_rtred_formal.o(.text) refers to rt_raise.o(.text) for __rt_raise
    libinit.o(.ARM.Collect$$libinit$$00000000) refers (Special) to libinit2.o(.ARM.Collect$$libinit$$0000002E) for __rt_lib_init_alloca_1
    libinit.o(.ARM.Collect$$libinit$$00000000) refers (Special) to libinit2.o(.ARM.Collect$$libinit$$0000002C) for __rt_lib_init_argv_1
    libinit.o(.ARM.Collect$$libinit$$00000000) refers (Special) to libinit2.o(.ARM.Collect$$libinit$$0000001B) for __rt_lib_init_atexit_1
    libinit.o(.ARM.Collect$$libinit$$00000000) refers (Special) to libinit2.o(.ARM.Collect$$libinit$$00000021) for __rt_lib_init_clock_1
    libinit.o(.ARM.Collect$$libinit$$00000000) refers (Special) to libinit2.o(.ARM.Collect$$libinit$$00000032) for __rt_lib_init_cpp_1
    libinit.o(.ARM.Collect$$libinit$$00000000) refers (Special) to libinit2.o(.ARM.Collect$$libinit$$00000030) for __rt_lib_init_exceptions_1
    libinit.o(.ARM.Collect$$libinit$$00000000) refers (Special) to libinit2.o(.ARM.Collect$$libinit$$00000002) for __rt_lib_init_fp_1
    libinit.o(.ARM.Collect$$libinit$$00000000) refers (Special) to libinit2.o(.ARM.Collect$$libinit$$0000001F) for __rt_lib_init_fp_trap_1
    libinit.o(.ARM.Collect$$libinit$$00000000) refers (Special) to libinit2.o(.ARM.Collect$$libinit$$00000023) for __rt_lib_init_getenv_1
    libinit.o(.ARM.Collect$$libinit$$00000000) refers (Special) to libinit2.o(.ARM.Collect$$libinit$$0000000A) for __rt_lib_init_heap_1
    libinit.o(.ARM.Collect$$libinit$$00000000) refers (Special) to libinit2.o(.ARM.Collect$$libinit$$00000011) for __rt_lib_init_lc_collate_1
    libinit.o(.ARM.Collect$$libinit$$00000000) refers (Special) to libinit2.o(.ARM.Collect$$libinit$$00000013) for __rt_lib_init_lc_ctype_1
    libinit.o(.ARM.Collect$$libinit$$00000000) refers (Special) to libinit2.o(.ARM.Collect$$libinit$$00000015) for __rt_lib_init_lc_monetary_1
    libinit.o(.ARM.Collect$$libinit$$00000000) refers (Special) to libinit2.o(.ARM.Collect$$libinit$$00000017) for __rt_lib_init_lc_numeric_1
    libinit.o(.ARM.Collect$$libinit$$00000000) refers (Special) to libinit2.o(.ARM.Collect$$libinit$$00000019) for __rt_lib_init_lc_time_1
    libinit.o(.ARM.Collect$$libinit$$00000000) refers (Special) to libinit2.o(.ARM.Collect$$libinit$$00000004) for __rt_lib_init_preinit_1
    libinit.o(.ARM.Collect$$libinit$$00000000) refers (Special) to libinit2.o(.ARM.Collect$$libinit$$0000000E) for __rt_lib_init_rand_1
    libinit.o(.ARM.Collect$$libinit$$00000000) refers (Special) to libinit2.o(.ARM.Collect$$libinit$$00000033) for __rt_lib_init_return
    libinit.o(.ARM.Collect$$libinit$$00000000) refers (Special) to libinit2.o(.ARM.Collect$$libinit$$0000001D) for __rt_lib_init_signal_1
    libinit.o(.ARM.Collect$$libinit$$00000000) refers (Special) to libinit2.o(.ARM.Collect$$libinit$$00000025) for __rt_lib_init_stdio_1
    libinit.o(.ARM.Collect$$libinit$$00000000) refers (Special) to libinit2.o(.ARM.Collect$$libinit$$0000000C) for __rt_lib_init_user_alloc_1
    libinit2.o(.ARM.Collect$$libinit$$00000005) refers (Weak) to init_alloc.o(.text) for _init_alloc
    libinit2.o(.ARM.Collect$$libinit$$00000010) refers to libinit2.o(.ARM.Collect$$libinit$$0000000F) for .ARM.Collect$$libinit$$0000000F
    libinit2.o(.ARM.Collect$$libinit$$00000012) refers to libinit2.o(.ARM.Collect$$libinit$$0000000F) for .ARM.Collect$$libinit$$0000000F
    libinit2.o(.ARM.Collect$$libinit$$00000014) refers to libinit2.o(.ARM.Collect$$libinit$$0000000F) for .ARM.Collect$$libinit$$0000000F
    libinit2.o(.ARM.Collect$$libinit$$00000016) refers to libinit2.o(.ARM.Collect$$libinit$$0000000F) for .ARM.Collect$$libinit$$0000000F
    libinit2.o(.ARM.Collect$$libinit$$00000018) refers to libinit2.o(.ARM.Collect$$libinit$$0000000F) for .ARM.Collect$$libinit$$0000000F
    libinit2.o(.ARM.Collect$$libinit$$00000024) refers (Weak) to initio.o(.text) for _initio
    libinit2.o(.ARM.Collect$$libinit$$00000026) refers to argv_veneer.o(.text) for __ARM_argv_veneer
    libinit2.o(.ARM.Collect$$libinit$$00000027) refers to argv_veneer.o(.text) for __ARM_argv_veneer
    libshutdown2.o(.ARM.Collect$$libshutdown$$00000003) refers (Weak) to initio.o(.text) for _terminateio
    libshutdown2.o(.ARM.Collect$$libshutdown$$0000000D) refers (Weak) to term_alloc.o(.text) for _terminate_alloc
    flsbuf_fwide.o(.text) refers to flsbuf.o(.text) for __flsbuf
    libspace.o(.text) refers to libspace.o(.bss) for __libspace_start
    rtexit.o(.ARM.Collect$$rtexit$$00000000) refers (Special) to rtexit2.o(.ARM.Collect$$rtexit$$00000004) for __rt_exit_exit
    rtexit.o(.ARM.Collect$$rtexit$$00000000) refers (Special) to rtexit2.o(.ARM.Collect$$rtexit$$00000003) for __rt_exit_ls
    rtexit.o(.ARM.Collect$$rtexit$$00000000) refers (Special) to rtexit2.o(.ARM.Collect$$rtexit$$00000002) for __rt_exit_prels_1
    rtexit.o(.ARM.exidx) refers (Special) to rtexit2.o(.ARM.Collect$$rtexit$$00000004) for __rt_exit_exit
    rtexit.o(.ARM.exidx) refers (Special) to rtexit2.o(.ARM.Collect$$rtexit$$00000003) for __rt_exit_ls
    rtexit.o(.ARM.exidx) refers (Special) to rtexit2.o(.ARM.Collect$$rtexit$$00000002) for __rt_exit_prels_1
    rtexit.o(.ARM.exidx) refers to rtexit.o(.ARM.Collect$$rtexit$$00000000) for .ARM.Collect$$rtexit$$00000000
    rt_raise.o(.text) refers to __raise.o(.text) for __raise
    rt_raise.o(.text) refers to sys_exit.o(.text) for _sys_exit
    rt_heap_descriptor.o(.text) refers to rt_heap_descriptor.o(.bss) for __rt_heap_descriptor_data
    rt_heap_descriptor_intlibspace.o(.text) refers to libspace.o(.bss) for __libspace_start
    init_alloc.o(.text) refers (Special) to hguard.o(.text) for __heap$guard
    init_alloc.o(.text) refers (Special) to libinit2.o(.ARM.Collect$$libinit$$00000005) for __rt_lib_init_heap_2
    init_alloc.o(.text) refers (Special) to maybetermalloc1.o(.emb_text) for _maybe_terminate_alloc
    init_alloc.o(.text) refers to h1_extend.o(.text) for __Heap_ProvideMemory
    init_alloc.o(.text) refers to defsig_rtmem_outer.o(.text) for __rt_SIGRTMEM
    init_alloc.o(.text) refers to rt_heap_descriptor_intlibspace.o(.text) for __rt_heap_descriptor
    init_alloc.o(.text) refers to h1_init.o(.text) for __Heap_Initialize
    malloc.o(.text) refers (Special) to hguard.o(.text) for __heap$guard
    malloc.o(.text) refers (Special) to init_alloc.o(.text) for _init_alloc
    malloc.o(.text) refers to rt_heap_descriptor_intlibspace.o(.text) for __rt_heap_descriptor
    h1_alloc.o(.text) refers (Special) to h1_init.o(.text) for __Heap_Initialize
    h1_alloc.o(.text) refers to rt_heap_descriptor_intlibspace.o(.text) for __rt_heap_descriptor
    h1_alloc.o(.text) refers to init_alloc.o(.text) for __Heap_Full
    h1_alloc_mt.o(.text) refers (Special) to h1_init.o(.text) for __Heap_Initialize
    h1_alloc_mt.o(.text) refers to init_alloc.o(.text) for __Heap_Full
    h1_alloc_mt.o(.text) refers to rt_heap_descriptor_intlibspace.o(.text) for __rt_heap_descriptor
    _printf_char_file_locked.o(.text) refers to _printf_char_common.o(.text) for _printf_char_common
    _printf_char_file_locked.o(.text) refers to fputc.o(i._fputc$unlocked) for _fputc$unlocked
    fseek.o(.text) refers to retarget_io.o(i._sys_istty) for _sys_istty
    fseek.o(.text) refers to ftell.o(.text) for _ftell_internal
    fseek.o(.text) refers to retarget_io.o(i._sys_flen) for _sys_flen
    fseek.o(.text) refers to stdio.o(.text) for _seterr
    stdio.o(.text) refers to retarget_io.o(i._sys_seek) for _sys_seek
    stdio.o(.text) refers to retarget_io.o(i._sys_write) for _sys_write
    fwritefast.o(.text) refers to stdio.o(.text) for _writebuf
    fwritefast.o(.text) refers to flsbuf.o(.text) for __flsbuf_byte
    fwritefast.o(.text) refers to rt_memcpy.o(.text) for __aeabi_memcpy
    fwritefast_locked.o(.text) refers to stdio.o(.text) for _writebuf
    fwritefast_locked.o(.text) refers to flsbuf.o(.text) for __flsbuf_byte
    fwritefast_locked.o(.text) refers to rt_memcpy.o(.text) for __aeabi_memcpy
    defsig_exit.o(.text) refers to sys_exit.o(.text) for _sys_exit
    defsig_fpe_inner.o(.text) refers to defsig_general.o(.text) for __default_signal_display
    defsig_rtred_inner.o(.text) refers to defsig_general.o(.text) for __default_signal_display
    assert_stdio.o(.text) refers to fputs.o(.text) for fputs
    assert_stdio.o(.text) refers to fflush.o(.text) for fflush
    assert_stdio.o(.text) refers to stdio_streams.o(.bss) for __stderr
    rt_memcpy.o(.text) refers to rt_memcpy.o(.emb_text) for __aeabi_memcpy4
    sys_exit.o(.text) refers (Special) to use_no_semi.o(.text) for __I$use$semihosting
    sys_exit.o(.text) refers (Special) to indicate_semi.o(.text) for __semihosting_library_function
    rtexit2.o(.ARM.Collect$$rtexit$$00000003) refers to libshutdown.o(.ARM.Collect$$libshutdown$$00000000) for __rt_lib_shutdown
    rtexit2.o(.ARM.Collect$$rtexit$$00000004) refers to sys_exit.o(.text) for _sys_exit
    rtexit2.o(.ARM.exidx) refers to rtexit2.o(.ARM.Collect$$rtexit$$00000001) for .ARM.Collect$$rtexit$$00000001
    rtexit2.o(.ARM.exidx) refers to rtexit2.o(.ARM.Collect$$rtexit$$00000003) for .ARM.Collect$$rtexit$$00000003
    rtexit2.o(.ARM.exidx) refers to rtexit2.o(.ARM.Collect$$rtexit$$00000004) for .ARM.Collect$$rtexit$$00000004
    maybetermalloc2.o(.emb_text) refers (Special) to term_alloc.o(.text) for _terminate_alloc
    h1_extend.o(.text) refers to h1_free.o(.text) for free
    h1_extend_mt.o(.text) refers to h1_free_mt.o(.text) for _free_internal
    fflush.o(.text) refers to stdio.o(.text) for _fflush
    fflush.o(.text) refers to fseek.o(.text) for _fseek
    fflush.o(.text) refers to stdio_streams.o(.bss) for __stdin
    fputs.o(.text) refers to fputc.o(i.fputc) for fputc
    ftell.o(.text) refers to rt_errno_addr_intlibspace.o(.text) for __aeabi_errno_addr
    fflush_locked.o(.text) refers to stdio.o(.text) for _fflush
    fflush_locked.o(.text) refers to fseek.o(.text) for _fseek
    fflush_locked.o(.text) refers to fflush.o(.text) for _do_fflush
    fflush_locked.o(.text) refers to streamlock.o(.data) for _stream_list_lock
    fflush_locked.o(.text) refers to stdio_streams.o(.bss) for __stdin
    __raise.o(.text) refers to defsig.o(CL$$defsig) for __default_signal_handler
    defsig_general.o(.text) refers to sys_wrch.o(.text) for _ttywrch
    defsig_rtmem_outer.o(.text) refers to defsig_rtmem_inner.o(.text) for __rt_SIGRTMEM_inner
    defsig_rtmem_outer.o(.text) refers to defsig_exit.o(.text) for __sig_exit
    defsig_rtmem_formal.o(.text) refers to rt_raise.o(.text) for __rt_raise
    heapauxa.o(.text) refers to heapauxa.o(.data) for .data
    _get_argv.o(.text) refers (Special) to hrguard.o(.text) for __heap_region$guard
    _get_argv.o(.text) refers to h1_alloc.o(.text) for malloc
    _get_argv.o(.text) refers to defsig_rtmem_outer.o(.text) for __rt_SIGRTMEM
    _get_argv.o(.text) refers to sys_command.o(.text) for _sys_command_string
    _get_argv_nomalloc.o(.text) refers (Special) to hrguard.o(.text) for __heap_region$guard
    _get_argv_nomalloc.o(.text) refers to defsig_rtmem_outer.o(.text) for __rt_SIGRTMEM
    _get_argv_nomalloc.o(.text) refers to sys_command.o(.text) for _sys_command_string
    sys_wrch.o(.text) refers (Special) to use_no_semi.o(.text) for __I$use$semihosting
    sys_wrch.o(.text) refers (Special) to indicate_semi.o(.text) for __semihosting_library_function
    sys_command.o(.text) refers (Special) to use_no_semi.o(.text) for __I$use$semihosting
    sys_command.o(.text) refers (Special) to indicate_semi.o(.text) for __semihosting_library_function
    rt_errno_addr.o(.text) refers to rt_errno_addr.o(.bss) for __aeabi_errno_addr_data
    rt_errno_addr_intlibspace.o(.text) refers to libspace.o(.bss) for __libspace_start
    term_alloc.o(.text) refers (Special) to libshutdown2.o(.ARM.Collect$$libshutdown$$0000000E) for __rt_lib_shutdown_heap_2
    term_alloc.o(.text) refers to rt_heap_descriptor_intlibspace.o(.text) for __rt_heap_descriptor
    defsig_rtmem_inner.o(.text) refers to defsig_general.o(.text) for __default_signal_display
    defsig.o(CL$$defsig) refers to defsig_fpe_inner.o(.text) for __rt_SIGFPE_inner
    defsig.o(CL$$defsig) refers to defsig_rtred_inner.o(.text) for __rt_SIGRTRED_inner
    defsig.o(CL$$defsig) refers to defsig_rtmem_inner.o(.text) for __rt_SIGRTMEM_inner
    libshutdown.o(.ARM.Collect$$libshutdown$$00000000) refers (Special) to libshutdown2.o(.ARM.Collect$$libshutdown$$00000002) for __rt_lib_shutdown_cpp_1
    libshutdown.o(.ARM.Collect$$libshutdown$$00000000) refers (Special) to libshutdown2.o(.ARM.Collect$$libshutdown$$00000007) for __rt_lib_shutdown_fp_trap_1
    libshutdown.o(.ARM.Collect$$libshutdown$$00000000) refers (Special) to libshutdown2.o(.ARM.Collect$$libshutdown$$0000000F) for __rt_lib_shutdown_heap_1
    libshutdown.o(.ARM.Collect$$libshutdown$$00000000) refers (Special) to libshutdown2.o(.ARM.Collect$$libshutdown$$00000010) for __rt_lib_shutdown_return
    libshutdown.o(.ARM.Collect$$libshutdown$$00000000) refers (Special) to libshutdown2.o(.ARM.Collect$$libshutdown$$0000000A) for __rt_lib_shutdown_signal_1
    libshutdown.o(.ARM.Collect$$libshutdown$$00000000) refers (Special) to libshutdown2.o(.ARM.Collect$$libshutdown$$00000004) for __rt_lib_shutdown_stdio_1
    libshutdown.o(.ARM.Collect$$libshutdown$$00000000) refers (Special) to libshutdown2.o(.ARM.Collect$$libshutdown$$0000000C) for __rt_lib_shutdown_user_alloc_1
    defsig_abrt_inner.o(.text) refers to defsig_general.o(.text) for __default_signal_display
    defsig_stak_inner.o(.text) refers to defsig_general.o(.text) for __default_signal_display
    defsig_pvfn_inner.o(.text) refers to defsig_general.o(.text) for __default_signal_display
    defsig_cppl_inner.o(.text) refers to defsig_general.o(.text) for __default_signal_display
    defsig_segv_inner.o(.text) refers to defsig_general.o(.text) for __default_signal_display
    defsig_other.o(.text) refers to defsig_general.o(.text) for __default_signal_display


==============================================================================

Removing Unused input sections from the image.

    Removing main_test.o(.rev16_text), (4 bytes).
    Removing main_test.o(.revsh_text), (4 bytes).
    Removing main_test.o(i.Button_Init), (40 bytes).
    Removing usart_user.o(.rev16_text), (4 bytes).
    Removing usart_user.o(.revsh_text), (4 bytes).
    Removing usart_user.o(i.stdin_getchar), (2 bytes).
    Removing usart_user.o(i.stdin_init), (2 bytes).
    Removing retarget_io.o(i._sys_read), (56 bytes).
    Removing system_stm32f0xx.o(.rev16_text), (4 bytes).
    Removing system_stm32f0xx.o(.revsh_text), (4 bytes).
    Removing system_stm32f0xx.o(i.SystemCoreClockUpdate), (208 bytes).
    Removing system_stm32f0xx.o(.constdata), (16 bytes).

12 unused section(s) (total 348 bytes) removed from the image.

==============================================================================

Image Symbol Table

    Local Symbols

    Symbol Name                              Value     Ov Type        Size  Object(Section)

    ../clib/angel/boardlib.s                 0x00000000   Number         0  boardinit2.o ABSOLUTE
    ../clib/angel/boardlib.s                 0x00000000   Number         0  boardinit1.o ABSOLUTE
    ../clib/angel/boardlib.s                 0x00000000   Number         0  boardinit3.o ABSOLUTE
    ../clib/angel/boardlib.s                 0x00000000   Number         0  boardshut.o ABSOLUTE
    ../clib/angel/handlers.s                 0x00000000   Number         0  __scatter_zi.o ABSOLUTE
    ../clib/angel/handlers.s                 0x00000000   Number         0  __scatter_copy.o ABSOLUTE
    ../clib/angel/kernel.s                   0x00000000   Number         0  rtexit.o ABSOLUTE
    ../clib/angel/kernel.s                   0x00000000   Number         0  __rtentry.o ABSOLUTE
    ../clib/angel/kernel.s                   0x00000000   Number         0  __rtentry2.o ABSOLUTE
    ../clib/angel/kernel.s                   0x00000000   Number         0  __rtentry4.o ABSOLUTE
    ../clib/angel/kernel.s                   0x00000000   Number         0  rtexit2.o ABSOLUTE
    ../clib/angel/rt.s                       0x00000000   Number         0  aeabi_idiv0.o ABSOLUTE
    ../clib/angel/rt.s                       0x00000000   Number         0  rt_heap_descriptor.o ABSOLUTE
    ../clib/angel/rt.s                       0x00000000   Number         0  rt_raise.o ABSOLUTE
    ../clib/angel/rt.s                       0x00000000   Number         0  rt_heap_descriptor_intlibspace.o ABSOLUTE
    ../clib/angel/rt.s                       0x00000000   Number         0  aeabi_idiv0_sigfpe.o ABSOLUTE
    ../clib/angel/rt.s                       0x00000000   Number         0  rt_errno_addr_intlibspace.o ABSOLUTE
    ../clib/angel/rt.s                       0x00000000   Number         0  rt_errno_addr.o ABSOLUTE
    ../clib/angel/rt.s                       0x00000000   Number         0  rt_div0.o ABSOLUTE
    ../clib/angel/scatterp.s                 0x00000000   Number         0  __scatter.o ABSOLUTE
    ../clib/angel/startup.s                  0x00000000   Number         0  __main.o ABSOLUTE
    ../clib/angel/sys.s                      0x00000000   Number         0  tempstk.o ABSOLUTE
    ../clib/angel/sys.s                      0x00000000   Number         0  libspace.o ABSOLUTE
    ../clib/angel/sys.s                      0x00000000   Number         0  indicate_semi.o ABSOLUTE
    ../clib/angel/sys.s                      0x00000000   Number         0  use_no_semi.o ABSOLUTE
    ../clib/angel/sys.s                      0x00000000   Number         0  sys_stackheap_outer.o ABSOLUTE
    ../clib/angel/sys.s                      0x00000000   Number         0  mutex_dummy.o ABSOLUTE
    ../clib/angel/sysapp.c                   0x00000000   Number         0  sys_command.o ABSOLUTE
    ../clib/angel/sysapp.c                   0x00000000   Number         0  sys_wrch.o ABSOLUTE
    ../clib/angel/sysapp.c                   0x00000000   Number         0  sys_exit.o ABSOLUTE
    ../clib/armsys.c                         0x00000000   Number         0  _get_argv.o ABSOLUTE
    ../clib/armsys.c                         0x00000000   Number         0  argv_veneer.o ABSOLUTE
    ../clib/armsys.c                         0x00000000   Number         0  no_argv.o ABSOLUTE
    ../clib/armsys.c                         0x00000000   Number         0  _get_argv_nomalloc.o ABSOLUTE
    ../clib/assert.c                         0x00000000   Number         0  assert_stdio.o ABSOLUTE
    ../clib/division.c                       0x00000000   Number         0  rtudiv10.o ABSOLUTE
    ../clib/division.s                       0x00000000   Number         0  aeabi_sdiv_div0.o ABSOLUTE
    ../clib/division.s                       0x00000000   Number         0  aeabi_sdiv.o ABSOLUTE
    ../clib/heap1.c                          0x00000000   Number         0  h1_final.o ABSOLUTE
    ../clib/heap1.c                          0x00000000   Number         0  h1_extend.o ABSOLUTE
    ../clib/heap1.c                          0x00000000   Number         0  h1_init_mt.o ABSOLUTE
    ../clib/heap1.c                          0x00000000   Number         0  h1_extend_mt.o ABSOLUTE
    ../clib/heap1.c                          0x00000000   Number         0  h1_final_mt.o ABSOLUTE
    ../clib/heap1.c                          0x00000000   Number         0  h1_free.o ABSOLUTE
    ../clib/heap1.c                          0x00000000   Number         0  h1_init.o ABSOLUTE
    ../clib/heap1.c                          0x00000000   Number         0  h1_free_mt.o ABSOLUTE
    ../clib/heap1.c                          0x00000000   Number         0  h1_alloc_mt.o ABSOLUTE
    ../clib/heap1.c                          0x00000000   Number         0  h1_alloc.o ABSOLUTE
    ../clib/heap2.c                          0x00000000   Number         0  heap2.o ABSOLUTE
    ../clib/heap2.c                          0x00000000   Number         0  heap2mt.o ABSOLUTE
    ../clib/heap2.c                          0x00000000   Number         0  fdtree.o ABSOLUTE
    ../clib/heapalloc.c                      0x00000000   Number         0  maybetermalloc2.o ABSOLUTE
    ../clib/heapalloc.c                      0x00000000   Number         0  maybetermalloc2.o ABSOLUTE
    ../clib/heapalloc.c                      0x00000000   Number         0  free.o ABSOLUTE
    ../clib/heapalloc.c                      0x00000000   Number         0  maybetermalloc1.o ABSOLUTE
    ../clib/heapalloc.c                      0x00000000   Number         0  malloc.o ABSOLUTE
    ../clib/heapalloc.c                      0x00000000   Number         0  term_alloc.o ABSOLUTE
    ../clib/heapalloc.c                      0x00000000   Number         0  init_alloc.o ABSOLUTE
    ../clib/heapalloc.c                      0x00000000   Number         0  maybetermalloc1.o ABSOLUTE
    ../clib/heapalloc.c                      0x00000000   Number         0  hguard.o ABSOLUTE
    ../clib/heapalloc.c                      0x00000000   Number         0  hrguard.o ABSOLUTE
    ../clib/heapalloc.c                      0x00000000   Number         0  heapstubs.o ABSOLUTE
    ../clib/heapaux.c                        0x00000000   Number         0  heapauxa.o ABSOLUTE
    ../clib/heapaux.c                        0x00000000   Number         0  heapauxi.o ABSOLUTE
    ../clib/libinit.s                        0x00000000   Number         0  libinit.o ABSOLUTE
    ../clib/libinit.s                        0x00000000   Number         0  libinit2.o ABSOLUTE
    ../clib/libinit.s                        0x00000000   Number         0  libshutdown2.o ABSOLUTE
    ../clib/libinit.s                        0x00000000   Number         0  libshutdown.o ABSOLUTE
    ../clib/memcpset.c                       0x00000000   Number         0  rt_memclr.o ABSOLUTE
    ../clib/memcpset.c                       0x00000000   Number         0  rt_memcpy.o ABSOLUTE
    ../clib/memcpset.c                       0x00000000   Number         0  rt_memcpy.o ABSOLUTE
    ../clib/printf.c                         0x00000000   Number         0  _printf_intcommon.o ABSOLUTE
    ../clib/printf.c                         0x00000000   Number         0  __printf_flags_wp.o ABSOLUTE
    ../clib/printf.c                         0x00000000   Number         0  __printf_wp.o ABSOLUTE
    ../clib/printf.c                         0x00000000   Number         0  __printf.o ABSOLUTE
    ../clib/printf.c                         0x00000000   Number         0  _printf_char_file_locked.o ABSOLUTE
    ../clib/printf.c                         0x00000000   Number         0  _printf_char_file.o ABSOLUTE
    ../clib/printf.c                         0x00000000   Number         0  __2printf.o ABSOLUTE
    ../clib/printf.c                         0x00000000   Number         0  _printf_dec.o ABSOLUTE
    ../clib/printf.c                         0x00000000   Number         0  noretval__2printf.o ABSOLUTE
    ../clib/printf.c                         0x00000000   Number         0  __printf_flags.o ABSOLUTE
    ../clib/printf.c                         0x00000000   Number         0  _printf_char_common.o ABSOLUTE
    ../clib/printf.c                         0x00000000   Number         0  __printf_ss.o ABSOLUTE
    ../clib/printf.c                         0x00000000   Number         0  __printf_flags_ss_wp.o ABSOLUTE
    ../clib/printf.c                         0x00000000   Number         0  __printf_nopercent.o ABSOLUTE
    ../clib/printf.c                         0x00000000   Number         0  __printf_ss_wp.o ABSOLUTE
    ../clib/printf.c                         0x00000000   Number         0  __printf_flags_ss.o ABSOLUTE
    ../clib/printf_percent.s                 0x00000000   Number         0  _printf_percent_end.o ABSOLUTE
    ../clib/printf_percent.s                 0x00000000   Number         0  _printf_percent.o ABSOLUTE
    ../clib/printf_percent.s                 0x00000000   Number         0  _printf_d.o ABSOLUTE
    ../clib/signal.c                         0x00000000   Number         0  defsig_exit.o ABSOLUTE
    ../clib/signal.c                         0x00000000   Number         0  defsig_rtred_formal.o ABSOLUTE
    ../clib/signal.c                         0x00000000   Number         0  defsig_rtmem_formal.o ABSOLUTE
    ../clib/signal.c                         0x00000000   Number         0  defsig_rtmem_outer.o ABSOLUTE
    ../clib/signal.c                         0x00000000   Number         0  defsig_fpe_inner.o ABSOLUTE
    ../clib/signal.c                         0x00000000   Number         0  defsig_fpe_outer.o ABSOLUTE
    ../clib/signal.c                         0x00000000   Number         0  defsig_rtred_inner.o ABSOLUTE
    ../clib/signal.c                         0x00000000   Number         0  defsig_fpe_formal.o ABSOLUTE
    ../clib/signal.c                         0x00000000   Number         0  defsig_rtred_outer.o ABSOLUTE
    ../clib/signal.c                         0x00000000   Number         0  __raise.o ABSOLUTE
    ../clib/signal.c                         0x00000000   Number         0  defsig_rtmem_inner.o ABSOLUTE
    ../clib/signal.c                         0x00000000   Number         0  defsig_segv_inner.o ABSOLUTE
    ../clib/signal.c                         0x00000000   Number         0  defsig_general.o ABSOLUTE
    ../clib/signal.c                         0x00000000   Number         0  defsig_cppl_inner.o ABSOLUTE
    ../clib/signal.c                         0x00000000   Number         0  defsig_pvfn_inner.o ABSOLUTE
    ../clib/signal.c                         0x00000000   Number         0  defsig_stak_inner.o ABSOLUTE
    ../clib/signal.c                         0x00000000   Number         0  defsig_abrt_inner.o ABSOLUTE
    ../clib/signal.c                         0x00000000   Number         0  defsig_other.o ABSOLUTE
    ../clib/signal.s                         0x00000000   Number         0  defsig.o ABSOLUTE
    ../clib/stdio.c                          0x00000000   Number         0  stdio.o ABSOLUTE
    ../clib/stdio.c                          0x00000000   Number         0  fseek.o ABSOLUTE
    ../clib/stdio.c                          0x00000000   Number         0  fopen.o ABSOLUTE
    ../clib/stdio.c                          0x00000000   Number         0  fclose.o ABSOLUTE
    ../clib/stdio.c                          0x00000000   Number         0  setvbuf_locked.o ABSOLUTE
    ../clib/stdio.c                          0x00000000   Number         0  fopen_locked.o ABSOLUTE
    ../clib/stdio.c                          0x00000000   Number         0  ferror.o ABSOLUTE
    ../clib/stdio.c                          0x00000000   Number         0  fputc.o ABSOLUTE
    ../clib/stdio.c                          0x00000000   Number         0  fflush_locked.o ABSOLUTE
    ../clib/stdio.c                          0x00000000   Number         0  fputs_locked.o ABSOLUTE
    ../clib/stdio.c                          0x00000000   Number         0  ftell.o ABSOLUTE
    ../clib/stdio.c                          0x00000000   Number         0  fputs.o ABSOLUTE
    ../clib/stdio.c                          0x00000000   Number         0  fflush.o ABSOLUTE
    ../clib/stdio.c                          0x00000000   Number         0  initio.o ABSOLUTE
    ../clib/stdio.c                          0x00000000   Number         0  stdio_streams.o ABSOLUTE
    ../clib/stdio.c                          0x00000000   Number         0  initio_locked.o ABSOLUTE
    ../clib/stdio.c                          0x00000000   Number         0  fputc_locked.o ABSOLUTE
    ../clib/stdio.c                          0x00000000   Number         0  ferror_locked.o ABSOLUTE
    ../clib/stdio.c                          0x00000000   Number         0  fwritefast.o ABSOLUTE
    ../clib/stdio.c                          0x00000000   Number         0  flsbuf.o ABSOLUTE
    ../clib/stdio.c                          0x00000000   Number         0  setvbuf.o ABSOLUTE
    ../clib/stdio.c                          0x00000000   Number         0  streamlock.o ABSOLUTE
    ../clib/stdio.c                          0x00000000   Number         0  fwritefast_locked.o ABSOLUTE
    ../clib/stdlib.c                         0x00000000   Number         0  exit.o ABSOLUTE
    ../clib/string.c                         0x00000000   Number         0  strcmp.o ABSOLUTE
    ../clib/wchar.c                          0x00000000   Number         0  flsbuf_fwide.o ABSOLUTE
    ../fplib/cfplib/fpinit.c                 0x00000000   Number         0  fpinit.o ABSOLUTE
    C:\Keil_v5\ARM\PACK\Keil\ARM_Compiler\1.4.0\Source\retarget_io.c 0x00000000   Number         0  retarget_io.o ABSOLUTE
    RTE\Device\STM32F072RB\startup_stm32f072xb.s 0x00000000   Number         0  startup_stm32f072xb.o ABSOLUTE
    RTE\Device\STM32F072RB\system_stm32f0xx.c 0x00000000   Number         0  system_stm32f0xx.o ABSOLUTE
    RTE\\Device\\STM32F072RB\\system_stm32f0xx.c 0x00000000   Number         0  system_stm32f0xx.o ABSOLUTE
    dc.s                                     0x00000000   Number         0  dc.o ABSOLUTE
    main_test.c                              0x00000000   Number         0  main_test.o ABSOLUTE
    main_test.c                              0x00000000   Number         0  main_test.o ABSOLUTE
    usart_user.c                             0x00000000   Number         0  usart_user.o ABSOLUTE
    usart_user.c                             0x00000000   Number         0  usart_user.o ABSOLUTE
    RESET                                    0x08000000   Section      192  startup_stm32f072xb.o(RESET)
    !!!main                                  0x080000c0   Section        8  __main.o(!!!main)
    !!!scatter                               0x080000c8   Section       60  __scatter.o(!!!scatter)
    !!handler_copy                           0x08000104   Section       26  __scatter_copy.o(!!handler_copy)
    !!handler_zi                             0x08000120   Section       28  __scatter_zi.o(!!handler_zi)
    .ARM.Collect$$_printf_percent$$00000000  0x0800013c   Section        2  _printf_percent.o(.ARM.Collect$$_printf_percent$$00000000)
    .ARM.Collect$$_printf_percent$$00000009  0x0800013e   Section       10  _printf_d.o(.ARM.Collect$$_printf_percent$$00000009)
    .ARM.Collect$$_printf_percent$$00000017  0x08000148   Section        4  _printf_percent_end.o(.ARM.Collect$$_printf_percent$$00000017)
    .ARM.Collect$$libinit$$00000000          0x0800014c   Section        2  libinit.o(.ARM.Collect$$libinit$$00000000)
    .ARM.Collect$$libinit$$00000002          0x0800014e   Section        0  libinit2.o(.ARM.Collect$$libinit$$00000002)
    .ARM.Collect$$libinit$$00000004          0x0800014e   Section        0  libinit2.o(.ARM.Collect$$libinit$$00000004)
    .ARM.Collect$$libinit$$00000005          0x0800014e   Section        8  libinit2.o(.ARM.Collect$$libinit$$00000005)
    .ARM.Collect$$libinit$$0000000A          0x08000156   Section        0  libinit2.o(.ARM.Collect$$libinit$$0000000A)
    .ARM.Collect$$libinit$$0000000C          0x08000156   Section        0  libinit2.o(.ARM.Collect$$libinit$$0000000C)
    .ARM.Collect$$libinit$$0000000E          0x08000156   Section        0  libinit2.o(.ARM.Collect$$libinit$$0000000E)
    .ARM.Collect$$libinit$$00000011          0x08000156   Section        0  libinit2.o(.ARM.Collect$$libinit$$00000011)
    .ARM.Collect$$libinit$$00000013          0x08000156   Section        0  libinit2.o(.ARM.Collect$$libinit$$00000013)
    .ARM.Collect$$libinit$$00000015          0x08000156   Section        0  libinit2.o(.ARM.Collect$$libinit$$00000015)
    .ARM.Collect$$libinit$$00000017          0x08000156   Section        0  libinit2.o(.ARM.Collect$$libinit$$00000017)
    .ARM.Collect$$libinit$$00000019          0x08000156   Section        0  libinit2.o(.ARM.Collect$$libinit$$00000019)
    .ARM.Collect$$libinit$$0000001B          0x08000156   Section        0  libinit2.o(.ARM.Collect$$libinit$$0000001B)
    .ARM.Collect$$libinit$$0000001D          0x08000156   Section        0  libinit2.o(.ARM.Collect$$libinit$$0000001D)
    .ARM.Collect$$libinit$$0000001F          0x08000156   Section        0  libinit2.o(.ARM.Collect$$libinit$$0000001F)
    .ARM.Collect$$libinit$$00000021          0x08000156   Section        0  libinit2.o(.ARM.Collect$$libinit$$00000021)
    .ARM.Collect$$libinit$$00000023          0x08000156   Section        0  libinit2.o(.ARM.Collect$$libinit$$00000023)
    .ARM.Collect$$libinit$$00000024          0x08000156   Section        4  libinit2.o(.ARM.Collect$$libinit$$00000024)
    .ARM.Collect$$libinit$$00000025          0x0800015a   Section        0  libinit2.o(.ARM.Collect$$libinit$$00000025)
    .ARM.Collect$$libinit$$0000002C          0x0800015a   Section        0  libinit2.o(.ARM.Collect$$libinit$$0000002C)
    .ARM.Collect$$libinit$$0000002E          0x0800015a   Section        0  libinit2.o(.ARM.Collect$$libinit$$0000002E)
    .ARM.Collect$$libinit$$00000030          0x0800015a   Section        0  libinit2.o(.ARM.Collect$$libinit$$00000030)
    .ARM.Collect$$libinit$$00000032          0x0800015a   Section        0  libinit2.o(.ARM.Collect$$libinit$$00000032)
    .ARM.Collect$$libinit$$00000033          0x0800015a   Section        2  libinit2.o(.ARM.Collect$$libinit$$00000033)
    .ARM.Collect$$libshutdown$$00000000      0x0800015c   Section        2  libshutdown.o(.ARM.Collect$$libshutdown$$00000000)
    .ARM.Collect$$libshutdown$$00000002      0x0800015e   Section        0  libshutdown2.o(.ARM.Collect$$libshutdown$$00000002)
    .ARM.Collect$$libshutdown$$00000003      0x0800015e   Section        4  libshutdown2.o(.ARM.Collect$$libshutdown$$00000003)
    .ARM.Collect$$libshutdown$$00000004      0x08000162   Section        0  libshutdown2.o(.ARM.Collect$$libshutdown$$00000004)
    .ARM.Collect$$libshutdown$$00000007      0x08000162   Section        0  libshutdown2.o(.ARM.Collect$$libshutdown$$00000007)
    .ARM.Collect$$libshutdown$$0000000A      0x08000162   Section        0  libshutdown2.o(.ARM.Collect$$libshutdown$$0000000A)
    .ARM.Collect$$libshutdown$$0000000C      0x08000162   Section        0  libshutdown2.o(.ARM.Collect$$libshutdown$$0000000C)
    .ARM.Collect$$libshutdown$$0000000F      0x08000162   Section        0  libshutdown2.o(.ARM.Collect$$libshutdown$$0000000F)
    .ARM.Collect$$libshutdown$$00000010      0x08000162   Section        2  libshutdown2.o(.ARM.Collect$$libshutdown$$00000010)
    .ARM.Collect$$rtentry$$00000000          0x08000164   Section        0  __rtentry.o(.ARM.Collect$$rtentry$$00000000)
    .ARM.Collect$$rtentry$$00000002          0x08000164   Section        0  __rtentry2.o(.ARM.Collect$$rtentry$$00000002)
    .ARM.Collect$$rtentry$$00000004          0x08000164   Section        6  __rtentry4.o(.ARM.Collect$$rtentry$$00000004)
    .ARM.Collect$$rtentry$$00000009          0x0800016a   Section        0  __rtentry2.o(.ARM.Collect$$rtentry$$00000009)
    .ARM.Collect$$rtentry$$0000000A          0x0800016a   Section        4  __rtentry2.o(.ARM.Collect$$rtentry$$0000000A)
    .ARM.Collect$$rtentry$$0000000C          0x0800016e   Section        0  __rtentry2.o(.ARM.Collect$$rtentry$$0000000C)
    .ARM.Collect$$rtentry$$0000000D          0x0800016e   Section        8  __rtentry2.o(.ARM.Collect$$rtentry$$0000000D)
    .ARM.Collect$$rtexit$$00000000           0x08000176   Section        2  rtexit.o(.ARM.Collect$$rtexit$$00000000)
    .ARM.Collect$$rtexit$$00000002           0x08000178   Section        0  rtexit2.o(.ARM.Collect$$rtexit$$00000002)
    .ARM.Collect$$rtexit$$00000003           0x08000178   Section        4  rtexit2.o(.ARM.Collect$$rtexit$$00000003)
    .ARM.Collect$$rtexit$$00000004           0x0800017c   Section        6  rtexit2.o(.ARM.Collect$$rtexit$$00000004)
    .emb_text                                0x08000184   Section        0  maybetermalloc1.o(.emb_text)
    .text                                    0x08000184   Section       56  startup_stm32f072xb.o(.text)
    .text                                    0x080001bc   Section        0  noretval__2printf.o(.text)
    .text                                    0x080001d8   Section        0  __printf.o(.text)
    .text                                    0x08000244   Section        0  _printf_dec.o(.text)
    .text                                    0x080002b0   Section        0  strcmp.o(.text)
    .text                                    0x08000338   Section      346  aeabi_sdiv.o(.text)
    .text                                    0x08000492   Section        0  heapauxi.o(.text)
    .text                                    0x08000498   Section        0  _printf_intcommon.o(.text)
    .text                                    0x08000548   Section        0  _printf_char_file.o(.text)
    .text                                    0x08000570   Section        0  rtudiv10.o(.text)
    .text                                    0x08000598   Section        0  _printf_char_common.o(.text)
    _printf_input_char                       0x08000599   Thumb Code    10  _printf_char_common.o(.text)
    .text                                    0x080005c8   Section        0  ferror.o(.text)
    .text                                    0x080005d0   Section        0  initio.o(.text)
    .text                                    0x0800070c   Section       62  sys_stackheap_outer.o(.text)
    .text                                    0x0800074a   Section        0  h1_free.o(.text)
    .text                                    0x08000798   Section        0  flsbuf.o(.text)
    .text                                    0x08000988   Section        0  setvbuf.o(.text)
    .text                                    0x080009d4   Section        0  fopen.o(.text)
    _freopen_locked                          0x080009d5   Thumb Code     0  fopen.o(.text)
    .text                                    0x08000abc   Section        0  fclose.o(.text)
    .text                                    0x08000b08   Section        0  exit.o(.text)
    .text                                    0x08000b18   Section        0  defsig_rtred_outer.o(.text)
    .text                                    0x08000b24   Section        0  rt_memclr.o(.text)
    .text                                    0x08000b64   Section        8  libspace.o(.text)
    .text                                    0x08000b6c   Section        8  rt_heap_descriptor_intlibspace.o(.text)
    .text                                    0x08000b74   Section        0  hguard.o(.text)
    .text                                    0x08000b78   Section        0  init_alloc.o(.text)
    .text                                    0x08000c00   Section        0  h1_alloc.o(.text)
    .text                                    0x08000c64   Section        0  fseek.o(.text)
    .text                                    0x08000d58   Section        0  stdio.o(.text)
    .text                                    0x08000e48   Section        0  defsig_exit.o(.text)
    .text                                    0x08000e54   Section        0  defsig_rtred_inner.o(.text)
    .text                                    0x08000e88   Section        0  sys_exit.o(.text)
    .text                                    0x08000e94   Section        0  h1_init.o(.text)
    .text                                    0x08000ea2   Section        0  h1_extend.o(.text)
    .text                                    0x08000ed6   Section        0  ftell.o(.text)
    .text                                    0x08000f18   Section        0  defsig_general.o(.text)
    .text                                    0x08000f4c   Section        0  defsig_rtmem_outer.o(.text)
    .text                                    0x08000f58   Section        0  sys_wrch.o(.text)
    .text                                    0x08000f64   Section        2  use_no_semi.o(.text)
    .text                                    0x08000f66   Section        0  indicate_semi.o(.text)
    .text                                    0x08000f68   Section        8  rt_errno_addr_intlibspace.o(.text)
    .text                                    0x08000f70   Section        0  defsig_rtmem_inner.o(.text)
    i.Button_GetState                        0x08000fc0   Section        0  main_test.o(i.Button_GetState)
    i.Delay                                  0x08000fdc   Section        0  main_test.o(i.Delay)
    i.SetSysClock                            0x08000ff4   Section        0  main_test.o(i.SetSysClock)
    SetSysClock                              0x08000ff5   Thumb Code   124  main_test.o(i.SetSysClock)
    i.SysTick_Handler                        0x08001080   Section        0  main_test.o(i.SysTick_Handler)
    i.SystemInit                             0x08001090   Section        0  system_stm32f0xx.o(i.SystemInit)
    i.__NVIC_SetPriority                     0x08001108   Section        0  main_test.o(i.__NVIC_SetPriority)
    __NVIC_SetPriority                       0x08001109   Thumb Code   110  main_test.o(i.__NVIC_SetPriority)
    i._sys_close                             0x08001180   Section        0  retarget_io.o(i._sys_close)
    i._sys_flen                              0x080011ac   Section        0  retarget_io.o(i._sys_flen)
    i._sys_istty                             0x080011d4   Section        0  retarget_io.o(i._sys_istty)
    i._sys_open                              0x080011fc   Section        0  retarget_io.o(i._sys_open)
    i._sys_seek                              0x0800126c   Section        0  retarget_io.o(i._sys_seek)
    i._sys_write                             0x0800129c   Section        0  retarget_io.o(i._sys_write)
    i.fputc                                  0x080012e0   Section        0  fputc.o(i.fputc)
    i.main                                   0x08001300   Section        0  main_test.o(i.main)
    i.stdout_init                            0x080014b0   Section        0  usart_user.o(i.stdout_init)
    i.stdout_putchar                         0x08001520   Section        0  usart_user.o(i.stdout_putchar)
    .constdata                               0x08001540   Section       23  retarget_io.o(.constdata)
    .data                                    0x20000000   Section       20  main_test.o(.data)
    .data                                    0x20000014   Section        4  system_stm32f0xx.o(.data)
    .data                                    0x20000018   Section        4  stdio_streams.o(.data)
    .data                                    0x2000001c   Section        4  stdio_streams.o(.data)
    .data                                    0x20000020   Section        4  stdio_streams.o(.data)
    .bss                                     0x20000024   Section       12  main_test.o(.bss)
    .bss                                     0x20000030   Section       84  stdio_streams.o(.bss)
    .bss                                     0x20000084   Section       84  stdio_streams.o(.bss)
    .bss                                     0x200000d8   Section       84  stdio_streams.o(.bss)
    .bss                                     0x2000012c   Section       96  libspace.o(.bss)
    HEAP                                     0x20000190   Section      512  startup_stm32f072xb.o(HEAP)
    Heap_Mem                                 0x20000190   Data         512  startup_stm32f072xb.o(HEAP)
    STACK                                    0x20000390   Section     1024  startup_stm32f072xb.o(STACK)
    Stack_Mem                                0x20000390   Data        1024  startup_stm32f072xb.o(STACK)
    __initial_sp                             0x20000790   Data           0  startup_stm32f072xb.o(STACK)

    Global Symbols

    Symbol Name                              Value     Ov Type        Size  Object(Section)

    BuildAttributes$$THM_ISAv3M$S$PE$A:L22$X:L11$S22$IEEE1$IW$USESV6$~STKCKD$USESV7$~SHL$OTIME$ROPI$EBA8$UX$STANDARDLIB$REQ8$PRES8$EABIv2 0x00000000   Number         0  anon$$obj.o ABSOLUTE
    __ARM_use_no_argv                        0x00000000   Number         0  main_test.o ABSOLUTE
    __ARM_exceptions_init                     - Undefined Weak Reference
    __alloca_initialize                       - Undefined Weak Reference
    __arm_preinit_                            - Undefined Weak Reference
    __cpp_initialize__aeabi_                  - Undefined Weak Reference
    __cxa_finalize                            - Undefined Weak Reference
    __rt_locale                               - Undefined Weak Reference
    __sigvec_lookup                           - Undefined Weak Reference
    __user_heap_extent                        - Undefined Weak Reference
    _atexit_init                              - Undefined Weak Reference
    _call_atexit_fns                          - Undefined Weak Reference
    _clock_init                               - Undefined Weak Reference
    _fp_trap_init                             - Undefined Weak Reference
    _fp_trap_shutdown                         - Undefined Weak Reference
    _get_lc_collate                           - Undefined Weak Reference
    _get_lc_ctype                             - Undefined Weak Reference
    _get_lc_monetary                          - Undefined Weak Reference
    _get_lc_numeric                           - Undefined Weak Reference
    _get_lc_time                              - Undefined Weak Reference
    _getenv_init                              - Undefined Weak Reference
    _handle_redirection                       - Undefined Weak Reference
    _mutex_acquire                            - Undefined Weak Reference
    _mutex_free                               - Undefined Weak Reference
    _mutex_release                            - Undefined Weak Reference
    _printf_post_padding                      - Undefined Weak Reference
    _printf_pre_padding                       - Undefined Weak Reference
    _printf_truncate_signed                   - Undefined Weak Reference
    _printf_truncate_unsigned                 - Undefined Weak Reference
    _rand_init                                - Undefined Weak Reference
    _signal_finish                            - Undefined Weak Reference
    _signal_init                              - Undefined Weak Reference
    __Vectors_Size                           0x000000c0   Number         0  startup_stm32f072xb.o ABSOLUTE
    __Vectors                                0x08000000   Data           4  startup_stm32f072xb.o(RESET)
    __Vectors_End                            0x080000c0   Data           0  startup_stm32f072xb.o(RESET)
    __main                                   0x080000c1   Thumb Code     8  __main.o(!!!main)
    __scatterload                            0x080000c9   Thumb Code     0  __scatter.o(!!!scatter)
    __scatterload_rt2                        0x080000c9   Thumb Code    52  __scatter.o(!!!scatter)
    __scatterload_rt2_thumb_only             0x080000c9   Thumb Code     0  __scatter.o(!!!scatter)
    __scatterload_null                       0x080000d9   Thumb Code     0  __scatter.o(!!!scatter)
    __scatterload_copy                       0x08000105   Thumb Code    26  __scatter_copy.o(!!handler_copy)
    __scatterload_zeroinit                   0x08000121   Thumb Code    28  __scatter_zi.o(!!handler_zi)
    _printf_percent                          0x0800013d   Thumb Code     0  _printf_percent.o(.ARM.Collect$$_printf_percent$$00000000)
    _printf_d                                0x0800013f   Thumb Code     0  _printf_d.o(.ARM.Collect$$_printf_percent$$00000009)
    _printf_percent_end                      0x08000149   Thumb Code     0  _printf_percent_end.o(.ARM.Collect$$_printf_percent$$00000017)
    __rt_lib_init                            0x0800014d   Thumb Code     0  libinit.o(.ARM.Collect$$libinit$$00000000)
    __rt_lib_init_fp_1                       0x0800014f   Thumb Code     0  libinit2.o(.ARM.Collect$$libinit$$00000002)
    __rt_lib_init_heap_2                     0x0800014f   Thumb Code     0  libinit2.o(.ARM.Collect$$libinit$$00000005)
    __rt_lib_init_preinit_1                  0x0800014f   Thumb Code     0  libinit2.o(.ARM.Collect$$libinit$$00000004)
    __rt_lib_init_atexit_1                   0x08000157   Thumb Code     0  libinit2.o(.ARM.Collect$$libinit$$0000001B)
    __rt_lib_init_clock_1                    0x08000157   Thumb Code     0  libinit2.o(.ARM.Collect$$libinit$$00000021)
    __rt_lib_init_fp_trap_1                  0x08000157   Thumb Code     0  libinit2.o(.ARM.Collect$$libinit$$0000001F)
    __rt_lib_init_getenv_1                   0x08000157   Thumb Code     0  libinit2.o(.ARM.Collect$$libinit$$00000023)
    __rt_lib_init_heap_1                     0x08000157   Thumb Code     0  libinit2.o(.ARM.Collect$$libinit$$0000000A)
    __rt_lib_init_lc_collate_1               0x08000157   Thumb Code     0  libinit2.o(.ARM.Collect$$libinit$$00000011)
    __rt_lib_init_lc_ctype_1                 0x08000157   Thumb Code     0  libinit2.o(.ARM.Collect$$libinit$$00000013)
    __rt_lib_init_lc_monetary_1              0x08000157   Thumb Code     0  libinit2.o(.ARM.Collect$$libinit$$00000015)
    __rt_lib_init_lc_numeric_1               0x08000157   Thumb Code     0  libinit2.o(.ARM.Collect$$libinit$$00000017)
    __rt_lib_init_lc_time_1                  0x08000157   Thumb Code     0  libinit2.o(.ARM.Collect$$libinit$$00000019)
    __rt_lib_init_rand_1                     0x08000157   Thumb Code     0  libinit2.o(.ARM.Collect$$libinit$$0000000E)
    __rt_lib_init_signal_1                   0x08000157   Thumb Code     0  libinit2.o(.ARM.Collect$$libinit$$0000001D)
    __rt_lib_init_stdio_2                    0x08000157   Thumb Code     0  libinit2.o(.ARM.Collect$$libinit$$00000024)
    __rt_lib_init_user_alloc_1               0x08000157   Thumb Code     0  libinit2.o(.ARM.Collect$$libinit$$0000000C)
    __rt_lib_init_alloca_1                   0x0800015b   Thumb Code     0  libinit2.o(.ARM.Collect$$libinit$$0000002E)
    __rt_lib_init_argv_1                     0x0800015b   Thumb Code     0  libinit2.o(.ARM.Collect$$libinit$$0000002C)
    __rt_lib_init_cpp_1                      0x0800015b   Thumb Code     0  libinit2.o(.ARM.Collect$$libinit$$00000032)
    __rt_lib_init_exceptions_1               0x0800015b   Thumb Code     0  libinit2.o(.ARM.Collect$$libinit$$00000030)
    __rt_lib_init_return                     0x0800015b   Thumb Code     0  libinit2.o(.ARM.Collect$$libinit$$00000033)
    __rt_lib_init_stdio_1                    0x0800015b   Thumb Code     0  libinit2.o(.ARM.Collect$$libinit$$00000025)
    __rt_lib_shutdown                        0x0800015d   Thumb Code     0  libshutdown.o(.ARM.Collect$$libshutdown$$00000000)
    __rt_lib_shutdown_cpp_1                  0x0800015f   Thumb Code     0  libshutdown2.o(.ARM.Collect$$libshutdown$$00000002)
    __rt_lib_shutdown_stdio_2                0x0800015f   Thumb Code     0  libshutdown2.o(.ARM.Collect$$libshutdown$$00000003)
    __rt_lib_shutdown_fp_trap_1              0x08000163   Thumb Code     0  libshutdown2.o(.ARM.Collect$$libshutdown$$00000007)
    __rt_lib_shutdown_heap_1                 0x08000163   Thumb Code     0  libshutdown2.o(.ARM.Collect$$libshutdown$$0000000F)
    __rt_lib_shutdown_return                 0x08000163   Thumb Code     0  libshutdown2.o(.ARM.Collect$$libshutdown$$00000010)
    __rt_lib_shutdown_signal_1               0x08000163   Thumb Code     0  libshutdown2.o(.ARM.Collect$$libshutdown$$0000000A)
    __rt_lib_shutdown_stdio_1                0x08000163   Thumb Code     0  libshutdown2.o(.ARM.Collect$$libshutdown$$00000004)
    __rt_lib_shutdown_user_alloc_1           0x08000163   Thumb Code     0  libshutdown2.o(.ARM.Collect$$libshutdown$$0000000C)
    __rt_entry                               0x08000165   Thumb Code     0  __rtentry.o(.ARM.Collect$$rtentry$$00000000)
    __rt_entry_presh_1                       0x08000165   Thumb Code     0  __rtentry2.o(.ARM.Collect$$rtentry$$00000002)
    __rt_entry_sh                            0x08000165   Thumb Code     0  __rtentry4.o(.ARM.Collect$$rtentry$$00000004)
    __rt_entry_li                            0x0800016b   Thumb Code     0  __rtentry2.o(.ARM.Collect$$rtentry$$0000000A)
    __rt_entry_postsh_1                      0x0800016b   Thumb Code     0  __rtentry2.o(.ARM.Collect$$rtentry$$00000009)
    __rt_entry_main                          0x0800016f   Thumb Code     0  __rtentry2.o(.ARM.Collect$$rtentry$$0000000D)
    __rt_entry_postli_1                      0x0800016f   Thumb Code     0  __rtentry2.o(.ARM.Collect$$rtentry$$0000000C)
    __rt_exit                                0x08000177   Thumb Code     0  rtexit.o(.ARM.Collect$$rtexit$$00000000)
    __rt_exit_ls                             0x08000179   Thumb Code     0  rtexit2.o(.ARM.Collect$$rtexit$$00000003)
    __rt_exit_prels_1                        0x08000179   Thumb Code     0  rtexit2.o(.ARM.Collect$$rtexit$$00000002)
    __rt_exit_exit                           0x0800017d   Thumb Code     0  rtexit2.o(.ARM.Collect$$rtexit$$00000004)
    Reset_Handler                            0x08000185   Thumb Code     8  startup_stm32f072xb.o(.text)
    _maybe_terminate_alloc                   0x08000185   Thumb Code     0  maybetermalloc1.o(.emb_text)
    NMI_Handler                              0x0800018d   Thumb Code     2  startup_stm32f072xb.o(.text)
    HardFault_Handler                        0x0800018f   Thumb Code     2  startup_stm32f072xb.o(.text)
    SVC_Handler                              0x08000191   Thumb Code     2  startup_stm32f072xb.o(.text)
    PendSV_Handler                           0x08000193   Thumb Code     2  startup_stm32f072xb.o(.text)
    ADC1_COMP_IRQHandler                     0x08000197   Thumb Code     0  startup_stm32f072xb.o(.text)
    CEC_CAN_IRQHandler                       0x08000197   Thumb Code     0  startup_stm32f072xb.o(.text)
    DMA1_Channel1_IRQHandler                 0x08000197   Thumb Code     0  startup_stm32f072xb.o(.text)
    DMA1_Channel2_3_IRQHandler               0x08000197   Thumb Code     0  startup_stm32f072xb.o(.text)
    DMA1_Channel4_5_6_7_IRQHandler           0x08000197   Thumb Code     0  startup_stm32f072xb.o(.text)
    EXTI0_1_IRQHandler                       0x08000197   Thumb Code     0  startup_stm32f072xb.o(.text)
    EXTI2_3_IRQHandler                       0x08000197   Thumb Code     0  startup_stm32f072xb.o(.text)
    EXTI4_15_IRQHandler                      0x08000197   Thumb Code     0  startup_stm32f072xb.o(.text)
    FLASH_IRQHandler                         0x08000197   Thumb Code     0  startup_stm32f072xb.o(.text)
    I2C1_IRQHandler                          0x08000197   Thumb Code     0  startup_stm32f072xb.o(.text)
    I2C2_IRQHandler                          0x08000197   Thumb Code     0  startup_stm32f072xb.o(.text)
    PVD_VDDIO2_IRQHandler                    0x08000197   Thumb Code     0  startup_stm32f072xb.o(.text)
    RCC_CRS_IRQHandler                       0x08000197   Thumb Code     0  startup_stm32f072xb.o(.text)
    RTC_IRQHandler                           0x08000197   Thumb Code     0  startup_stm32f072xb.o(.text)
    SPI1_IRQHandler                          0x08000197   Thumb Code     0  startup_stm32f072xb.o(.text)
    SPI2_IRQHandler                          0x08000197   Thumb Code     0  startup_stm32f072xb.o(.text)
    TIM14_IRQHandler                         0x08000197   Thumb Code     0  startup_stm32f072xb.o(.text)
    TIM15_IRQHandler                         0x08000197   Thumb Code     0  startup_stm32f072xb.o(.text)
    TIM16_IRQHandler                         0x08000197   Thumb Code     0  startup_stm32f072xb.o(.text)
    TIM17_IRQHandler                         0x08000197   Thumb Code     0  startup_stm32f072xb.o(.text)
    TIM1_BRK_UP_TRG_COM_IRQHandler           0x08000197   Thumb Code     0  startup_stm32f072xb.o(.text)
    TIM1_CC_IRQHandler                       0x08000197   Thumb Code     0  startup_stm32f072xb.o(.text)
    TIM2_IRQHandler                          0x08000197   Thumb Code     0  startup_stm32f072xb.o(.text)
    TIM3_IRQHandler                          0x08000197   Thumb Code     0  startup_stm32f072xb.o(.text)
    TIM6_DAC_IRQHandler                      0x08000197   Thumb Code     0  startup_stm32f072xb.o(.text)
    TIM7_IRQHandler                          0x08000197   Thumb Code     0  startup_stm32f072xb.o(.text)
    TSC_IRQHandler                           0x08000197   Thumb Code     0  startup_stm32f072xb.o(.text)
    USART1_IRQHandler                        0x08000197   Thumb Code     0  startup_stm32f072xb.o(.text)
    USART2_IRQHandler                        0x08000197   Thumb Code     0  startup_stm32f072xb.o(.text)
    USART3_4_IRQHandler                      0x08000197   Thumb Code     0  startup_stm32f072xb.o(.text)
    USB_IRQHandler                           0x08000197   Thumb Code     0  startup_stm32f072xb.o(.text)
    WWDG_IRQHandler                          0x08000197   Thumb Code     0  startup_stm32f072xb.o(.text)
    __user_initial_stackheap                 0x08000199   Thumb Code     0  startup_stm32f072xb.o(.text)
    __2printf                                0x080001bd   Thumb Code    22  noretval__2printf.o(.text)
    __printf                                 0x080001d9   Thumb Code   108  __printf.o(.text)
    _printf_int_dec                          0x08000245   Thumb Code    90  _printf_dec.o(.text)
    strcmp                                   0x080002b1   Thumb Code   132  strcmp.o(.text)
    __aeabi_uidiv                            0x08000339   Thumb Code     0  aeabi_sdiv.o(.text)
    __aeabi_uidivmod                         0x08000339   Thumb Code    20  aeabi_sdiv.o(.text)
    __aeabi_idiv                             0x0800034d   Thumb Code     0  aeabi_sdiv.o(.text)
    __aeabi_idivmod                          0x0800034d   Thumb Code   326  aeabi_sdiv.o(.text)
    __use_two_region_memory                  0x08000493   Thumb Code     2  heapauxi.o(.text)
    __rt_heap_escrow                         0x08000495   Thumb Code     2  heapauxi.o(.text)
    __rt_heap_expand                         0x08000497   Thumb Code     2  heapauxi.o(.text)
    _printf_int_common                       0x08000499   Thumb Code   176  _printf_intcommon.o(.text)
    _printf_char_file                        0x08000549   Thumb Code    34  _printf_char_file.o(.text)
    __rt_udiv10                              0x08000571   Thumb Code    40  rtudiv10.o(.text)
    _printf_char_common                      0x080005a3   Thumb Code    32  _printf_char_common.o(.text)
    ferror                                   0x080005c9   Thumb Code     8  ferror.o(.text)
    _initio                                  0x080005d1   Thumb Code   216  initio.o(.text)
    _terminateio                             0x080006a9   Thumb Code    56  initio.o(.text)
    __user_setup_stackheap                   0x0800070d   Thumb Code    62  sys_stackheap_outer.o(.text)
    free                                     0x0800074b   Thumb Code    76  h1_free.o(.text)
    __flsbuf                                 0x08000799   Thumb Code   486  flsbuf.o(.text)
    __flsbuf_byte                            0x08000799   Thumb Code     0  flsbuf.o(.text)
    __flsbuf_wide                            0x08000799   Thumb Code     0  flsbuf.o(.text)
    setvbuf                                  0x08000989   Thumb Code    72  setvbuf.o(.text)
    freopen                                  0x080009d5   Thumb Code   148  fopen.o(.text)
    fopen                                    0x08000a69   Thumb Code    76  fopen.o(.text)
    _fclose_internal                         0x08000abd   Thumb Code    72  fclose.o(.text)
    fclose                                   0x08000abd   Thumb Code     0  fclose.o(.text)
    exit                                     0x08000b09   Thumb Code    16  exit.o(.text)
    __rt_SIGRTRED                            0x08000b19   Thumb Code    12  defsig_rtred_outer.o(.text)
    _memset_w                                0x08000b25   Thumb Code    26  rt_memclr.o(.text)
    _memset                                  0x08000b3f   Thumb Code    30  rt_memclr.o(.text)
    __aeabi_memclr                           0x08000b5d   Thumb Code     4  rt_memclr.o(.text)
    __rt_memclr                              0x08000b5d   Thumb Code     0  rt_memclr.o(.text)
    __aeabi_memclr4                          0x08000b61   Thumb Code     0  rt_memclr.o(.text)
    __aeabi_memclr8                          0x08000b61   Thumb Code     0  rt_memclr.o(.text)
    __rt_memclr_w                            0x08000b61   Thumb Code     4  rt_memclr.o(.text)
    __user_libspace                          0x08000b65   Thumb Code     8  libspace.o(.text)
    __user_perproc_libspace                  0x08000b65   Thumb Code     0  libspace.o(.text)
    __user_perthread_libspace                0x08000b65   Thumb Code     0  libspace.o(.text)
    __rt_heap_descriptor                     0x08000b6d   Thumb Code     8  rt_heap_descriptor_intlibspace.o(.text)
    __use_no_heap                            0x08000b75   Thumb Code     2  hguard.o(.text)
    __heap$guard                             0x08000b77   Thumb Code     2  hguard.o(.text)
    _terminate_user_alloc                    0x08000b79   Thumb Code     2  init_alloc.o(.text)
    _init_user_alloc                         0x08000b7b   Thumb Code     2  init_alloc.o(.text)
    __Heap_Full                              0x08000b7d   Thumb Code    32  init_alloc.o(.text)
    __Heap_Broken                            0x08000b9d   Thumb Code    10  init_alloc.o(.text)
    _init_alloc                              0x08000ba7   Thumb Code    90  init_alloc.o(.text)
    malloc                                   0x08000c01   Thumb Code    98  h1_alloc.o(.text)
    _fseek                                   0x08000c65   Thumb Code   240  fseek.o(.text)
    fseek                                    0x08000c65   Thumb Code     0  fseek.o(.text)
    _seterr                                  0x08000d59   Thumb Code    20  stdio.o(.text)
    _writebuf                                0x08000d6d   Thumb Code    76  stdio.o(.text)
    _fflush                                  0x08000db9   Thumb Code    76  stdio.o(.text)
    _deferredlazyseek                        0x08000e05   Thumb Code    60  stdio.o(.text)
    __sig_exit                               0x08000e49   Thumb Code    12  defsig_exit.o(.text)
    __rt_SIGRTRED_inner                      0x08000e55   Thumb Code    14  defsig_rtred_inner.o(.text)
    _sys_exit                                0x08000e89   Thumb Code     8  sys_exit.o(.text)
    __Heap_Initialize                        0x08000e95   Thumb Code    10  h1_init.o(.text)
    __Heap_DescSize                          0x08000e9f   Thumb Code     4  h1_init.o(.text)
    __Heap_ProvideMemory                     0x08000ea3   Thumb Code    52  h1_extend.o(.text)
    _ftell_internal                          0x08000ed7   Thumb Code    66  ftell.o(.text)
    ftell                                    0x08000ed7   Thumb Code     0  ftell.o(.text)
    __default_signal_display                 0x08000f19   Thumb Code    52  defsig_general.o(.text)
    __rt_SIGRTMEM                            0x08000f4d   Thumb Code    12  defsig_rtmem_outer.o(.text)
    _ttywrch                                 0x08000f59   Thumb Code    12  sys_wrch.o(.text)
    __I$use$semihosting                      0x08000f65   Thumb Code     0  use_no_semi.o(.text)
    __use_no_semihosting_swi                 0x08000f65   Thumb Code     2  use_no_semi.o(.text)
    __semihosting_library_function           0x08000f67   Thumb Code     0  indicate_semi.o(.text)
    __aeabi_errno_addr                       0x08000f69   Thumb Code     8  rt_errno_addr_intlibspace.o(.text)
    __errno$intlibspace                      0x08000f69   Thumb Code     0  rt_errno_addr_intlibspace.o(.text)
    __rt_errno_addr$intlibspace              0x08000f69   Thumb Code     0  rt_errno_addr_intlibspace.o(.text)
    __rt_SIGRTMEM_inner                      0x08000f71   Thumb Code    22  defsig_rtmem_inner.o(.text)
    Button_GetState                          0x08000fc1   Thumb Code    22  main_test.o(i.Button_GetState)
    Delay                                    0x08000fdd   Thumb Code    20  main_test.o(i.Delay)
    SysTick_Handler                          0x08001081   Thumb Code    12  main_test.o(i.SysTick_Handler)
    SystemInit                               0x08001091   Thumb Code   102  system_stm32f0xx.o(i.SystemInit)
    _sys_close                               0x08001181   Thumb Code    38  retarget_io.o(i._sys_close)
    _sys_flen                                0x080011ad   Thumb Code    36  retarget_io.o(i._sys_flen)
    _sys_istty                               0x080011d5   Thumb Code    36  retarget_io.o(i._sys_istty)
    _sys_open                                0x080011fd   Thumb Code    84  retarget_io.o(i._sys_open)
    _sys_seek                                0x0800126d   Thumb Code    44  retarget_io.o(i._sys_seek)
    _sys_write                               0x0800129d   Thumb Code    64  retarget_io.o(i._sys_write)
    fputc                                    0x080012e1   Thumb Code    30  fputc.o(i.fputc)
    main                                     0x08001301   Thumb Code   346  main_test.o(i.main)
    stdout_init                              0x080014b1   Thumb Code   104  usart_user.o(i.stdout_init)
    stdout_putchar                           0x08001521   Thumb Code    26  usart_user.o(i.stdout_putchar)
    __stdin_name                             0x08001540   Data           7  retarget_io.o(.constdata)
    __stdout_name                            0x08001547   Data           8  retarget_io.o(.constdata)
    __stderr_name                            0x0800154f   Data           8  retarget_io.o(.constdata)
    Region$$Table$$Base                      0x08001558   Number         0  anon$$obj.o(Region$$Table)
    Region$$Table$$Limit                     0x08001578   Number         0  anon$$obj.o(Region$$Table)
    msTicks                                  0x20000000   Data           4  main_test.o(.data)
    dataptr                                  0x20000004   Data           4  main_test.o(.data)
    idValue                                  0x20000008   Data           4  main_test.o(.data)
    mathValue                                0x2000000c   Data           4  main_test.o(.data)
    engValue                                 0x20000010   Data           4  main_test.o(.data)
    SystemCoreClock                          0x20000014   Data           4  system_stm32f0xx.o(.data)
    __aeabi_stdin                            0x20000018   Data           4  stdio_streams.o(.data)
    __aeabi_stdout                           0x2000001c   Data           4  stdio_streams.o(.data)
    __aeabi_stderr                           0x20000020   Data           4  stdio_streams.o(.data)
    student                                  0x20000024   Data          12  main_test.o(.bss)
    __stdin                                  0x20000030   Data          84  stdio_streams.o(.bss)
    __stdout                                 0x20000084   Data          84  stdio_streams.o(.bss)
    __stderr                                 0x200000d8   Data          84  stdio_streams.o(.bss)
    __libspace_start                         0x2000012c   Data          96  libspace.o(.bss)
    __temporary_stack_top$libspace           0x2000018c   Data           0  libspace.o(.bss)



==============================================================================

Memory Map of the image

  Image Entry point : 0x08000185

  Load Region LR_1 (Base: 0x08000000, Size: 0x0000159c, Max: 0xffffffff, ABSOLUTE)

    Execution Region ER_RO (Exec base: 0x08000000, Load base: 0x08000000, Size: 0x00001578, Max: 0xffffffff, ABSOLUTE)

    Exec Addr    Load Addr    Size         Type   Attr      Idx    E Section Name        Object

    0x08000000   0x08000000   0x000000c0   Data   RO          204    RESET               startup_stm32f072xb.o
    0x080000c0   0x080000c0   0x00000008   Code   RO          282  * !!!main             c_p.l(__main.o)
    0x080000c8   0x080000c8   0x0000003c   Code   RO          640    !!!scatter          c_p.l(__scatter.o)
    0x08000104   0x08000104   0x0000001a   Code   RO          642    !!handler_copy      c_p.l(__scatter_copy.o)
    0x0800011e   0x0800011e   0x00000002   PAD
    0x08000120   0x08000120   0x0000001c   Code   RO          644    !!handler_zi        c_p.l(__scatter_zi.o)
    0x0800013c   0x0800013c   0x00000002   Code   RO          273    .ARM.Collect$$_printf_percent$$00000000  c_p.l(_printf_percent.o)
    0x0800013e   0x0800013e   0x0000000a   Code   RO          272    .ARM.Collect$$_printf_percent$$00000009  c_p.l(_printf_d.o)
    0x08000148   0x08000148   0x00000004   Code   RO          293    .ARM.Collect$$_printf_percent$$00000017  c_p.l(_printf_percent_end.o)
    0x0800014c   0x0800014c   0x00000002   Code   RO          428    .ARM.Collect$$libinit$$00000000  c_p.l(libinit.o)
    0x0800014e   0x0800014e   0x00000000   Code   RO          430    .ARM.Collect$$libinit$$00000002  c_p.l(libinit2.o)
    0x0800014e   0x0800014e   0x00000000   Code   RO          432    .ARM.Collect$$libinit$$00000004  c_p.l(libinit2.o)
    0x0800014e   0x0800014e   0x00000008   Code   RO          433    .ARM.Collect$$libinit$$00000005  c_p.l(libinit2.o)
    0x08000156   0x08000156   0x00000000   Code   RO          435    .ARM.Collect$$libinit$$0000000A  c_p.l(libinit2.o)
    0x08000156   0x08000156   0x00000000   Code   RO          437    .ARM.Collect$$libinit$$0000000C  c_p.l(libinit2.o)
    0x08000156   0x08000156   0x00000000   Code   RO          439    .ARM.Collect$$libinit$$0000000E  c_p.l(libinit2.o)
    0x08000156   0x08000156   0x00000000   Code   RO          442    .ARM.Collect$$libinit$$00000011  c_p.l(libinit2.o)
    0x08000156   0x08000156   0x00000000   Code   RO          444    .ARM.Collect$$libinit$$00000013  c_p.l(libinit2.o)
    0x08000156   0x08000156   0x00000000   Code   RO          446    .ARM.Collect$$libinit$$00000015  c_p.l(libinit2.o)
    0x08000156   0x08000156   0x00000000   Code   RO          448    .ARM.Collect$$libinit$$00000017  c_p.l(libinit2.o)
    0x08000156   0x08000156   0x00000000   Code   RO          450    .ARM.Collect$$libinit$$00000019  c_p.l(libinit2.o)
    0x08000156   0x08000156   0x00000000   Code   RO          452    .ARM.Collect$$libinit$$0000001B  c_p.l(libinit2.o)
    0x08000156   0x08000156   0x00000000   Code   RO          454    .ARM.Collect$$libinit$$0000001D  c_p.l(libinit2.o)
    0x08000156   0x08000156   0x00000000   Code   RO          456    .ARM.Collect$$libinit$$0000001F  c_p.l(libinit2.o)
    0x08000156   0x08000156   0x00000000   Code   RO          458    .ARM.Collect$$libinit$$00000021  c_p.l(libinit2.o)
    0x08000156   0x08000156   0x00000000   Code   RO          460    .ARM.Collect$$libinit$$00000023  c_p.l(libinit2.o)
    0x08000156   0x08000156   0x00000004   Code   RO          461    .ARM.Collect$$libinit$$00000024  c_p.l(libinit2.o)
    0x0800015a   0x0800015a   0x00000000   Code   RO          462    .ARM.Collect$$libinit$$00000025  c_p.l(libinit2.o)
    0x0800015a   0x0800015a   0x00000000   Code   RO          466    .ARM.Collect$$libinit$$0000002C  c_p.l(libinit2.o)
    0x0800015a   0x0800015a   0x00000000   Code   RO          468    .ARM.Collect$$libinit$$0000002E  c_p.l(libinit2.o)
    0x0800015a   0x0800015a   0x00000000   Code   RO          470    .ARM.Collect$$libinit$$00000030  c_p.l(libinit2.o)
    0x0800015a   0x0800015a   0x00000000   Code   RO          472    .ARM.Collect$$libinit$$00000032  c_p.l(libinit2.o)
    0x0800015a   0x0800015a   0x00000002   Code   RO          473    .ARM.Collect$$libinit$$00000033  c_p.l(libinit2.o)
    0x0800015c   0x0800015c   0x00000002   Code   RO          621    .ARM.Collect$$libshutdown$$00000000  c_p.l(libshutdown.o)
    0x0800015e   0x0800015e   0x00000000   Code   RO          475    .ARM.Collect$$libshutdown$$00000002  c_p.l(libshutdown2.o)
    0x0800015e   0x0800015e   0x00000004   Code   RO          476    .ARM.Collect$$libshutdown$$00000003  c_p.l(libshutdown2.o)
    0x08000162   0x08000162   0x00000000   Code   RO          477    .ARM.Collect$$libshutdown$$00000004  c_p.l(libshutdown2.o)
    0x08000162   0x08000162   0x00000000   Code   RO          480    .ARM.Collect$$libshutdown$$00000007  c_p.l(libshutdown2.o)
    0x08000162   0x08000162   0x00000000   Code   RO          483    .ARM.Collect$$libshutdown$$0000000A  c_p.l(libshutdown2.o)
    0x08000162   0x08000162   0x00000000   Code   RO          485    .ARM.Collect$$libshutdown$$0000000C  c_p.l(libshutdown2.o)
    0x08000162   0x08000162   0x00000000   Code   RO          488    .ARM.Collect$$libshutdown$$0000000F  c_p.l(libshutdown2.o)
    0x08000162   0x08000162   0x00000002   Code   RO          489    .ARM.Collect$$libshutdown$$00000010  c_p.l(libshutdown2.o)
    0x08000164   0x08000164   0x00000000   Code   RO          284    .ARM.Collect$$rtentry$$00000000  c_p.l(__rtentry.o)
    0x08000164   0x08000164   0x00000000   Code   RO          303    .ARM.Collect$$rtentry$$00000002  c_p.l(__rtentry2.o)
    0x08000164   0x08000164   0x00000006   Code   RO          315    .ARM.Collect$$rtentry$$00000004  c_p.l(__rtentry4.o)
    0x0800016a   0x0800016a   0x00000000   Code   RO          305    .ARM.Collect$$rtentry$$00000009  c_p.l(__rtentry2.o)
    0x0800016a   0x0800016a   0x00000004   Code   RO          306    .ARM.Collect$$rtentry$$0000000A  c_p.l(__rtentry2.o)
    0x0800016e   0x0800016e   0x00000000   Code   RO          308    .ARM.Collect$$rtentry$$0000000C  c_p.l(__rtentry2.o)
    0x0800016e   0x0800016e   0x00000008   Code   RO          309    .ARM.Collect$$rtentry$$0000000D  c_p.l(__rtentry2.o)
    0x08000176   0x08000176   0x00000002   Code   RO          496    .ARM.Collect$$rtexit$$00000000  c_p.l(rtexit.o)
    0x08000178   0x08000178   0x00000000   Code   RO          556    .ARM.Collect$$rtexit$$00000002  c_p.l(rtexit2.o)
    0x08000178   0x08000178   0x00000004   Code   RO          557    .ARM.Collect$$rtexit$$00000003  c_p.l(rtexit2.o)
    0x0800017c   0x0800017c   0x00000006   Code   RO          558    .ARM.Collect$$rtexit$$00000004  c_p.l(rtexit2.o)
    0x08000182   0x08000182   0x00000002   PAD
    0x08000184   0x08000184   0x00000000   Code   RO          562    .emb_text           c_p.l(maybetermalloc1.o)
    0x08000184   0x08000184   0x00000038   Code   RO          205  * .text               startup_stm32f072xb.o
    0x080001bc   0x080001bc   0x0000001c   Code   RO          246    .text               c_p.l(noretval__2printf.o)
    0x080001d8   0x080001d8   0x0000006c   Code   RO          248    .text               c_p.l(__printf.o)
    0x08000244   0x08000244   0x0000006c   Code   RO          250    .text               c_p.l(_printf_dec.o)
    0x080002b0   0x080002b0   0x00000088   Code   RO          274    .text               c_p.l(strcmp.o)
    0x08000338   0x08000338   0x0000015a   Code   RO          276    .text               c_p.l(aeabi_sdiv.o)
    0x08000492   0x08000492   0x00000006   Code   RO          280    .text               c_p.l(heapauxi.o)
    0x08000498   0x08000498   0x000000b0   Code   RO          289    .text               c_p.l(_printf_intcommon.o)
    0x08000548   0x08000548   0x00000028   Code   RO          291    .text               c_p.l(_printf_char_file.o)
    0x08000570   0x08000570   0x00000028   Code   RO          300    .text               c_p.l(rtudiv10.o)
    0x08000598   0x08000598   0x00000030   Code   RO          319    .text               c_p.l(_printf_char_common.o)
    0x080005c8   0x080005c8   0x00000008   Code   RO          321    .text               c_p.l(ferror.o)
    0x080005d0   0x080005d0   0x0000013c   Code   RO          327    .text               c_p.l(initio.o)
    0x0800070c   0x0800070c   0x0000003e   Code   RO          337    .text               c_p.l(sys_stackheap_outer.o)
    0x0800074a   0x0800074a   0x0000004c   Code   RO          342    .text               c_p.l(h1_free.o)
    0x08000796   0x08000796   0x00000002   PAD
    0x08000798   0x08000798   0x000001f0   Code   RO          398    .text               c_p.l(flsbuf.o)
    0x08000988   0x08000988   0x0000004c   Code   RO          400    .text               c_p.l(setvbuf.o)
    0x080009d4   0x080009d4   0x000000e8   Code   RO          403    .text               c_p.l(fopen.o)
    0x08000abc   0x08000abc   0x0000004c   Code   RO          405    .text               c_p.l(fclose.o)
    0x08000b08   0x08000b08   0x00000010   Code   RO          411    .text               c_p.l(exit.o)
    0x08000b18   0x08000b18   0x0000000c   Code   RO          417    .text               c_p.l(defsig_rtred_outer.o)
    0x08000b24   0x08000b24   0x00000040   Code   RO          421    .text               c_p.l(rt_memclr.o)
    0x08000b64   0x08000b64   0x00000008   Code   RO          492    .text               c_p.l(libspace.o)
    0x08000b6c   0x08000b6c   0x00000008   Code   RO          503    .text               c_p.l(rt_heap_descriptor_intlibspace.o)
    0x08000b74   0x08000b74   0x00000004   Code   RO          505    .text               c_p.l(hguard.o)
    0x08000b78   0x08000b78   0x00000088   Code   RO          507    .text               c_p.l(init_alloc.o)
    0x08000c00   0x08000c00   0x00000062   Code   RO          513    .text               c_p.l(h1_alloc.o)
    0x08000c62   0x08000c62   0x00000002   PAD
    0x08000c64   0x08000c64   0x000000f4   Code   RO          529    .text               c_p.l(fseek.o)
    0x08000d58   0x08000d58   0x000000f0   Code   RO          531    .text               c_p.l(stdio.o)
    0x08000e48   0x08000e48   0x0000000c   Code   RO          537    .text               c_p.l(defsig_exit.o)
    0x08000e54   0x08000e54   0x00000034   Code   RO          541    .text               c_p.l(defsig_rtred_inner.o)
    0x08000e88   0x08000e88   0x0000000c   Code   RO          553    .text               c_p.l(sys_exit.o)
    0x08000e94   0x08000e94   0x0000000e   Code   RO          564    .text               c_p.l(h1_init.o)
    0x08000ea2   0x08000ea2   0x00000034   Code   RO          566    .text               c_p.l(h1_extend.o)
    0x08000ed6   0x08000ed6   0x00000042   Code   RO          576    .text               c_p.l(ftell.o)
    0x08000f18   0x08000f18   0x00000034   Code   RO          584    .text               c_p.l(defsig_general.o)
    0x08000f4c   0x08000f4c   0x0000000c   Code   RO          586    .text               c_p.l(defsig_rtmem_outer.o)
    0x08000f58   0x08000f58   0x0000000c   Code   RO          599    .text               c_p.l(sys_wrch.o)
    0x08000f64   0x08000f64   0x00000002   Code   RO          603    .text               c_p.l(use_no_semi.o)
    0x08000f66   0x08000f66   0x00000000   Code   RO          605    .text               c_p.l(indicate_semi.o)
    0x08000f66   0x08000f66   0x00000002   PAD
    0x08000f68   0x08000f68   0x00000008   Code   RO          609    .text               c_p.l(rt_errno_addr_intlibspace.o)
    0x08000f70   0x08000f70   0x00000050   Code   RO          615    .text               c_p.l(defsig_rtmem_inner.o)
    0x08000fc0   0x08000fc0   0x0000001c   Code   RO            3    i.Button_GetState   main_test.o
    0x08000fdc   0x08000fdc   0x00000018   Code   RO            5    i.Delay             main_test.o
    0x08000ff4   0x08000ff4   0x0000008c   Code   RO            6    i.SetSysClock       main_test.o
    0x08001080   0x08001080   0x00000010   Code   RO            7    i.SysTick_Handler   main_test.o
    0x08001090   0x08001090   0x00000078   Code   RO          212    i.SystemInit        system_stm32f0xx.o
    0x08001108   0x08001108   0x00000078   Code   RO            8    i.__NVIC_SetPriority  main_test.o
    0x08001180   0x08001180   0x0000002c   Code   RO          135    i._sys_close        retarget_io.o
    0x080011ac   0x080011ac   0x00000028   Code   RO          136    i._sys_flen         retarget_io.o
    0x080011d4   0x080011d4   0x00000028   Code   RO          137    i._sys_istty        retarget_io.o
    0x080011fc   0x080011fc   0x00000070   Code   RO          138    i._sys_open         retarget_io.o
    0x0800126c   0x0800126c   0x00000030   Code   RO          140    i._sys_seek         retarget_io.o
    0x0800129c   0x0800129c   0x00000044   Code   RO          141    i._sys_write        retarget_io.o
    0x080012e0   0x080012e0   0x0000001e   Code   RO          324    i.fputc             c_p.l(fputc.o)
    0x080012fe   0x080012fe   0x00000002   PAD
    0x08001300   0x08001300   0x000001b0   Code   RO            9    i.main              main_test.o
    0x080014b0   0x080014b0   0x00000070   Code   RO           98    i.stdout_init       usart_user.o
    0x08001520   0x08001520   0x00000020   Code   RO           99    i.stdout_putchar    usart_user.o
    0x08001540   0x08001540   0x00000017   Data   RO          142    .constdata          retarget_io.o
    0x08001557   0x08001557   0x00000001   PAD
    0x08001558   0x08001558   0x00000020   Data   RO          638    Region$$Table       anon$$obj.o


    Execution Region ER_RW (Exec base: 0x20000000, Load base: 0x08001578, Size: 0x00000024, Max: 0xffffffff, ABSOLUTE)

    Exec Addr    Load Addr    Size         Type   Attr      Idx    E Section Name        Object

    0x20000000   0x08001578   0x00000014   Data   RW           11    .data               main_test.o
    0x20000014   0x0800158c   0x00000004   Data   RW          214    .data               system_stm32f0xx.o
    0x20000018   0x08001590   0x00000004   Data   RW          297    .data               c_p.l(stdio_streams.o)
    0x2000001c   0x08001594   0x00000004   Data   RW          298    .data               c_p.l(stdio_streams.o)
    0x20000020   0x08001598   0x00000004   Data   RW          299    .data               c_p.l(stdio_streams.o)


    Execution Region ER_ZI (Exec base: 0x20000024, Load base: 0x0800159c, Size: 0x0000076c, Max: 0xffffffff, ABSOLUTE)

    Exec Addr    Load Addr    Size         Type   Attr      Idx    E Section Name        Object

    0x20000024        -       0x0000000c   Zero   RW           10    .bss                main_test.o
    0x20000030        -       0x00000054   Zero   RW          294    .bss                c_p.l(stdio_streams.o)
    0x20000084        -       0x00000054   Zero   RW          295    .bss                c_p.l(stdio_streams.o)
    0x200000d8        -       0x00000054   Zero   RW          296    .bss                c_p.l(stdio_streams.o)
    0x2000012c        -       0x00000060   Zero   RW          493    .bss                c_p.l(libspace.o)
    0x2000018c   0x0800159c   0x00000004   PAD
    0x20000190        -       0x00000200   Zero   RW          203    HEAP                startup_stm32f072xb.o
    0x20000390        -       0x00000400   Zero   RW          202    STACK               startup_stm32f072xb.o


==============================================================================

Image component sizes


      Code (inc. data)   RO Data    RW Data    ZI Data      Debug   Object Name

       760        126          0         20         12     195988   main_test.o
       352         50         23          0          0       5146   retarget_io.o
        56         26        192          0       1536        620   startup_stm32f072xb.o
       120         18          0          4          0       1297   system_stm32f0xx.o
       144         14          0          0          0        823   usart_user.o

    ----------------------------------------------------------------------
      1432        234        248         24       1548     203874   Object Totals
         0          0         32          0          0          0   (incl. Generated)
         0          0          1          0          0          0   (incl. Padding)

    ----------------------------------------------------------------------

      Code (inc. data)   RO Data    RW Data    ZI Data      Debug   Library Member Name

         8          0          0          0          0         68   __main.o
       108          0          0          0          0         76   __printf.o
         0          0          0          0          0          0   __rtentry.o
        12          0          0          0          0          0   __rtentry2.o
         6          0          0          0          0          0   __rtentry4.o
        60          8          0          0          0          0   __scatter.o
        26          0          0          0          0          0   __scatter_copy.o
        28          0          0          0          0          0   __scatter_zi.o
        48          6          0          0          0         88   _printf_char_common.o
        40          6          0          0          0         72   _printf_char_file.o
        10          0          0          0          0          0   _printf_d.o
       108         18          0          0          0         76   _printf_dec.o
       176          0          0          0          0         84   _printf_intcommon.o
         2          0          0          0          0          0   _printf_percent.o
         4          0          0          0          0          0   _printf_percent_end.o
       346          0          0          0          0         92   aeabi_sdiv.o
        12          0          0          0          0         68   defsig_exit.o
        52          0          0          0          0         72   defsig_general.o
        80         58          0          0          0         68   defsig_rtmem_inner.o
        12          0          0          0          0         68   defsig_rtmem_outer.o
        52         38          0          0          0         68   defsig_rtred_inner.o
        12          0          0          0          0         68   defsig_rtred_outer.o
        16          0          0          0          0         68   exit.o
        76          4          0          0          0         76   fclose.o
         8          0          0          0          0         60   ferror.o
       496         10          0          0          0         76   flsbuf.o
       232          8          0          0          0        108   fopen.o
        30          0          0          0          0         68   fputc.o
       244          4          0          0          0         76   fseek.o
        66          0          0          0          0         68   ftell.o
        98          0          0          0          0         72   h1_alloc.o
        52          0          0          0          0         68   h1_extend.o
        76          0          0          0          0         72   h1_free.o
        14          0          0          0          0         76   h1_init.o
         6          0          0          0          0        136   heapauxi.o
         4          0          0          0          0        120   hguard.o
         0          0          0          0          0          0   indicate_semi.o
       136          0          0          0          0        160   init_alloc.o
       316         44          0          0          0         96   initio.o
         2          0          0          0          0          0   libinit.o
        14          0          0          0          0          0   libinit2.o
         2          0          0          0          0          0   libshutdown.o
         6          0          0          0          0          0   libshutdown2.o
         8          4          0          0         96         68   libspace.o
         0          0          0          0          0          0   maybetermalloc1.o
        28          6          0          0          0         84   noretval__2printf.o
         8          4          0          0          0         68   rt_errno_addr_intlibspace.o
         8          4          0          0          0         68   rt_heap_descriptor_intlibspace.o
        64          0          0          0          0        108   rt_memclr.o
         2          0          0          0          0          0   rtexit.o
        10          0          0          0          0          0   rtexit2.o
        40          0          0          0          0         60   rtudiv10.o
        76          4          0          0          0         72   setvbuf.o
       240          8          0          0          0        144   stdio.o
         0          0          0         12        252          0   stdio_streams.o
       136          4          0          0          0         72   strcmp.o
        12          4          0          0          0         60   sys_exit.o
        62          0          0          0          0         80   sys_stackheap_outer.o
        12          0          0          0          0         68   sys_wrch.o
         2          0          0          0          0         68   use_no_semi.o

    ----------------------------------------------------------------------
      3816        242          0         12        352       3388   Library Totals
        12          0          0          0          4          0   (incl. Padding)

    ----------------------------------------------------------------------

      Code (inc. data)   RO Data    RW Data    ZI Data      Debug   Library Name

      3804        242          0         12        348       3388   c_p.l

    ----------------------------------------------------------------------
      3816        242          0         12        352       3388   Library Totals

    ----------------------------------------------------------------------

==============================================================================


      Code (inc. data)   RO Data    RW Data    ZI Data      Debug   

      5248        476        248         36       1900     204990   Grand Totals
      5248        476        248         36       1900     204990   ELF Image Totals
      5248        476        248         36          0          0   ROM Totals

==============================================================================

    Total RO  Size (Code + RO Data)                 5496 (   5.37kB)
    Total RW  Size (RW Data + ZI Data)              1936 (   1.89kB)
    Total ROM Size (Code + RO Data + RW Data)       5532 (   5.40kB)

==============================================================================

