Component: ARM Compiler 5.06 update 6 (build 750) Tool: armlink [4d35ed]

==============================================================================

Section Cross References

    bt_main.o(i.Config_uart1) refers to bt_main.o(i.__NVIC_SetPriority) for __NVIC_SetPriority
    bt_main.o(i.Delay) refers to bt_main.o(.data) for msTicks
    bt_main.o(i.Send_String) refers to _printf_percent.o(.ARM.Collect$$_printf_percent$$00000000) for _printf_percent
    bt_main.o(i.Send_String) refers to _printf_d.o(.ARM.Collect$$_printf_percent$$00000009) for _printf_d
    bt_main.o(i.Send_String) refers to _printf_dec.o(.text) for _printf_int_dec
    bt_main.o(i.Send_String) refers to strlen.o(.text) for strlen
    bt_main.o(i.Send_String) refers to noretval__2printf.o(.text) for __2printf
    bt_main.o(i.Send_String) refers to bt_main.o(.data) for Tx_complete
    bt_main.o(i.SetSysClock) refers to system_stm32f0xx.o(.data) for SystemCoreClock
    bt_main.o(i.SysTick_Handler) refers to bt_main.o(.data) for msTicks
    bt_main.o(i.USART1_IRQHandler) refers to bt_main.o(i.__ARM_common_switch8) for __ARM_common_switch8
    bt_main.o(i.USART1_IRQHandler) refers to led_main.o(i.LedChange) for LedChange
    bt_main.o(i.USART1_IRQHandler) refers to colorled_main.o(i.select_colorLED) for select_colorLED
    bt_main.o(i.USART1_IRQHandler) refers to temp_main.o(i.Get_TempHumd) for Get_TempHumd
    bt_main.o(i.USART1_IRQHandler) refers to bt_main.o(i.Send_String) for Send_String
    bt_main.o(i.USART1_IRQHandler) refers to bt_main.o(.data) for send_length
    bt_main.o(i.USART1_IRQHandler) refers to melody_main.o(.data) for melody_number
    bt_main.o(i.USART1_IRQHandler) refers to temp_main.o(.data) for humdString
    bt_main.o(i.main) refers to bt_main.o(i.SetSysClock) for SetSysClock
    bt_main.o(i.main) refers to usart_user.o(i.stdout_init) for stdout_init
    bt_main.o(i.main) refers to aeabi_sdiv.o(.text) for __aeabi_uidivmod
    bt_main.o(i.main) refers to bt_main.o(i.__NVIC_SetPriority) for __NVIC_SetPriority
    bt_main.o(i.main) refers to bt_main.o(i.Config_PA910) for Config_PA910
    bt_main.o(i.main) refers to bt_main.o(i.Config_uart1) for Config_uart1
    bt_main.o(i.main) refers to led_main.o(i.led_main) for led_main
    bt_main.o(i.main) refers to colorled_main.o(i.color_led_main) for color_led_main
    bt_main.o(i.main) refers to colorled_main.o(i.select_colorLED) for select_colorLED
    bt_main.o(i.main) refers to melody_main.o(i.melody_main) for melody_main
    bt_main.o(i.main) refers to temp_main.o(i.temp_main) for temp_main
    bt_main.o(i.main) refers to bt_main.o(i.__ARM_common_switch8) for __ARM_common_switch8
    bt_main.o(i.main) refers to melody_main.o(i.PWMPA4_disable) for PWMPA4_disable
    bt_main.o(i.main) refers to melody_main.o(i.PlayMelody) for PlayMelody
    bt_main.o(i.main) refers to system_stm32f0xx.o(.data) for SystemCoreClock
    bt_main.o(i.main) refers to melody_main.o(.data) for melody_number
    led_main.o(i.LedChange) refers to bt_main.o(i.__ARM_common_switch8) for __ARM_common_switch8
    led_main.o(i.LedChange) refers to bt_main.o(i.Delay) for Delay
    led_main.o(i.LedChange) refers to bt_main.o(.data) for key_number
    led_main.o(i.led_main) refers to led_main.o(i.GPIOC0_7_init) for GPIOC0_7_init
    colorled_main.o(i.color_led_main) refers to colorled_main.o(i.GPIOA6_8_init) for GPIOA6_8_init
    melody_main.o(i.Config_Timer2) refers to melody_main.o(i.__NVIC_SetPriority) for __NVIC_SetPriority
    melody_main.o(i.PlayMelody) refers to rt_memcpy.o(.emb_text) for __aeabi_memcpy4
    melody_main.o(i.PlayMelody) refers to melody_main.o(i.PWMPA4_enable) for PWMPA4_enable
    melody_main.o(i.PlayMelody) refers to bt_main.o(i.__ARM_common_switch8) for __ARM_common_switch8
    melody_main.o(i.PlayMelody) refers to melody_main.o(i.SelectTone) for SelectTone
    melody_main.o(i.PlayMelody) refers to melody_main.o(i.TIM2Delay) for TIM2Delay
    melody_main.o(i.PlayMelody) refers to melody_main.o(i.PWMPA4_disable) for PWMPA4_disable
    melody_main.o(i.PlayMelody) refers to melody_main.o(.constdata) for .constdata
    melody_main.o(i.PlayMelody) refers to melody_main.o(.data) for melody_number
    melody_main.o(i.SelectTone) refers to rt_memcpy.o(.emb_text) for __aeabi_memcpy4
    melody_main.o(i.SelectTone) refers to dflti.o(.text) for __aeabi_ui2d
    melody_main.o(i.SelectTone) refers to dmul.o(.text) for __aeabi_dmul
    melody_main.o(i.SelectTone) refers to dfixui.o(.text) for __aeabi_d2uiz
    melody_main.o(i.SelectTone) refers to melody_main.o(.constdata) for .constdata
    melody_main.o(i.TIM2Delay) refers to melody_main.o(.data) for Tim2_Ticks
    melody_main.o(i.TIM2_IRQHandler) refers to melody_main.o(.data) for Tim2_Ticks
    melody_main.o(i.melody_main) refers to melody_main.o(i.Config_Timer2) for Config_Timer2
    melody_main.o(i.melody_main) refers to melody_main.o(i.PWMPA4_init) for PWMPA4_init
[...]
    ../clib/printf.c                         0x00000000   Number         0  __printf_flags_ss.o ABSOLUTE
    ../clib/printf.c                         0x00000000   Number         0  __printf_wp.o ABSOLUTE
    ../clib/printf.c                         0x00000000   Number         0  __printf_flags_wp.o ABSOLUTE
    ../clib/printf.c                         0x00000000   Number         0  __printf_flags_ss_wp.o ABSOLUTE
    ../clib/printf.c                         0x00000000   Number         0  _printf_intcommon.o ABSOLUTE
    ../clib/printf.c                         0x00000000   Number         0  __printf_ss_wp.o ABSOLUTE
    ../clib/printf.c                         0x00000000   Number         0  _printf_fp_dec.o ABSOLUTE
    ../clib/printf.c                         0x00000000   Number         0  _printf_fp_infnan.o ABSOLUTE
    ../clib/printf.c                         0x00000000   Number         0  __printf_nopercent.o ABSOLUTE
    ../clib/printf.c                         0x00000000   Number         0  _sputc.o ABSOLUTE
    ../clib/printf.c                         0x00000000   Number         0  _printf_char.o ABSOLUTE
    ../clib/printf.c                         0x00000000   Number         0  _printf_char_file.o ABSOLUTE
    ../clib/printf.c                         0x00000000   Number         0  _printf_char_file_locked.o ABSOLUTE
    ../clib/printf.c                         0x00000000   Number         0  _printf_str.o ABSOLUTE
    ../clib/printf_percent.s                 0x00000000   Number         0  _printf_f.o ABSOLUTE
    ../clib/printf_percent.s                 0x00000000   Number         0  _printf_percent.o ABSOLUTE
    ../clib/printf_percent.s                 0x00000000   Number         0  _printf_d.o ABSOLUTE
    ../clib/printf_percent.s                 0x00000000   Number         0  _printf_percent_end.o ABSOLUTE
    ../clib/printf_percent.s                 0x00000000   Number         0  _printf_s.o ABSOLUTE
    ../clib/signal.c                         0x00000000   Number         0  defsig_cppl_inner.o ABSOLUTE
    ../clib/signal.c                         0x00000000   Number         0  defsig_segv_inner.o ABSOLUTE
    ../clib/signal.c                         0x00000000   Number         0  defsig_rtred_formal.o ABSOLUTE
    ../clib/signal.c                         0x00000000   Number         0  defsig_other.o ABSOLUTE
    ../clib/signal.c                         0x00000000   Number         0  defsig_exit.o ABSOLUTE
    ../clib/signal.c                         0x00000000   Number         0  defsig_fpe_inner.o ABSOLUTE
    ../clib/signal.c                         0x00000000   Number         0  __raise.o ABSOLUTE
    ../clib/signal.c                         0x00000000   Number         0  defsig_general.o ABSOLUTE
    ../clib/signal.c                         0x00000000   Number         0  defsig_rtmem_outer.o ABSOLUTE
    ../clib/signal.c                         0x00000000   Number         0  defsig_rtmem_formal.o ABSOLUTE
    ../clib/signal.c                         0x00000000   Number         0  defsig_fpe_outer.o ABSOLUTE
    ../clib/signal.c                         0x00000000   Number         0  defsig_rtmem_inner.o ABSOLUTE
    ../clib/signal.c                         0x00000000   Number         0  defsig_rtred_inner.o ABSOLUTE
    ../clib/signal.c                         0x00000000   Number         0  defsig_abrt_inner.o ABSOLUTE
    ../clib/signal.c                         0x00000000   Number         0  defsig_fpe_formal.o ABSOLUTE
    ../clib/signal.c                         0x00000000   Number         0  defsig_stak_inner.o ABSOLUTE
    ../clib/signal.c                         0x00000000   Number         0  defsig_rtred_outer.o ABSOLUTE
    ../clib/signal.c                         0x00000000   Number         0  defsig_pvfn_inner.o ABSOLUTE
    ../clib/signal.s                         0x00000000   Number         0  defsig.o ABSOLUTE
    ../clib/stdio.c                          0x00000000   Number         0  fseek.o ABSOLUTE
    ../clib/stdio.c                          0x00000000   Number         0  stdio.o ABSOLUTE
    ../clib/stdio.c                          0x00000000   Number         0  fflush.o ABSOLUTE
    ../clib/stdio.c                          0x00000000   Number         0  fputs.o ABSOLUTE
    ../clib/stdio.c                          0x00000000   Number         0  ftell.o ABSOLUTE
    ../clib/stdio.c                          0x00000000   Number         0  fputs_locked.o ABSOLUTE
    ../clib/stdio.c                          0x00000000   Number         0  fflush_locked.o ABSOLUTE
    ../clib/stdio.c                          0x00000000   Number         0  initio_locked.o ABSOLUTE
    ../clib/stdio.c                          0x00000000   Number         0  ferror.o ABSOLUTE
    ../clib/stdio.c                          0x00000000   Number         0  fputc.o ABSOLUTE
    ../clib/stdio.c                          0x00000000   Number         0  initio.o ABSOLUTE
    ../clib/stdio.c                          0x00000000   Number         0  fputc_locked.o ABSOLUTE
    ../clib/stdio.c                          0x00000000   Number         0  ferror_locked.o ABSOLUTE
    ../clib/stdio.c                          0x00000000   Number         0  fwritefast_locked.o ABSOLUTE
    ../clib/stdio.c                          0x00000000   Number         0  fwritefast.o ABSOLUTE
    ../clib/stdio.c                          0x00000000   Number         0  fopen_locked.o ABSOLUTE
    ../clib/stdio.c                          0x00000000   Number         0  stdio_streams.o ABSOLUTE
    ../clib/stdio.c                          0x00000000   Number         0  setvbuf_locked.o ABSOLUTE
    ../clib/stdio.c                          0x00000000   Number         0  fclose.o ABSOLUTE
    ../clib/stdio.c                          0x00000000   Number         0  fopen.o ABSOLUTE
    ../clib/stdio.c                          0x00000000   Number         0  streamlock.o ABSOLUTE
    ../clib/stdio.c                          0x00000000   Number         0  setvbuf.o ABSOLUTE
    ../clib/stdio.c                          0x00000000   Number         0  flsbuf.o ABSOLUTE
    ../clib/stdlib.c                         0x00000000   Number         0  exit.o ABSOLUTE
    ../clib/string.c                         0x00000000   Number         0  strcmp.o ABSOLUTE
    ../clib/string.c                         0x00000000   Number         0  strlen.o ABSOLUTE
    ../clib/wchar.c                          0x00000000   Number         0  flsbuf_fwide.o ABSOLUTE
    ../fplib/cfplib/d2f.c                    0x00000000   Number         0  d2f.o ABSOLUTE
    ../fplib/cfplib/ddiv.c                   0x00000000   Number         0  ddiv.o ABSOLUTE
    ../fplib/cfplib/dmul.c                   0x00000000   Number         0  dmul.o ABSOLUTE
    ../fplib/cfplib/f2d.c                    0x00000000   Number         0  f2d.o ABSOLUTE
    ../fplib/cfplib/ffix.c                   0x00000000   Number         0  dfixui.o ABSOLUTE
    ../fplib/cfplib/fflt.c                   0x00000000   Number         0  dflti.o ABSOLUTE
    ../fplib/cfplib/fpinit.c                 0x00000000   Number         0  fpinit.o ABSOLUTE
    ../fplib/cfplib/ieee_status.c            0x00000000   Number         0  ieee_status.o ABSOLUTE
    ../fplib/printf1.s                       0x00000000   Number         0  printf1.o ABSOLUTE
    ../fplib/usenofp.s                       0x00000000   Number         0  usenofp.o ABSOLUTE
    ../mathlib/fpclassify.c                  0x00000000   Number         0  fpclassify.o ABSOLUTE
    C:\Keil_v5\ARM\PACK\Keil\ARM_Compiler\1.4.0\Source\retarget_io.c 0x00000000   Number         0  retarget_io.o ABSOLUTE
    RTE\Device\STM32F072RB\startup_stm32f072xb.s 0x00000000   Number         0  startup_stm32f072xb.o ABSOLUTE
    RTE\Device\STM32F072RB\system_stm32f0xx.c 0x00000000   Number         0  system_stm32f0xx.o ABSOLUTE
    RTE\\Device\\STM32F072RB\\system_stm32f0xx.c 0x00000000   Number         0  system_stm32f0xx.o ABSOLUTE
    bt_main.c                                0x00000000   Number         0  bt_main.o ABSOLUTE
    bt_main.c                                0x00000000   Number         0  bt_main.o ABSOLUTE
    colorLed_main.c                          0x00000000   Number         0  colorled_main.o ABSOLUTE
    colorLed_main.c                          0x00000000   Number         0  colorled_main.o ABSOLUTE
    dc.s                                     0x00000000   Number         0  dc.o ABSOLUTE
    led_main.c                               0x00000000   Number         0  led_main.o ABSOLUTE
    led_main.c                               0x00000000   Number         0  led_main.o ABSOLUTE
    melody_main.c                            0x00000000   Number         0  melody_main.o ABSOLUTE
    melody_main.c                            0x00000000   Number         0  melody_main.o ABSOLUTE
    temp_main.c                              0x00000000   Number         0  temp_main.o ABSOLUTE
    temp_main.c                              0x00000000   Number         0  temp_main.o ABSOLUTE
    usart_user.c                             0x00000000   Number         0  usart_user.o ABSOLUTE
    usart_user.c                             0x00000000   Number         0  usart_user.o ABSOLUTE
    RESET                                    0x08000000   Section      192  startup_stm32f072xb.o(RESET)
    !!!main                                  0x080000c0   Section        8  __main.o(!!!main)
    !!!scatter                               0x080000c8   Section       60  __scatter.o(!!!scatter)
    !!handler_copy                           0x08000104   Section       26  __scatter_copy.o(!!handler_copy)
    !!handler_zi                             0x08000120   Section       28  __scatter_zi.o(!!handler_zi)
    .ARM.Collect$$_printf_percent$$00000000  0x0800013c   Section        2  _printf_percent.o(.ARM.Collect$$_printf_percent$$00000000)
    .ARM.Collect$$_printf_percent$$00000003  0x0800013e   Section       10  _printf_f.o(.ARM.Collect$$_printf_percent$$00000003)
    .ARM.Collect$$_printf_percent$$00000009  0x08000148   Section       10  _printf_d.o(.ARM.Collect$$_printf_percent$$00000009)
    .ARM.Collect$$_printf_percent$$00000014  0x08000152   Section       10  _printf_s.o(.ARM.Collect$$_printf_percent$$00000014)
    .ARM.Collect$$_printf_percent$$00000017  0x0800015c   Section        4  _printf_percent_end.o(.ARM.Collect$$_printf_percent$$00000017)
    .ARM.Collect$$libinit$$00000000          0x08000160   Section        2  libinit.o(.ARM.Collect$$libinit$$00000000)
    .ARM.Collect$$libinit$$00000002          0x08000162   Section        0  libinit2.o(.ARM.Collect$$libinit$$00000002)
    .ARM.Collect$$libinit$$00000004          0x08000162   Section        0  libinit2.o(.ARM.Collect$$libinit$$00000004)
    .ARM.Collect$$libinit$$00000005          0x08000162   Section        8  libinit2.o(.ARM.Collect$$libinit$$00000005)
    .ARM.Collect$$libinit$$0000000A          0x0800016a   Section        0  libinit2.o(.ARM.Collect$$libinit$$0000000A)
    .ARM.Collect$$libinit$$0000000C          0x0800016a   Section        0  libinit2.o(.ARM.Collect$$libinit$$0000000C)
    .ARM.Collect$$libinit$$0000000E          0x0800016a   Section        0  libinit2.o(.ARM.Collect$$libinit$$0000000E)
    .ARM.Collect$$libinit$$0000000F          0x0800016a   Section        6  libinit2.o(.ARM.Collect$$libinit$$0000000F)
    .ARM.Collect$$libinit$$00000011          0x08000170   Section        0  libinit2.o(.ARM.Collect$$libinit$$00000011)
    .ARM.Collect$$libinit$$00000013          0x08000170   Section        0  libinit2.o(.ARM.Collect$$libinit$$00000013)
    .ARM.Collect$$libinit$$00000015          0x08000170   Section        0  libinit2.o(.ARM.Collect$$libinit$$00000015)
    .ARM.Collect$$libinit$$00000016          0x08000170   Section       10  libinit2.o(.ARM.Collect$$libinit$$00000016)
    .ARM.Collect$$libinit$$00000017          0x0800017a   Section        0  libinit2.o(.ARM.Collect$$libinit$$00000017)
    .ARM.Collect$$libinit$$00000019          0x0800017a   Section        0  libinit2.o(.ARM.Collect$$libinit$$00000019)
    .ARM.Collect$$libinit$$0000001B          0x0800017a   Section        0  libinit2.o(.ARM.Collect$$libinit$$0000001B)
    .ARM.Collect$$libinit$$0000001D          0x0800017a   Section        0  libinit2.o(.ARM.Collect$$libinit$$0000001D)
    .ARM.Collect$$libinit$$0000001F          0x0800017a   Section        0  libinit2.o(.ARM.Collect$$libinit$$0000001F)
    .ARM.Collect$$libinit$$00000021          0x0800017a   Section        0  libinit2.o(.ARM.Collect$$libinit$$00000021)
    .ARM.Collect$$libinit$$00000023          0x0800017a   Section        0  libinit2.o(.ARM.Collect$$libinit$$00000023)
    .ARM.Collect$$libinit$$00000024          0x0800017a   Section        4  libinit2.o(.ARM.Collect$$libinit$$00000024)
    .ARM.Collect$$libinit$$00000025          0x0800017e   Section        0  libinit2.o(.ARM.Collect$$libinit$$00000025)
    .ARM.Collect$$libinit$$0000002C          0x0800017e   Section        0  libinit2.o(.ARM.Collect$$libinit$$0000002C)
    .ARM.Collect$$libinit$$0000002E          0x0800017e   Section        0  libinit2.o(.ARM.Collect$$libinit$$0000002E)
    .ARM.Collect$$libinit$$00000030          0x0800017e   Section        0  libinit2.o(.ARM.Collect$$libinit$$00000030)
    .ARM.Collect$$libinit$$00000032          0x0800017e   Section        0  libinit2.o(.ARM.Collect$$libinit$$00000032)
    .ARM.Collect$$libinit$$00000033          0x0800017e   Section        2  libinit2.o(.ARM.Collect$$libinit$$00000033)
    .ARM.Collect$$libshutdown$$00000000      0x08000180   Section        2  libshutdown.o(.ARM.Collect$$libshutdown$$00000000)
    .ARM.Collect$$libshutdown$$00000002      0x08000182   Section        0  libshutdown2.o(.ARM.Collect$$libshutdown$$00000002)
    .ARM.Collect$$libshutdown$$00000003      0x08000182   Section        4  libshutdown2.o(.ARM.Collect$$libshutdown$$00000003)
    .ARM.Collect$$libshutdown$$00000004      0x08000186   Section        0  libshutdown2.o(.ARM.Collect$$libshutdown$$00000004)
    .ARM.Collect$$libshutdown$$00000007      0x08000186   Section        0  libshutdown2.o(.ARM.Collect$$libshutdown$$00000007)
    .ARM.Collect$$libshutdown$$0000000A      0x08000186   Section        0  libshutdown2.o(.ARM.Collect$$libshutdown$$0000000A)
    .ARM.Collect$$libshutdown$$0000000C      0x08000186   Section        0  libshutdown2.o(.ARM.Collect$$libshutdown$$0000000C)
    .ARM.Collect$$libshutdown$$0000000F      0x08000186   Section        0  libshutdown2.o(.ARM.Collect$$libshutdown$$0000000F)
    .ARM.Collect$$libshutdown$$00000010      0x08000186   Section        2  libshutdown2.o(.ARM.Collect$$libshutdown$$00000010)
    .ARM.Collect$$rtentry$$00000000          0x08000188   Section        0  __rtentry.o(.ARM.Collect$$rtentry$$00000000)
    .ARM.Collect$$rtentry$$00000002          0x08000188   Section        0  __rtentry2.o(.ARM.Collect$$rtentry$$00000002)
    .ARM.Collect$$rtentry$$00000004          0x08000188   Section        6  __rtentry4.o(.ARM.Collect$$rtentry$$00000004)
    .ARM.Collect$$rtentry$$00000009          0x0800018e   Section        0  __rtentry2.o(.ARM.Collect$$rtentry$$00000009)
    .ARM.Collect$$rtentry$$0000000A          0x0800018e   Section        4  __rtentry2.o(.ARM.Collect$$rtentry$$0000000A)
    .ARM.Collect$$rtentry$$0000000C          0x08000192   Section        0  __rtentry2.o(.ARM.Collect$$rtentry$$0000000C)
    .ARM.Collect$$rtentry$$0000000D          0x08000192   Section        8  __rtentry2.o(.ARM.Collect$$rtentry$$0000000D)
    .ARM.Collect$$rtexit$$00000000           0x0800019a   Section        2  rtexit.o(.ARM.Collect$$rtexit$$00000000)
    .ARM.Collect$$rtexit$$00000002           0x0800019c   Section        0  rtexit2.o(.ARM.Collect$$rtexit$$00000002)
    .ARM.Collect$$rtexit$$00000003           0x0800019c   Section        4  rtexit2.o(.ARM.Collect$$rtexit$$00000003)
    .ARM.Collect$$rtexit$$00000004           0x080001a0   Section        6  rtexit2.o(.ARM.Collect$$rtexit$$00000004)
    .emb_text                                0x080001a8   Section       56  rt_memcpy.o(.emb_text)
    .emb_text                                0x080001e0   Section        0  maybetermalloc1.o(.emb_text)
    .text                                    0x080001e0   Section       56  startup_stm32f072xb.o(.text)
    .text                                    0x08000218   Section        0  noretval__2printf.o(.text)
    .text                                    0x08000234   Section        0  noretval__2sprintf.o(.text)
    .text                                    0x0800025c   Section        0  _printf_str.o(.text)
    .text                                    0x080002b0   Section        0  _printf_dec.o(.text)
    .text                                    0x0800031c   Section        0  __printf_flags_wp.o(.text)
    .text                                    0x08000454   Section        0  strlen.o(.text)
    .text                                    0x08000498   Section        0  strcmp.o(.text)
    .text                                    0x08000520   Section      346  aeabi_sdiv.o(.text)
    .text                                    0x0800067a   Section        0  heapauxi.o(.text)
    .text                                    0x08000680   Section        0  d2f.o(.text)
    .text                                    0x080006fc   Section        0  ddiv.o(.text)
    .text                                    0x08000b44   Section        0  dfixui.o(.text)
    .text                                    0x08000b8c   Section        0  dflti.o(.text)
    .text                                    0x08000be4   Section        0  dmul.o(.text)
    .text                                    0x08000e2c   Section        0  f2d.o(.text)
    .text                                    0x08000e80   Section        0  _printf_intcommon.o(.text)
    .text                                    0x08000f30   Section        0  _printf_fp_dec.o(.text)
    _fp_digits                               0x08000f33   Thumb Code   412  _printf_fp_dec.o(.text)
    .text                                    0x08001348   Section        0  _printf_char_common.o(.text)
    _printf_input_char                       0x08001349   Thumb Code    10  _printf_char_common.o(.text)
    .text                                    0x08001378   Section        0  _sputc.o(.text)
    .text                                    0x08001382   Section        0  _printf_char.o(.text)
    .text                                    0x080013b0   Section        0  _printf_char_file.o(.text)
    .text                                    0x080013d8   Section        0  rtudiv10.o(.text)
    .text                                    0x08001400   Section        8  rt_locale_intlibspace.o(.text)
    .text                                    0x08001408   Section        0  lludiv10.o(.text)
    .text                                    0x08001484   Section        0  _printf_fp_infnan.o(.text)
    .text                                    0x0800150c   Section        0  bigflt0.o(.text)
    .text                                    0x080015e4   Section        0  btod.o(.text)
    btod_internal_mul                        0x08001625   Thumb Code   492  btod.o(.text)
    btod_internal_div                        0x08001811   Thumb Code   520  btod.o(.text)
    .text                                    0x08001b64   Section        0  ferror.o(.text)
    .text                                    0x08001b6c   Section        0  initio.o(.text)
    .text                                    0x08001ca8   Section        8  libspace.o(.text)
    .text                                    0x08001cb0   Section       62  sys_stackheap_outer.o(.text)
    .text                                    0x08001cee   Section        0  h1_free.o(.text)
    .text                                    0x08001d3c   Section        0  flsbuf.o(.text)
    .text                                    0x08001f2c   Section        0  setvbuf.o(.text)
    .text                                    0x08001f78   Section        0  fopen.o(.text)
    _freopen_locked                          0x08001f79   Thumb Code     0  fopen.o(.text)
    .text                                    0x08002060   Section        0  fclose.o(.text)
    .text                                    0x080020ac   Section        0  exit.o(.text)
    .text                                    0x080020bc   Section        0  defsig_rtred_outer.o(.text)
    .text                                    0x080020c8   Section        0  rt_memclr.o(.text)
    .text                                    0x08002108   Section        8  rt_heap_descriptor_intlibspace.o(.text)
    .text                                    0x08002110   Section        0  hguard.o(.text)
    .text                                    0x08002114   Section        0  init_alloc.o(.text)
    .text                                    0x0800219c   Section        0  h1_alloc.o(.text)
    .text                                    0x08002200   Section        0  fseek.o(.text)
    .text                                    0x080022f4   Section        0  stdio.o(.text)
    .text                                    0x080023e4   Section        0  defsig_exit.o(.text)
    .text                                    0x080023f0   Section        0  defsig_rtred_inner.o(.text)
    .text                                    0x08002424   Section        0  sys_exit.o(.text)
    .text                                    0x08002430   Section        0  h1_init.o(.text)
    .text                                    0x0800243e   Section        0  h1_extend.o(.text)
    .text                                    0x08002472   Section        0  ftell.o(.text)
    .text                                    0x080024b4   Section        0  defsig_general.o(.text)
    .text                                    0x080024e8   Section        0  defsig_rtmem_outer.o(.text)
    .text                                    0x080024f4   Section        0  sys_wrch.o(.text)
    .text                                    0x08002500   Section        2  use_no_semi.o(.text)
    .text                                    0x08002502   Section        0  indicate_semi.o(.text)
    .text                                    0x08002504   Section        8  rt_errno_addr_intlibspace.o(.text)
    .text                                    0x0800250c   Section        0  defsig_rtmem_inner.o(.text)
    i.Config_PA12                            0x0800255c   Section        0  temp_main.o(i.Config_PA12)
    i.Config_PA910                           0x080025b4   Section        0  bt_main.o(i.Config_PA910)
    i.Config_Timer2                          0x0800260c   Section        0  melody_main.o(i.Config_Timer2)
    i.Config_timer14                         0x0800266c   Section        0  melody_main.o(i.Config_timer14)
    i.Config_uart1                           0x080026b4   Section        0  bt_main.o(i.Config_uart1)
    i.Delay                                  0x08002728   Section        0  bt_main.o(i.Delay)
    i.GPIOA6_8_init                          0x08002740   Section        0  colorled_main.o(i.GPIOA6_8_init)
    i.GPIOC0_7_init                          0x08002798   Section        0  led_main.o(i.GPIOC0_7_init)
    i.Get_TempHumd                           0x080027e4   Section        0  temp_main.o(i.Get_TempHumd)
    i.LedChange                              0x080029b0   Section        0  led_main.o(i.LedChange)
    i.PWMPA4_disable                         0x08002a68   Section        0  melody_main.o(i.PWMPA4_disable)
    i.PWMPA4_enable                          0x08002a84   Section        0  melody_main.o(i.PWMPA4_enable)
    i.PWMPA4_init                            0x08002aa8   Section        0  melody_main.o(i.PWMPA4_init)
    i.PlayMelody                             0x08002b00   Section        0  melody_main.o(i.PlayMelody)
    i.SelectTone                             0x08002d9c   Section        0  melody_main.o(i.SelectTone)
    i.Send_String                            0x08002dec   Section        0  bt_main.o(i.Send_String)
    i.SetSysClock                            0x08002e70   Section        0  bt_main.o(i.SetSysClock)
    SetSysClock                              0x08002e71   Thumb Code   124  bt_main.o(i.SetSysClock)
    i.Set_high                               0x08002efc   Section        0  temp_main.o(i.Set_high)
    i.Set_input                              0x08002f10   Section        0  temp_main.o(i.Set_input)
    i.Set_low                                0x08002f24   Section        0  temp_main.o(i.Set_low)
    i.Set_output                             0x08002f38   Section        0  temp_main.o(i.Set_output)
    i.SysTick_Handler                        0x08002f4c   Section        0  bt_main.o(i.SysTick_Handler)
    i.SystemInit                             0x08002f5c   Section        0  system_stm32f0xx.o(i.SystemInit)
    i.TIM2Delay                              0x08002fd4   Section        0  melody_main.o(i.TIM2Delay)
    i.TIM2_IRQHandler                        0x08002fec   Section        0  melody_main.o(i.TIM2_IRQHandler)
    i.USART1_IRQHandler                      0x0800300c   Section        0  bt_main.o(i.USART1_IRQHandler)
    i.__ARM_common_ll_muluu                  0x08003158   Section        0  btod.o(i.__ARM_common_ll_muluu)
    i.__ARM_common_switch8                   0x08003188   Section        0  bt_main.o(i.__ARM_common_switch8)
    i.__ARM_fpclassify                       0x080031a4   Section        0  fpclassify.o(i.__ARM_fpclassify)
    i.__NVIC_SetPriority                     0x080031d0   Section        0  bt_main.o(i.__NVIC_SetPriority)
    __NVIC_SetPriority                       0x080031d1   Thumb Code   110  bt_main.o(i.__NVIC_SetPriority)
    i.__NVIC_SetPriority                     0x08003248   Section        0  melody_main.o(i.__NVIC_SetPriority)
    __NVIC_SetPriority                       0x08003249   Thumb Code   110  melody_main.o(i.__NVIC_SetPriority)
    i._is_digit                              0x080032c0   Section        0  __printf_wp.o(i._is_digit)
    i._sys_close                             0x080032d0   Section        0  retarget_io.o(i._sys_close)
    i._sys_flen                              0x080032fc   Section        0  retarget_io.o(i._sys_flen)
    i._sys_istty                             0x08003324   Section        0  retarget_io.o(i._sys_istty)
    i._sys_open                              0x0800334c   Section        0  retarget_io.o(i._sys_open)
    i._sys_seek                              0x080033bc   Section        0  retarget_io.o(i._sys_seek)
    i._sys_write                             0x080033ec   Section        0  retarget_io.o(i._sys_write)
    i.color_led_main                         0x08003430   Section        0  colorled_main.o(i.color_led_main)
    i.fputc                                  0x0800344a   Section        0  fputc.o(i.fputc)
    i.led_main                               0x08003468   Section        0  led_main.o(i.led_main)
    i.main                                   0x08003470   Section        0  bt_main.o(i.main)
    i.melody_main                            0x08003524   Section        0  melody_main.o(i.melody_main)
    i.select_colorLED                        0x08003540   Section        0  colorled_main.o(i.select_colorLED)
    i.stdout_init                            0x08003564   Section        0  usart_user.o(i.stdout_init)
    i.stdout_putchar                         0x080035d4   Section        0  usart_user.o(i.stdout_putchar)
    i.temp_main                              0x080035f4   Section        0  temp_main.o(i.temp_main)
    locale$$code                             0x080035fc   Section       44  lc_numeric_c.o(locale$$code)
    x$fpl$printf1                            0x08003628   Section       16  printf1.o(x$fpl$printf1)
    .constdata                               0x08003638   Section      448  melody_main.o(.constdata)
    x$fpl$usenofp                            0x08003638   Section        0  usenofp.o(x$fpl$usenofp)
    .constdata                               0x080037f8   Section       23  retarget_io.o(.constdata)
    .constdata                               0x0800380f   Section       17  __printf_flags_wp.o(.constdata)
    maptable                                 0x0800380f   Data          17  __printf_flags_wp.o(.constdata)
    .constdata                               0x08003820   Section      128  ddiv.o(.constdata)
    ddiv_reciptbl                            0x08003820   Data         128  ddiv.o(.constdata)
    .constdata                               0x080038a0   Section      148  bigflt0.o(.constdata)
    tenpwrs_x                                0x080038a0   Data          60  bigflt0.o(.constdata)
    tenpwrs_i                                0x080038dc   Data          64  bigflt0.o(.constdata)
    locale$$data                             0x08003954   Section       28  lc_numeric_c.o(locale$$data)
    __lcnum_c_name                           0x08003958   Data           2  lc_numeric_c.o(locale$$data)
    __lcnum_c_start                          0x08003960   Data           0  lc_numeric_c.o(locale$$data)
    __lcnum_c_point                          0x0800396c   Data           0  lc_numeric_c.o(locale$$data)
    __lcnum_c_thousands                      0x0800396e   Data           0  lc_numeric_c.o(locale$$data)
    __lcnum_c_grouping                       0x0800396f   Data           0  lc_numeric_c.o(locale$$data)
    __lcnum_c_end                            0x08003970   Data           0  lc_numeric_c.o(locale$$data)
    .data                                    0x20000000   Section       20  bt_main.o(.data)
    .data                                    0x20000014   Section        5  melody_main.o(.data)
    .data                                    0x20000019   Section       12  temp_main.o(.data)
    .data                                    0x20000028   Section        4  system_stm32f0xx.o(.data)
    .data                                    0x2000002c   Section        4  stdio_streams.o(.data)
    .data                                    0x20000030   Section        4  stdio_streams.o(.data)
    .data                                    0x20000034   Section        4  stdio_streams.o(.data)
    .bss                                     0x20000038   Section       84  stdio_streams.o(.bss)
    .bss                                     0x2000008c   Section       84  stdio_streams.o(.bss)
    .bss                                     0x200000e0   Section       84  stdio_streams.o(.bss)
    .bss                                     0x20000134   Section       96  libspace.o(.bss)
    HEAP                                     0x20000198   Section      512  startup_stm32f072xb.o(HEAP)
    Heap_Mem                                 0x20000198   Data         512  startup_stm32f072xb.o(HEAP)
    STACK                                    0x20000398   Section     1024  startup_stm32f072xb.o(STACK)
    Stack_Mem                                0x20000398   Data        1024  startup_stm32f072xb.o(STACK)
    __initial_sp                             0x20000798   Data           0  startup_stm32f072xb.o(STACK)

    Global Symbols

    Symbol Name                              Value     Ov Type        Size  Object(Section)

    BuildAttributes$$THM_ISAv3M$S$PE$A:L22$X:L11$S22$IEEE1$IW$USESV6$~STKCKD$USESV7$~SHL$OTIME$ROPI$IEEEJ$EBA8$UX$STANDARDLIB$REQ8$PRES8$EABIv2 0x00000000   Number         0  anon$$obj.o ABSOLUTE
    __ARM_use_no_argv                        0x00000000   Number         0  bt_main.o ABSOLUTE
    _printf_flags                            0x00000000   Number         0  printf_stubs.o ABSOLUTE
    _printf_return_value                     0x00000000   Number         0  printf_stubs.o ABSOLUTE
    _printf_sizespec                         0x00000000   Number         0  printf_stubs.o ABSOLUTE
    _printf_widthprec                        0x00000000   Number         0  printf_stubs.o ABSOLUTE
    __ARM_exceptions_init                     - Undefined Weak Reference
    __alloca_initialize                       - Undefined Weak Reference
    __arm_preinit_                            - Undefined Weak Reference
    __cpp_initialize__aeabi_                  - Undefined Weak Reference
    __cxa_finalize                            - Undefined Weak Reference
    __sigvec_lookup                           - Undefined Weak Reference
    __user_heap_extent                        - Undefined Weak Reference
    _atexit_init                              - Undefined Weak Reference
    _call_atexit_fns                          - Undefined Weak Reference
    _clock_init                               - Undefined Weak Reference
    _fp_trap_init                             - Undefined Weak Reference
    _fp_trap_shutdown                         - Undefined Weak Reference
    _get_lc_collate                           - Undefined Weak Reference
    _get_lc_ctype                             - Undefined Weak Reference
    _get_lc_monetary                          - Undefined Weak Reference
    _get_lc_time                              - Undefined Weak Reference
    _getenv_init                              - Undefined Weak Reference
    _handle_redirection                       - Undefined Weak Reference
    _mutex_acquire                            - Undefined Weak Reference
    _mutex_free                               - Undefined Weak Reference
    _mutex_release                            - Undefined Weak Reference
    _printf_mbtowc                            - Undefined Weak Reference
    _printf_post_padding                      - Undefined Weak Reference
    _printf_pre_padding                       - Undefined Weak Reference
    _printf_truncate_signed                   - Undefined Weak Reference
    _printf_truncate_unsigned                 - Undefined Weak Reference
    _rand_init                                - Undefined Weak Reference
    _signal_finish                            - Undefined Weak Reference
    _signal_init                              - Undefined Weak Reference
    __Vectors_Size                           0x000000c0   Number         0  startup_stm32f072xb.o ABSOLUTE
    __Vectors                                0x08000000   Data           4  startup_stm32f072xb.o(RESET)
    __Vectors_End                            0x080000c0   Data           0  startup_stm32f072xb.o(RESET)
    __main                                   0x080000c1   Thumb Code     8  __main.o(!!!main)
    __scatterload                            0x080000c9   Thumb Code     0  __scatter.o(!!!scatter)
    __scatterload_rt2                        0x080000c9   Thumb Code    52  __scatter.o(!!!scatter)
    __scatterload_rt2_thumb_only             0x080000c9   Thumb Code     0  __scatter.o(!!!scatter)
    __scatterload_null                       0x080000d9   Thumb Code     0  __scatter.o(!!!scatter)
    __scatterload_copy                       0x08000105   Thumb Code    26  __scatter_copy.o(!!handler_copy)
    __scatterload_zeroinit                   0x08000121   Thumb Code    28  __scatter_zi.o(!!handler_zi)
    _printf_percent                          0x0800013d   Thumb Code     0  _printf_percent.o(.ARM.Collect$$_printf_percent$$00000000)
    _printf_f                                0x0800013f   Thumb Code     0  _printf_f.o(.ARM.Collect$$_printf_percent$$00000003)
    _printf_d                                0x08000149   Thumb Code     0  _printf_d.o(.ARM.Collect$$_printf_percent$$00000009)
    _printf_s                                0x08000153   Thumb Code     0  _printf_s.o(.ARM.Collect$$_printf_percent$$00000014)
    _printf_percent_end                      0x0800015d   Thumb Code     0  _printf_percent_end.o(.ARM.Collect$$_printf_percent$$00000017)
    __rt_lib_init                            0x08000161   Thumb Code     0  libinit.o(.ARM.Collect$$libinit$$00000000)
    __rt_lib_init_fp_1                       0x08000163   Thumb Code     0  libinit2.o(.ARM.Collect$$libinit$$00000002)
    __rt_lib_init_heap_2                     0x08000163   Thumb Code     0  libinit2.o(.ARM.Collect$$libinit$$00000005)
    __rt_lib_init_preinit_1                  0x08000163   Thumb Code     0  libinit2.o(.ARM.Collect$$libinit$$00000004)
    __rt_lib_init_heap_1                     0x0800016b   Thumb Code     0  libinit2.o(.ARM.Collect$$libinit$$0000000A)
    __rt_lib_init_lc_common                  0x0800016b   Thumb Code     0  libinit2.o(.ARM.Collect$$libinit$$0000000F)
    __rt_lib_init_rand_1                     0x0800016b   Thumb Code     0  libinit2.o(.ARM.Collect$$libinit$$0000000E)
    __rt_lib_init_user_alloc_1               0x0800016b   Thumb Code     0  libinit2.o(.ARM.Collect$$libinit$$0000000C)
    __rt_lib_init_lc_collate_1               0x08000171   Thumb Code     0  libinit2.o(.ARM.Collect$$libinit$$00000011)
    __rt_lib_init_lc_ctype_1                 0x08000171   Thumb Code     0  libinit2.o(.ARM.Collect$$libinit$$00000013)
    __rt_lib_init_lc_monetary_1              0x08000171   Thumb Code     0  libinit2.o(.ARM.Collect$$libinit$$00000015)
    __rt_lib_init_lc_numeric_2               0x08000171   Thumb Code     0  libinit2.o(.ARM.Collect$$libinit$$00000016)
    __rt_lib_init_atexit_1                   0x0800017b   Thumb Code     0  libinit2.o(.ARM.Collect$$libinit$$0000001B)
    __rt_lib_init_clock_1                    0x0800017b   Thumb Code     0  libinit2.o(.ARM.Collect$$libinit$$00000021)
    __rt_lib_init_fp_trap_1                  0x0800017b   Thumb Code     0  libinit2.o(.ARM.Collect$$libinit$$0000001F)
    __rt_lib_init_getenv_1                   0x0800017b   Thumb Code     0  libinit2.o(.ARM.Collect$$libinit$$00000023)
    __rt_lib_init_lc_numeric_1               0x0800017b   Thumb Code     0  libinit2.o(.ARM.Collect$$libinit$$00000017)
    __rt_lib_init_lc_time_1                  0x0800017b   Thumb Code     0  libinit2.o(.ARM.Collect$$libinit$$00000019)
    __rt_lib_init_signal_1                   0x0800017b   Thumb Code     0  libinit2.o(.ARM.Collect$$libinit$$0000001D)
    __rt_lib_init_stdio_2                    0x0800017b   Thumb Code     0  libinit2.o(.ARM.Collect$$libinit$$00000024)
    __rt_lib_init_alloca_1                   0x0800017f   Thumb Code     0  libinit2.o(.ARM.Collect$$libinit$$0000002E)
    __rt_lib_init_argv_1                     0x0800017f   Thumb Code     0  libinit2.o(.ARM.Collect$$libinit$$0000002C)
    __rt_lib_init_cpp_1                      0x0800017f   Thumb Code     0  libinit2.o(.ARM.Collect$$libinit$$00000032)
    __rt_lib_init_exceptions_1               0x0800017f   Thumb Code     0  libinit2.o(.ARM.Collect$$libinit$$00000030)
    __rt_lib_init_return                     0x0800017f   Thumb Code     0  libinit2.o(.ARM.Collect$$libinit$$00000033)
    __rt_lib_init_stdio_1                    0x0800017f   Thumb Code     0  libinit2.o(.ARM.Collect$$libinit$$00000025)
    __rt_lib_shutdown                        0x08000181   Thumb Code     0  libshutdown.o(.ARM.Collect$$libshutdown$$00000000)
    __rt_lib_shutdown_cpp_1                  0x08000183   Thumb Code     0  libshutdown2.o(.ARM.Collect$$libshutdown$$00000002)
    __rt_lib_shutdown_stdio_2                0x08000183   Thumb Code     0  libshutdown2.o(.ARM.Collect$$libshutdown$$00000003)
    __rt_lib_shutdown_fp_trap_1              0x08000187   Thumb Code     0  libshutdown2.o(.ARM.Collect$$libshutdown$$00000007)
    __rt_lib_shutdown_heap_1                 0x08000187   Thumb Code     0  libshutdown2.o(.ARM.Collect$$libshutdown$$0000000F)
    __rt_lib_shutdown_return                 0x08000187   Thumb Code     0  libshutdown2.o(.ARM.Collect$$libshutdown$$00000010)
    __rt_lib_shutdown_signal_1               0x08000187   Thumb Code     0  libshutdown2.o(.ARM.Collect$$libshutdown$$0000000A)
    __rt_lib_shutdown_stdio_1                0x08000187   Thumb Code     0  libshutdown2.o(.ARM.Collect$$libshutdown$$00000004)
    __rt_lib_shutdown_user_alloc_1           0x08000187   Thumb Code     0  libshutdown2.o(.ARM.Collect$$libshutdown$$0000000C)
    __rt_entry                               0x08000189   Thumb Code     0  __rtentry.o(.ARM.Collect$$rtentry$$00000000)
    __rt_entry_presh_1                       0x08000189   Thumb Code     0  __rtentry2.o(.ARM.Collect$$rtentry$$00000002)
    __rt_entry_sh                            0x08000189   Thumb Code     0  __rtentry4.o(.ARM.Collect$$rtentry$$00000004)
    __rt_entry_li                            0x0800018f   Thumb Code     0  __rtentry2.o(.ARM.Collect$$rtentry$$0000000A)
    __rt_entry_postsh_1                      0x0800018f   Thumb Code     0  __rtentry2.o(.ARM.Collect$$rtentry$$00000009)
    __rt_entry_main                          0x08000193   Thumb Code     0  __rtentry2.o(.ARM.Collect$$rtentry$$0000000D)
    __rt_entry_postli_1                      0x08000193   Thumb Code     0  __rtentry2.o(.ARM.Collect$$rtentry$$0000000C)
    __rt_exit                                0x0800019b   Thumb Code     0  rtexit.o(.ARM.Collect$$rtexit$$00000000)
    __rt_exit_ls                             0x0800019d   Thumb Code     0  rtexit2.o(.ARM.Collect$$rtexit$$00000003)
    __rt_exit_prels_1                        0x0800019d   Thumb Code     0  rtexit2.o(.ARM.Collect$$rtexit$$00000002)
    __rt_exit_exit                           0x080001a1   Thumb Code     0  rtexit2.o(.ARM.Collect$$rtexit$$00000004)
    __aeabi_memcpy4                          0x080001a9   Thumb Code    56  rt_memcpy.o(.emb_text)
    __aeabi_memcpy8                          0x080001a9   Thumb Code     0  rt_memcpy.o(.emb_text)
    Reset_Handler                            0x080001e1   Thumb Code     8  startup_stm32f072xb.o(.text)
    _maybe_terminate_alloc                   0x080001e1   Thumb Code     0  maybetermalloc1.o(.emb_text)
    NMI_Handler                              0x080001e9   Thumb Code     2  startup_stm32f072xb.o(.text)
    HardFault_Handler                        0x080001eb   Thumb Code     2  startup_stm32f072xb.o(.text)
    SVC_Handler                              0x080001ed   Thumb Code     2  startup_stm32f072xb.o(.text)
    PendSV_Handler                           0x080001ef   Thumb Code     2  startup_stm32f072xb.o(.text)
    ADC1_COMP_IRQHandler                     0x080001f3   Thumb Code     0  startup_stm32f072xb.o(.text)
    CEC_CAN_IRQHandler                       0x080001f3   Thumb Code     0  startup_stm32f072xb.o(.text)
    DMA1_Channel1_IRQHandler                 0x080001f3   Thumb Code     0  startup_stm32f072xb.o(.text)
    DMA1_Channel2_3_IRQHandler               0x080001f3   Thumb Code     0  startup_stm32f072xb.o(.text)
    DMA1_Channel4_5_6_7_IRQHandler           0x080001f3   Thumb Code     0  startup_stm32f072xb.o(.text)
    EXTI0_1_IRQHandler                       0x080001f3   Thumb Code     0  startup_stm32f072xb.o(.text)
    EXTI2_3_IRQHandler                       0x080001f3   Thumb Code     0  startup_stm32f072xb.o(.text)
    EXTI4_15_IRQHandler                      0x080001f3   Thumb Code     0  startup_stm32f072xb.o(.text)
    FLASH_IRQHandler                         0x080001f3   Thumb Code     0  startup_stm32f072xb.o(.text)
    I2C1_IRQHandler                          0x080001f3   Thumb Code     0  startup_stm32f072xb.o(.text)
    I2C2_IRQHandler                          0x080001f3   Thumb Code     0  startup_stm32f072xb.o(.text)
    PVD_VDDIO2_IRQHandler                    0x080001f3   Thumb Code     0  startup_stm32f072xb.o(.text)
    RCC_CRS_IRQHandler                       0x080001f3   Thumb Code     0  startup_stm32f072xb.o(.text)
    RTC_IRQHandler                           0x080001f3   Thumb Code     0  startup_stm32f072xb.o(.text)
    SPI1_IRQHandler                          0x080001f3   Thumb Code     0  startup_stm32f072xb.o(.text)
    SPI2_IRQHandler                          0x080001f3   Thumb Code     0  startup_stm32f072xb.o(.text)
    TIM14_IRQHandler                         0x080001f3   Thumb Code     0  startup_stm32f072xb.o(.text)
    TIM15_IRQHandler                         0x080001f3   Thumb Code     0  startup_stm32f072xb.o(.text)
    TIM16_IRQHandler                         0x080001f3   Thumb Code     0  startup_stm32f072xb.o(.text)
    TIM17_IRQHandler                         0x080001f3   Thumb Code     0  startup_stm32f072xb.o(.text)
    TIM1_BRK_UP_TRG_COM_IRQHandler           0x080001f3   Thumb Code     0  startup_stm32f072xb.o(.text)
    TIM1_CC_IRQHandler                       0x080001f3   Thumb Code     0  startup_stm32f072xb.o(.text)
    TIM3_IRQHandler                          0x080001f3   Thumb Code     0  startup_stm32f072xb.o(.text)
    TIM6_DAC_IRQHandler                      0x080001f3   Thumb Code     0  startup_stm32f072xb.o(.text)
    TIM7_IRQHandler                          0x080001f3   Thumb Code     0  startup_stm32f072xb.o(.text)
    TSC_IRQHandler                           0x080001f3   Thumb Code     0  startup_stm32f072xb.o(.text)
    USART2_IRQHandler                        0x080001f3   Thumb Code     0  startup_stm32f072xb.o(.text)
    USART3_4_IRQHandler                      0x080001f3   Thumb Code     0  startup_stm32f072xb.o(.text)
    USB_IRQHandler                           0x080001f3   Thumb Code     0  startup_stm32f072xb.o(.text)
    WWDG_IRQHandler                          0x080001f3   Thumb Code     0  startup_stm32f072xb.o(.text)
    __user_initial_stackheap                 0x080001f5   Thumb Code     0  startup_stm32f072xb.o(.text)
    __2printf                                0x08000219   Thumb Code    22  noretval__2printf.o(.text)
    __2sprintf                               0x08000235   Thumb Code    36  noretval__2sprintf.o(.text)
    _printf_str                              0x0800025d   Thumb Code    82  _printf_str.o(.text)
    _printf_int_dec                          0x080002b1   Thumb Code    90  _printf_dec.o(.text)
    __printf                                 0x0800031d   Thumb Code   306  __printf_flags_wp.o(.text)
    strlen                                   0x08000455   Thumb Code    62  strlen.o(.text)
    strcmp                                   0x08000499   Thumb Code   132  strcmp.o(.text)
    __aeabi_uidiv                            0x08000521   Thumb Code     0  aeabi_sdiv.o(.text)
    __aeabi_uidivmod                         0x08000521   Thumb Code    20  aeabi_sdiv.o(.text)
    __aeabi_idiv                             0x08000535   Thumb Code     0  aeabi_sdiv.o(.text)
    __aeabi_idivmod                          0x08000535   Thumb Code   326  aeabi_sdiv.o(.text)
    __use_two_region_memory                  0x0800067b   Thumb Code     2  heapauxi.o(.text)
    __rt_heap_escrow                         0x0800067d   Thumb Code     2  heapauxi.o(.text)
    __rt_heap_expand                         0x0800067f   Thumb Code     2  heapauxi.o(.text)
    __aeabi_d2f                              0x08000681   Thumb Code     0  d2f.o(.text)
    _d2f                                     0x08000681   Thumb Code   120  d2f.o(.text)
    __aeabi_ddiv                             0x080006fd   Thumb Code     0  ddiv.o(.text)
    _ddiv                                    0x080006fd   Thumb Code  1072  ddiv.o(.text)
    _drdiv                                   0x08000b2d   Thumb Code    20  ddiv.o(.text)
    __aeabi_d2uiz                            0x08000b45   Thumb Code     0  dfixui.o(.text)
    _dfixu                                   0x08000b45   Thumb Code    68  dfixui.o(.text)
    __aeabi_i2d_normalise                    0x08000b8d   Thumb Code    66  dflti.o(.text)
    __aeabi_i2d                              0x08000bcf   Thumb Code    16  dflti.o(.text)
    _dflt                                    0x08000bcf   Thumb Code     0  dflti.o(.text)
    __aeabi_ui2d                             0x08000bdf   Thumb Code     6  dflti.o(.text)
    _dfltu                                   0x08000bdf   Thumb Code     0  dflti.o(.text)
    __aeabi_dmul                             0x08000be5   Thumb Code     0  dmul.o(.text)
    _dmul                                    0x08000be5   Thumb Code   558  dmul.o(.text)
    __aeabi_f2d                              0x08000e2d   Thumb Code     0  f2d.o(.text)
    _f2d                                     0x08000e2d   Thumb Code    80  f2d.o(.text)
    _printf_int_common                       0x08000e81   Thumb Code   176  _printf_intcommon.o(.text)
    __lib_sel_fp_printf                      0x08000f31   Thumb Code     2  _printf_fp_dec.o(.text)
    _printf_fp_dec_real                      0x080010cf   Thumb Code   620  _printf_fp_dec.o(.text)
    _printf_char_common                      0x08001353   Thumb Code    32  _printf_char_common.o(.text)
    _sputc                                   0x08001379   Thumb Code    10  _sputc.o(.text)
    _printf_cs_common                        0x08001383   Thumb Code    22  _printf_char.o(.text)
    _printf_char                             0x08001399   Thumb Code    16  _printf_char.o(.text)
    _printf_string                           0x080013a9   Thumb Code     8  _printf_char.o(.text)
    _printf_char_file                        0x080013b1   Thumb Code    34  _printf_char_file.o(.text)
    __rt_udiv10                              0x080013d9   Thumb Code    40  rtudiv10.o(.text)
    __rt_locale                              0x08001401   Thumb Code     8  rt_locale_intlibspace.o(.text)
    _ll_udiv10                               0x08001409   Thumb Code   122  lludiv10.o(.text)
    _printf_fp_infnan                        0x08001485   Thumb Code   120  _printf_fp_infnan.o(.text)
    _btod_etento                             0x0800150d   Thumb Code   210  bigflt0.o(.text)
    _btod_d2e                                0x080015e5   Thumb Code    64  btod.o(.text)
    _btod_emul                               0x08001a19   Thumb Code    28  btod.o(.text)
    _btod_emuld                              0x08001a35   Thumb Code   144  btod.o(.text)
    _btod_ediv                               0x08001ac5   Thumb Code    26  btod.o(.text)
    _btod_edivd                              0x08001adf   Thumb Code   124  btod.o(.text)
    ferror                                   0x08001b65   Thumb Code     8  ferror.o(.text)
    _initio                                  0x08001b6d   Thumb Code   216  initio.o(.text)
    _terminateio                             0x08001c45   Thumb Code    56  initio.o(.text)
    __user_libspace                          0x08001ca9   Thumb Code     8  libspace.o(.text)
    __user_perproc_libspace                  0x08001ca9   Thumb Code     0  libspace.o(.text)
    __user_perthread_libspace                0x08001ca9   Thumb Code     0  libspace.o(.text)
    __user_setup_stackheap                   0x08001cb1   Thumb Code    62  sys_stackheap_outer.o(.text)
    free                                     0x08001cef   Thumb Code    76  h1_free.o(.text)
    __flsbuf                                 0x08001d3d   Thumb Code   486  flsbuf.o(.text)
    __flsbuf_byte                            0x08001d3d   Thumb Code     0  flsbuf.o(.text)
    __flsbuf_wide                            0x08001d3d   Thumb Code     0  flsbuf.o(.text)
    setvbuf                                  0x08001f2d   Thumb Code    72  setvbuf.o(.text)
    freopen                                  0x08001f79   Thumb Code   148  fopen.o(.text)
    fopen                                    0x0800200d   Thumb Code    76  fopen.o(.text)
    _fclose_internal                         0x08002061   Thumb Code    72  fclose.o(.text)
    fclose                                   0x08002061   Thumb Code     0  fclose.o(.text)
    exit                                     0x080020ad   Thumb Code    16  exit.o(.text)
    __rt_SIGRTRED                            0x080020bd   Thumb Code    12  defsig_rtred_outer.o(.text)
    _memset_w                                0x080020c9   Thumb Code    26  rt_memclr.o(.text)
    _memset                                  0x080020e3   Thumb Code    30  rt_memclr.o(.text)
    __aeabi_memclr                           0x08002101   Thumb Code     4  rt_memclr.o(.text)
    __rt_memclr                              0x08002101   Thumb Code     0  rt_memclr.o(.text)
    __aeabi_memclr4                          0x08002105   Thumb Code     0  rt_memclr.o(.text)
    __aeabi_memclr8                          0x08002105   Thumb Code     0  rt_memclr.o(.text)
    __rt_memclr_w                            0x08002105   Thumb Code     4  rt_memclr.o(.text)
    __rt_heap_descriptor                     0x08002109   Thumb Code     8  rt_heap_descriptor_intlibspace.o(.text)
    __use_no_heap                            0x08002111   Thumb Code     2  hguard.o(.text)
    __heap$guard                             0x08002113   Thumb Code     2  hguard.o(.text)
    _terminate_user_alloc                    0x08002115   Thumb Code     2  init_alloc.o(.text)
    _init_user_alloc                         0x08002117   Thumb Code     2  init_alloc.o(.text)
    __Heap_Full                              0x08002119   Thumb Code    32  init_alloc.o(.text)
    __Heap_Broken                            0x08002139   Thumb Code    10  init_alloc.o(.text)
    _init_alloc                              0x08002143   Thumb Code    90  init_alloc.o(.text)
    malloc                                   0x0800219d   Thumb Code    98  h1_alloc.o(.text)
    _fseek                                   0x08002201   Thumb Code   240  fseek.o(.text)
    fseek                                    0x08002201   Thumb Code     0  fseek.o(.text)
    _seterr                                  0x080022f5   Thumb Code    20  stdio.o(.text)
    _writebuf                                0x08002309   Thumb Code    76  stdio.o(.text)
    _fflush                                  0x08002355   Thumb Code    76  stdio.o(.text)
    _deferredlazyseek                        0x080023a1   Thumb Code    60  stdio.o(.text)
    __sig_exit                               0x080023e5   Thumb Code    12  defsig_exit.o(.text)
    __rt_SIGRTRED_inner                      0x080023f1   Thumb Code    14  defsig_rtred_inner.o(.text)
    _sys_exit                                0x08002425   Thumb Code     8  sys_exit.o(.text)
    __Heap_Initialize                        0x08002431   Thumb Code    10  h1_init.o(.text)
    __Heap_DescSize                          0x0800243b   Thumb Code     4  h1_init.o(.text)
    __Heap_ProvideMemory                     0x0800243f   Thumb Code    52  h1_extend.o(.text)
    _ftell_internal                          0x08002473   Thumb Code    66  ftell.o(.text)
    ftell                                    0x08002473   Thumb Code     0  ftell.o(.text)
    __default_signal_display                 0x080024b5   Thumb Code    52  defsig_general.o(.text)
    __rt_SIGRTMEM                            0x080024e9   Thumb Code    12  defsig_rtmem_outer.o(.text)
    _ttywrch                                 0x080024f5   Thumb Code    12  sys_wrch.o(.text)
    __I$use$semihosting                      0x08002501   Thumb Code     0  use_no_semi.o(.text)
    __use_no_semihosting_swi                 0x08002501   Thumb Code     2  use_no_semi.o(.text)
    __semihosting_library_function           0x08002503   Thumb Code     0  indicate_semi.o(.text)
    __aeabi_errno_addr                       0x08002505   Thumb Code     8  rt_errno_addr_intlibspace.o(.text)
    __errno$intlibspace                      0x08002505   Thumb Code     0  rt_errno_addr_intlibspace.o(.text)
    __rt_errno_addr$intlibspace              0x08002505   Thumb Code     0  rt_errno_addr_intlibspace.o(.text)
    __rt_SIGRTMEM_inner                      0x0800250d   Thumb Code    22  defsig_rtmem_inner.o(.text)
    Config_PA12                              0x0800255d   Thumb Code    82  temp_main.o(i.Config_PA12)
    Config_PA910                             0x080025b5   Thumb Code    82  bt_main.o(i.Config_PA910)
    Config_Timer2                            0x0800260d   Thumb Code    82  melody_main.o(i.Config_Timer2)
    Config_timer14                           0x0800266d   Thumb Code    62  melody_main.o(i.Config_timer14)
    Config_uart1                             0x080026b5   Thumb Code   102  bt_main.o(i.Config_uart1)
    Delay                                    0x08002729   Thumb Code    20  bt_main.o(i.Delay)
    GPIOA6_8_init                            0x08002741   Thumb Code    82  colorled_main.o(i.GPIOA6_8_init)
    GPIOC0_7_init                            0x08002799   Thumb Code    64  led_main.o(i.GPIOC0_7_init)
    Get_TempHumd                             0x080027e5   Thumb Code   370  temp_main.o(i.Get_TempHumd)
    LedChange                                0x080029b1   Thumb Code   176  led_main.o(i.LedChange)
    PWMPA4_disable                           0x08002a69   Thumb Code    24  melody_main.o(i.PWMPA4_disable)
    PWMPA4_enable                            0x08002a85   Thumb Code    32  melody_main.o(i.PWMPA4_enable)
    PWMPA4_init                              0x08002aa9   Thumb Code    82  melody_main.o(i.PWMPA4_init)
    PlayMelody                               0x08002b01   Thumb Code   446  melody_main.o(i.PlayMelody)
    SelectTone                               0x08002d9d   Thumb Code    64  melody_main.o(i.SelectTone)
    Send_String                              0x08002ded   Thumb Code    98  bt_main.o(i.Send_String)
    Set_high                                 0x08002efd   Thumb Code    20  temp_main.o(i.Set_high)
    Set_input                                0x08002f11   Thumb Code    20  temp_main.o(i.Set_input)
    Set_low                                  0x08002f25   Thumb Code    20  temp_main.o(i.Set_low)
    Set_output                               0x08002f39   Thumb Code    20  temp_main.o(i.Set_output)
    SysTick_Handler                          0x08002f4d   Thumb Code    12  bt_main.o(i.SysTick_Handler)
    SystemInit                               0x08002f5d   Thumb Code   102  system_stm32f0xx.o(i.SystemInit)
    TIM2Delay                                0x08002fd5   Thumb Code    20  melody_main.o(i.TIM2Delay)
    TIM2_IRQHandler                          0x08002fed   Thumb Code    28  melody_main.o(i.TIM2_IRQHandler)
    USART1_IRQHandler                        0x0800300d   Thumb Code   300  bt_main.o(i.USART1_IRQHandler)
    __ARM_common_ll_muluu                    0x08003159   Thumb Code    48  btod.o(i.__ARM_common_ll_muluu)
    __ARM_common_switch8                     0x08003189   Thumb Code    28  bt_main.o(i.__ARM_common_switch8)
    __ARM_fpclassify                         0x080031a5   Thumb Code    40  fpclassify.o(i.__ARM_fpclassify)
    _is_digit                                0x080032c1   Thumb Code    14  __printf_wp.o(i._is_digit)
    _sys_close                               0x080032d1   Thumb Code    38  retarget_io.o(i._sys_close)
    _sys_flen                                0x080032fd   Thumb Code    36  retarget_io.o(i._sys_flen)
    _sys_istty                               0x08003325   Thumb Code    36  retarget_io.o(i._sys_istty)
    _sys_open                                0x0800334d   Thumb Code    84  retarget_io.o(i._sys_open)
    _sys_seek                                0x080033bd   Thumb Code    44  retarget_io.o(i._sys_seek)
    _sys_write                               0x080033ed   Thumb Code    64  retarget_io.o(i._sys_write)
    color_led_main                           0x08003431   Thumb Code    26  colorled_main.o(i.color_led_main)
    fputc                                    0x0800344b   Thumb Code    30  fputc.o(i.fputc)
    led_main                                 0x08003469   Thumb Code     8  led_main.o(i.led_main)
    main                                     0x08003471   Thumb Code   164  bt_main.o(i.main)
    melody_main                              0x08003525   Thumb Code    22  melody_main.o(i.melody_main)
    select_colorLED                          0x08003541   Thumb Code    34  colorled_main.o(i.select_colorLED)
    stdout_init                              0x08003565   Thumb Code   104  usart_user.o(i.stdout_init)
    stdout_putchar                           0x080035d5   Thumb Code    26  usart_user.o(i.stdout_putchar)
    temp_main                                0x080035f5   Thumb Code     8  temp_main.o(i.temp_main)
    _get_lc_numeric                          0x080035fd   Thumb Code    44  lc_numeric_c.o(locale$$code)
    _printf_fp_dec                           0x08003629   Thumb Code    16  printf1.o(x$fpl$printf1)
    __I$use$fp                               0x08003638   Number         0  usenofp.o(x$fpl$usenofp)
    __stdin_name                             0x080037f8   Data           7  retarget_io.o(.constdata)
    __stdout_name                            0x080037ff   Data           8  retarget_io.o(.constdata)
    __stderr_name                            0x08003807   Data           8  retarget_io.o(.constdata)
    Region$$Table$$Base                      0x08003934   Number         0  anon$$obj.o(Region$$Table)
    Region$$Table$$Limit                     0x08003954   Number         0  anon$$obj.o(Region$$Table)
    key_number                               0x20000000   Data           1  bt_main.o(.data)
    msTicks                                  0x20000004   Data           4  bt_main.o(.data)
    Tx_complete                              0x20000008   Data           4  bt_main.o(.data)
    send_length                              0x2000000c   Data           4  bt_main.o(.data)
    string_length                            0x20000010   Data           4  bt_main.o(.data)
    Tim2_Ticks                               0x20000014   Data           4  melody_main.o(.data)
    melody_number                            0x20000018   Data           1  melody_main.o(.data)
    tempString                               0x20000019   Data           6  temp_main.o(.data)
    humdString                               0x2000001f   Data           6  temp_main.o(.data)
    SystemCoreClock                          0x20000028   Data           4  system_stm32f0xx.o(.data)
    __aeabi_stdin                            0x2000002c   Data           4  stdio_streams.o(.data)
    __aeabi_stdout                           0x20000030   Data           4  stdio_streams.o(.data)
    __aeabi_stderr                           0x20000034   Data           4  stdio_streams.o(.data)
    __stdin                                  0x20000038   Data          84  stdio_streams.o(.bss)
    __stdout                                 0x2000008c   Data          84  stdio_streams.o(.bss)
    __stderr                                 0x200000e0   Data          84  stdio_streams.o(.bss)
    __libspace_start                         0x20000134   Data          96  libspace.o(.bss)
    __temporary_stack_top$libspace           0x20000194   Data           0  libspace.o(.bss)



==============================================================================

Memory Map of the image

  Image Entry point : 0x080001e1

  Load Region LR_1 (Base: 0x08000000, Size: 0x000039a8, Max: 0xffffffff, ABSOLUTE)

    Execution Region ER_RO (Exec base: 0x08000000, Load base: 0x08000000, Size: 0x00003970, Max: 0xffffffff, ABSOLUTE)

    Exec Addr    Load Addr    Size         Type   Attr      Idx    E Section Name        Object

    0x08000000   0x08000000   0x000000c0   Data   RO          464    RESET               startup_stm32f072xb.o
    0x080000c0   0x080000c0   0x00000008   Code   RO          556  * !!!main             c_p.l(__main.o)
    0x080000c8   0x080000c8   0x0000003c   Code   RO          955    !!!scatter          c_p.l(__scatter.o)
    0x08000104   0x08000104   0x0000001a   Code   RO          957    !!handler_copy      c_p.l(__scatter_copy.o)
    0x0800011e   0x0800011e   0x00000002   PAD
    0x08000120   0x08000120   0x0000001c   Code   RO          959    !!handler_zi        c_p.l(__scatter_zi.o)
    0x0800013c   0x0800013c   0x00000002   Code   RO          541    .ARM.Collect$$_printf_percent$$00000000  c_p.l(_printf_percent.o)
    0x0800013e   0x0800013e   0x0000000a   Code   RO          540    .ARM.Collect$$_printf_percent$$00000003  c_p.l(_printf_f.o)
    0x08000148   0x08000148   0x0000000a   Code   RO          539    .ARM.Collect$$_printf_percent$$00000009  c_p.l(_printf_d.o)
    0x08000152   0x08000152   0x0000000a   Code   RO          538    .ARM.Collect$$_printf_percent$$00000014  c_p.l(_printf_s.o)
    0x0800015c   0x0800015c   0x00000004   Code   RO          590    .ARM.Collect$$_printf_percent$$00000017  c_p.l(_printf_percent_end.o)
    0x08000160   0x08000160   0x00000002   Code   RO          750    .ARM.Collect$$libinit$$00000000  c_p.l(libinit.o)
    0x08000162   0x08000162   0x00000000   Code   RO          752    .ARM.Collect$$libinit$$00000002  c_p.l(libinit2.o)
    0x08000162   0x08000162   0x00000000   Code   RO          754    .ARM.Collect$$libinit$$00000004  c_p.l(libinit2.o)
    0x08000162   0x08000162   0x00000008   Code   RO          755    .ARM.Collect$$libinit$$00000005  c_p.l(libinit2.o)
    0x0800016a   0x0800016a   0x00000000   Code   RO          757    .ARM.Collect$$libinit$$0000000A  c_p.l(libinit2.o)
    0x0800016a   0x0800016a   0x00000000   Code   RO          759    .ARM.Collect$$libinit$$0000000C  c_p.l(libinit2.o)
    0x0800016a   0x0800016a   0x00000000   Code   RO          761    .ARM.Collect$$libinit$$0000000E  c_p.l(libinit2.o)
    0x0800016a   0x0800016a   0x00000006   Code   RO          762    .ARM.Collect$$libinit$$0000000F  c_p.l(libinit2.o)
    0x08000170   0x08000170   0x00000000   Code   RO          764    .ARM.Collect$$libinit$$00000011  c_p.l(libinit2.o)
    0x08000170   0x08000170   0x00000000   Code   RO          766    .ARM.Collect$$libinit$$00000013  c_p.l(libinit2.o)
    0x08000170   0x08000170   0x00000000   Code   RO          768    .ARM.Collect$$libinit$$00000015  c_p.l(libinit2.o)
    0x08000170   0x08000170   0x0000000a   Code   RO          769    .ARM.Collect$$libinit$$00000016  c_p.l(libinit2.o)
    0x0800017a   0x0800017a   0x00000000   Code   RO          770    .ARM.Collect$$libinit$$00000017  c_p.l(libinit2.o)
    0x0800017a   0x0800017a   0x00000000   Code   RO          772    .ARM.Collect$$libinit$$00000019  c_p.l(libinit2.o)
    0x0800017a   0x0800017a   0x00000000   Code   RO          774    .ARM.Collect$$libinit$$0000001B  c_p.l(libinit2.o)
    0x0800017a   0x0800017a   0x00000000   Code   RO          776    .ARM.Collect$$libinit$$0000001D  c_p.l(libinit2.o)
    0x0800017a   0x0800017a   0x00000000   Code   RO          778    .ARM.Collect$$libinit$$0000001F  c_p.l(libinit2.o)
    0x0800017a   0x0800017a   0x00000000   Code   RO          780    .ARM.Collect$$libinit$$00000021  c_p.l(libinit2.o)
    0x0800017a   0x0800017a   0x00000000   Code   RO          782    .ARM.Collect$$libinit$$00000023  c_p.l(libinit2.o)
    0x0800017a   0x0800017a   0x00000004   Code   RO          783    .ARM.Collect$$libinit$$00000024  c_p.l(libinit2.o)
    0x0800017e   0x0800017e   0x00000000   Code   RO          784    .ARM.Collect$$libinit$$00000025  c_p.l(libinit2.o)
    0x0800017e   0x0800017e   0x00000000   Code   RO          788    .ARM.Collect$$libinit$$0000002C  c_p.l(libinit2.o)
    0x0800017e   0x0800017e   0x00000000   Code   RO          790    .ARM.Collect$$libinit$$0000002E  c_p.l(libinit2.o)
    0x0800017e   0x0800017e   0x00000000   Code   RO          792    .ARM.Collect$$libinit$$00000030  c_p.l(libinit2.o)
    0x0800017e   0x0800017e   0x00000000   Code   RO          794    .ARM.Collect$$libinit$$00000032  c_p.l(libinit2.o)
    0x0800017e   0x0800017e   0x00000002   Code   RO          795    .ARM.Collect$$libinit$$00000033  c_p.l(libinit2.o)
    0x08000180   0x08000180   0x00000002   Code   RO          936    .ARM.Collect$$libshutdown$$00000000  c_p.l(libshutdown.o)
    0x08000182   0x08000182   0x00000000   Code   RO          797    .ARM.Collect$$libshutdown$$00000002  c_p.l(libshutdown2.o)
    0x08000182   0x08000182   0x00000004   Code   RO          798    .ARM.Collect$$libshutdown$$00000003  c_p.l(libshutdown2.o)
    0x08000186   0x08000186   0x00000000   Code   RO          799    .ARM.Collect$$libshutdown$$00000004  c_p.l(libshutdown2.o)
    0x08000186   0x08000186   0x00000000   Code   RO          802    .ARM.Collect$$libshutdown$$00000007  c_p.l(libshutdown2.o)
    0x08000186   0x08000186   0x00000000   Code   RO          805    .ARM.Collect$$libshutdown$$0000000A  c_p.l(libshutdown2.o)
    0x08000186   0x08000186   0x00000000   Code   RO          807    .ARM.Collect$$libshutdown$$0000000C  c_p.l(libshutdown2.o)
    0x08000186   0x08000186   0x00000000   Code   RO          810    .ARM.Collect$$libshutdown$$0000000F  c_p.l(libshutdown2.o)
    0x08000186   0x08000186   0x00000002   Code   RO          811    .ARM.Collect$$libshutdown$$00000010  c_p.l(libshutdown2.o)
    0x08000188   0x08000188   0x00000000   Code   RO          573    .ARM.Collect$$rtentry$$00000000  c_p.l(__rtentry.o)
    0x08000188   0x08000188   0x00000000   Code   RO          601    .ARM.Collect$$rtentry$$00000002  c_p.l(__rtentry2.o)
    0x08000188   0x08000188   0x00000006   Code   RO          613    .ARM.Collect$$rtentry$$00000004  c_p.l(__rtentry4.o)
    0x0800018e   0x0800018e   0x00000000   Code   RO          603    .ARM.Collect$$rtentry$$00000009  c_p.l(__rtentry2.o)
    0x0800018e   0x0800018e   0x00000004   Code   RO          604    .ARM.Collect$$rtentry$$0000000A  c_p.l(__rtentry2.o)
    0x08000192   0x08000192   0x00000000   Code   RO          606    .ARM.Collect$$rtentry$$0000000C  c_p.l(__rtentry2.o)
    0x08000192   0x08000192   0x00000008   Code   RO          607    .ARM.Collect$$rtentry$$0000000D  c_p.l(__rtentry2.o)
    0x0800019a   0x0800019a   0x00000002   Code   RO          815    .ARM.Collect$$rtexit$$00000000  c_p.l(rtexit.o)
    0x0800019c   0x0800019c   0x00000000   Code   RO          871    .ARM.Collect$$rtexit$$00000002  c_p.l(rtexit2.o)
    0x0800019c   0x0800019c   0x00000004   Code   RO          872    .ARM.Collect$$rtexit$$00000003  c_p.l(rtexit2.o)
    0x080001a0   0x080001a0   0x00000006   Code   RO          873    .ARM.Collect$$rtexit$$00000004  c_p.l(rtexit2.o)
    0x080001a6   0x080001a6   0x00000002   PAD
    0x080001a8   0x080001a8   0x00000038   Code   RO          544    .emb_text           c_p.l(rt_memcpy.o)
    0x080001e0   0x080001e0   0x00000000   Code   RO          877    .emb_text           c_p.l(maybetermalloc1.o)
    0x080001e0   0x080001e0   0x00000038   Code   RO          465  * .text               startup_stm32f072xb.o
    0x08000218   0x08000218   0x0000001c   Code   RO          508    .text               c_p.l(noretval__2printf.o)
    0x08000234   0x08000234   0x00000028   Code   RO          510    .text               c_p.l(noretval__2sprintf.o)
    0x0800025c   0x0800025c   0x00000052   Code   RO          514    .text               c_p.l(_printf_str.o)
    0x080002ae   0x080002ae   0x00000002   PAD
    0x080002b0   0x080002b0   0x0000006c   Code   RO          516    .text               c_p.l(_printf_dec.o)
    0x0800031c   0x0800031c   0x00000138   Code   RO          530    .text               c_p.l(__printf_flags_wp.o)
    0x08000454   0x08000454   0x00000044   Code   RO          542    .text               c_p.l(strlen.o)
    0x08000498   0x08000498   0x00000088   Code   RO          548    .text               c_p.l(strcmp.o)
    0x08000520   0x08000520   0x0000015a   Code   RO          550    .text               c_p.l(aeabi_sdiv.o)
    0x0800067a   0x0800067a   0x00000006   Code   RO          554    .text               c_p.l(heapauxi.o)
    0x08000680   0x08000680   0x0000007c   Code   RO          558    .text               fz_ps.l(d2f.o)
    0x080006fc   0x080006fc   0x00000448   Code   RO          560    .text               fz_ps.l(ddiv.o)
    0x08000b44   0x08000b44   0x00000048   Code   RO          563    .text               fz_ps.l(dfixui.o)
    0x08000b8c   0x08000b8c   0x00000058   Code   RO          565    .text               fz_ps.l(dflti.o)
    0x08000be4   0x08000be4   0x00000248   Code   RO          567    .text               fz_ps.l(dmul.o)
    0x08000e2c   0x08000e2c   0x00000054   Code   RO          569    .text               fz_ps.l(f2d.o)
    0x08000e80   0x08000e80   0x000000b0   Code   RO          578    .text               c_p.l(_printf_intcommon.o)
    0x08000f30   0x08000f30   0x00000418   Code   RO          580    .text               c_p.l(_printf_fp_dec.o)
    0x08001348   0x08001348   0x00000030   Code   RO          582    .text               c_p.l(_printf_char_common.o)
    0x08001378   0x08001378   0x0000000a   Code   RO          584    .text               c_p.l(_sputc.o)
    0x08001382   0x08001382   0x0000002e   Code   RO          586    .text               c_p.l(_printf_char.o)
    0x080013b0   0x080013b0   0x00000028   Code   RO          588    .text               c_p.l(_printf_char_file.o)
    0x080013d8   0x080013d8   0x00000028   Code   RO          597    .text               c_p.l(rtudiv10.o)
    0x08001400   0x08001400   0x00000008   Code   RO          620    .text               c_p.l(rt_locale_intlibspace.o)
    0x08001408   0x08001408   0x0000007a   Code   RO          622    .text               c_p.l(lludiv10.o)
    0x08001482   0x08001482   0x00000002   PAD
    0x08001484   0x08001484   0x00000088   Code   RO          624    .text               c_p.l(_printf_fp_infnan.o)
    0x0800150c   0x0800150c   0x000000d8   Code   RO          628    .text               c_p.l(bigflt0.o)
    0x080015e4   0x080015e4   0x00000580   Code   RO          631    .text               c_p.l(btod.o)
    0x08001b64   0x08001b64   0x00000008   Code   RO          635    .text               c_p.l(ferror.o)
    0x08001b6c   0x08001b6c   0x0000013c   Code   RO          641    .text               c_p.l(initio.o)
    0x08001ca8   0x08001ca8   0x00000008   Code   RO          656    .text               c_p.l(libspace.o)
    0x08001cb0   0x08001cb0   0x0000003e   Code   RO          661    .text               c_p.l(sys_stackheap_outer.o)
    0x08001cee   0x08001cee   0x0000004c   Code   RO          666    .text               c_p.l(h1_free.o)
    0x08001d3a   0x08001d3a   0x00000002   PAD
    0x08001d3c   0x08001d3c   0x000001f0   Code   RO          720    .text               c_p.l(flsbuf.o)
    0x08001f2c   0x08001f2c   0x0000004c   Code   RO          722    .text               c_p.l(setvbuf.o)
    0x08001f78   0x08001f78   0x000000e8   Code   RO          725    .text               c_p.l(fopen.o)
    0x08002060   0x08002060   0x0000004c   Code   RO          727    .text               c_p.l(fclose.o)
    0x080020ac   0x080020ac   0x00000010   Code   RO          733    .text               c_p.l(exit.o)
    0x080020bc   0x080020bc   0x0000000c   Code   RO          739    .text               c_p.l(defsig_rtred_outer.o)
    0x080020c8   0x080020c8   0x00000040   Code   RO          743    .text               c_p.l(rt_memclr.o)
    0x08002108   0x08002108   0x00000008   Code   RO          822    .text               c_p.l(rt_heap_descriptor_intlibspace.o)
    0x08002110   0x08002110   0x00000004   Code   RO          824    .text               c_p.l(hguard.o)
    0x08002114   0x08002114   0x00000088   Code   RO          826    .text               c_p.l(init_alloc.o)
    0x0800219c   0x0800219c   0x00000062   Code   RO          832    .text               c_p.l(h1_alloc.o)
    0x080021fe   0x080021fe   0x00000002   PAD
    0x08002200   0x08002200   0x000000f4   Code   RO          848    .text               c_p.l(fseek.o)
    0x080022f4   0x080022f4   0x000000f0   Code   RO          850    .text               c_p.l(stdio.o)
    0x080023e4   0x080023e4   0x0000000c   Code   RO          856    .text               c_p.l(defsig_exit.o)
    0x080023f0   0x080023f0   0x00000034   Code   RO          860    .text               c_p.l(defsig_rtred_inner.o)
    0x08002424   0x08002424   0x0000000c   Code   RO          868    .text               c_p.l(sys_exit.o)
    0x08002430   0x08002430   0x0000000e   Code   RO          879    .text               c_p.l(h1_init.o)
    0x0800243e   0x0800243e   0x00000034   Code   RO          881    .text               c_p.l(h1_extend.o)
    0x08002472   0x08002472   0x00000042   Code   RO          891    .text               c_p.l(ftell.o)
    0x080024b4   0x080024b4   0x00000034   Code   RO          899    .text               c_p.l(defsig_general.o)
    0x080024e8   0x080024e8   0x0000000c   Code   RO          901    .text               c_p.l(defsig_rtmem_outer.o)
    0x080024f4   0x080024f4   0x0000000c   Code   RO          914    .text               c_p.l(sys_wrch.o)
    0x08002500   0x08002500   0x00000002   Code   RO          918    .text               c_p.l(use_no_semi.o)
    0x08002502   0x08002502   0x00000000   Code   RO          920    .text               c_p.l(indicate_semi.o)
    0x08002502   0x08002502   0x00000002   PAD
    0x08002504   0x08002504   0x00000008   Code   RO          924    .text               c_p.l(rt_errno_addr_intlibspace.o)
    0x0800250c   0x0800250c   0x00000050   Code   RO          930    .text               c_p.l(defsig_rtmem_inner.o)
    0x0800255c   0x0800255c   0x00000058   Code   RO          333    i.Config_PA12       temp_main.o
    0x080025b4   0x080025b4   0x00000058   Code   RO            5    i.Config_PA910      bt_main.o
    0x0800260c   0x0800260c   0x00000060   Code   RO          242    i.Config_Timer2     melody_main.o
    0x0800266c   0x0800266c   0x00000048   Code   RO          243    i.Config_timer14    melody_main.o
    0x080026b4   0x080026b4   0x00000074   Code   RO            6    i.Config_uart1      bt_main.o
    0x08002728   0x08002728   0x00000018   Code   RO            7    i.Delay             bt_main.o
    0x08002740   0x08002740   0x00000058   Code   RO          203    i.GPIOA6_8_init     colorled_main.o
    0x08002798   0x08002798   0x0000004c   Code   RO          166    i.GPIOC0_7_init     led_main.o
    0x080027e4   0x080027e4   0x000001cc   Code   RO          334    i.Get_TempHumd      temp_main.o
    0x080029b0   0x080029b0   0x000000b8   Code   RO          167    i.LedChange         led_main.o
    0x08002a68   0x08002a68   0x0000001c   Code   RO          244    i.PWMPA4_disable    melody_main.o
    0x08002a84   0x08002a84   0x00000024   Code   RO          245    i.PWMPA4_enable     melody_main.o
    0x08002aa8   0x08002aa8   0x00000058   Code   RO          246    i.PWMPA4_init       melody_main.o
    0x08002b00   0x08002b00   0x0000029c   Code   RO          247    i.PlayMelody        melody_main.o
    0x08002d9c   0x08002d9c   0x00000050   Code   RO          248    i.SelectTone        melody_main.o
    0x08002dec   0x08002dec   0x00000084   Code   RO            8    i.Send_String       bt_main.o
    0x08002e70   0x08002e70   0x0000008c   Code   RO            9    i.SetSysClock       bt_main.o
    0x08002efc   0x08002efc   0x00000014   Code   RO          335    i.Set_high          temp_main.o
    0x08002f10   0x08002f10   0x00000014   Code   RO          336    i.Set_input         temp_main.o
    0x08002f24   0x08002f24   0x00000014   Code   RO          337    i.Set_low           temp_main.o
    0x08002f38   0x08002f38   0x00000014   Code   RO          338    i.Set_output        temp_main.o
    0x08002f4c   0x08002f4c   0x00000010   Code   RO           10    i.SysTick_Handler   bt_main.o
    0x08002f5c   0x08002f5c   0x00000078   Code   RO          472    i.SystemInit        system_stm32f0xx.o
    0x08002fd4   0x08002fd4   0x00000018   Code   RO          249    i.TIM2Delay         melody_main.o
    0x08002fec   0x08002fec   0x00000020   Code   RO          250    i.TIM2_IRQHandler   melody_main.o
    0x0800300c   0x0800300c   0x0000014c   Code   RO           11    i.USART1_IRQHandler  bt_main.o
    0x08003158   0x08003158   0x00000030   Code   RO          633    i.__ARM_common_ll_muluu  c_p.l(btod.o)
    0x08003188   0x08003188   0x0000001c   Code   RO           80    i.__ARM_common_switch8  bt_main.o
    0x080031a4   0x080031a4   0x0000002c   Code   RO          654    i.__ARM_fpclassify  m_ps.l(fpclassify.o)
    0x080031d0   0x080031d0   0x00000078   Code   RO           12    i.__NVIC_SetPriority  bt_main.o
    0x08003248   0x08003248   0x00000078   Code   RO          251    i.__NVIC_SetPriority  melody_main.o
    0x080032c0   0x080032c0   0x0000000e   Code   RO          528    i._is_digit         c_p.l(__printf_wp.o)
    0x080032ce   0x080032ce   0x00000002   PAD
    0x080032d0   0x080032d0   0x0000002c   Code   RO          395    i._sys_close        retarget_io.o
    0x080032fc   0x080032fc   0x00000028   Code   RO          396    i._sys_flen         retarget_io.o
    0x08003324   0x08003324   0x00000028   Code   RO          397    i._sys_istty        retarget_io.o
    0x0800334c   0x0800334c   0x00000070   Code   RO          398    i._sys_open         retarget_io.o
    0x080033bc   0x080033bc   0x00000030   Code   RO          400    i._sys_seek         retarget_io.o
    0x080033ec   0x080033ec   0x00000044   Code   RO          401    i._sys_write        retarget_io.o
    0x08003430   0x08003430   0x0000001a   Code   RO          204    i.color_led_main    colorled_main.o
    0x0800344a   0x0800344a   0x0000001e   Code   RO          638    i.fputc             c_p.l(fputc.o)
    0x08003468   0x08003468   0x00000008   Code   RO          168    i.led_main          led_main.o
    0x08003470   0x08003470   0x000000b4   Code   RO           13    i.main              bt_main.o
    0x08003524   0x08003524   0x0000001c   Code   RO          252    i.melody_main       melody_main.o
    0x08003540   0x08003540   0x00000022   Code   RO          205    i.select_colorLED   colorled_main.o
    0x08003562   0x08003562   0x00000002   PAD
    0x08003564   0x08003564   0x00000070   Code   RO          127    i.stdout_init       usart_user.o
    0x080035d4   0x080035d4   0x00000020   Code   RO          128    i.stdout_putchar    usart_user.o
    0x080035f4   0x080035f4   0x00000008   Code   RO          339    i.temp_main         temp_main.o
    0x080035fc   0x080035fc   0x0000002c   Code   RO          650    locale$$code        c_p.l(lc_numeric_c.o)
    0x08003628   0x08003628   0x00000010   Code   RO          571    x$fpl$printf1       fz_ps.l(printf1.o)
    0x08003638   0x08003638   0x00000000   Code   RO          599    x$fpl$usenofp       fz_ps.l(usenofp.o)
    0x08003638   0x08003638   0x000001c0   Data   RO          253    .constdata          melody_main.o
    0x080037f8   0x080037f8   0x00000017   Data   RO          402    .constdata          retarget_io.o
    0x0800380f   0x0800380f   0x00000011   Data   RO          531    .constdata          c_p.l(__printf_flags_wp.o)
    0x08003820   0x08003820   0x00000080   Data   RO          561    .constdata          fz_ps.l(ddiv.o)
    0x080038a0   0x080038a0   0x00000094   Data   RO          629    .constdata          c_p.l(bigflt0.o)
    0x08003934   0x08003934   0x00000020   Data   RO          953    Region$$Table       anon$$obj.o
    0x08003954   0x08003954   0x0000001c   Data   RO          649    locale$$data        c_p.l(lc_numeric_c.o)


    Execution Region ER_RW (Exec base: 0x20000000, Load base: 0x08003970, Size: 0x00000038, Max: 0xffffffff, ABSOLUTE)

    Exec Addr    Load Addr    Size         Type   Attr      Idx    E Section Name        Object

    0x20000000   0x08003970   0x00000014   Data   RW           14    .data               bt_main.o
    0x20000014   0x08003984   0x00000005   Data   RW          254    .data               melody_main.o
    0x20000019   0x08003989   0x0000000c   Data   RW          340    .data               temp_main.o
    0x20000025   0x08003995   0x00000003   PAD
    0x20000028   0x08003998   0x00000004   Data   RW          474    .data               system_stm32f0xx.o
    0x2000002c   0x0800399c   0x00000004   Data   RW          594    .data               c_p.l(stdio_streams.o)
    0x20000030   0x080039a0   0x00000004   Data   RW          595    .data               c_p.l(stdio_streams.o)
    0x20000034   0x080039a4   0x00000004   Data   RW          596    .data               c_p.l(stdio_streams.o)


    Execution Region ER_ZI (Exec base: 0x20000038, Load base: 0x080039a8, Size: 0x00000760, Max: 0xffffffff, ABSOLUTE)

    Exec Addr    Load Addr    Size         Type   Attr      Idx    E Section Name        Object

    0x20000038        -       0x00000054   Zero   RW          591    .bss                c_p.l(stdio_streams.o)
    0x2000008c        -       0x00000054   Zero   RW          592    .bss                c_p.l(stdio_streams.o)
    0x200000e0        -       0x00000054   Zero   RW          593    .bss                c_p.l(stdio_streams.o)
    0x20000134        -       0x00000060   Zero   RW          657    .bss                c_p.l(libspace.o)
    0x20000194   0x080039a8   0x00000004   PAD
    0x20000198        -       0x00000200   Zero   RW          463    HEAP                startup_stm32f072xb.o
    0x20000398        -       0x00000400   Zero   RW          462    STACK               startup_stm32f072xb.o


==============================================================================

Image component sizes


      Code (inc. data)   RO Data    RW Data    ZI Data      Debug   Object Name

      1176        162          0         20          0     198110   bt_main.o
       148          6          0          0          0       1195   colorled_main.o
       268         28          0          0          0       1359   led_main.o
      1272        308        448          5          0      13818   melody_main.o
       352         50         23          0          0       5150   retarget_io.o
        56         26        192          0       1536        620   startup_stm32f072xb.o
       120         18          0          4          0       1293   system_stm32f0xx.o
       636         96          0         12          0       4237   temp_main.o
       144         14          0          0          0        819   usart_user.o

    ----------------------------------------------------------------------
      4174        708        695         44       1536     226601   Object Totals
         0          0         32          0          0          0   (incl. Generated)
         2          0          0          3          0          0   (incl. Padding)

    ----------------------------------------------------------------------

      Code (inc. data)   RO Data    RW Data    ZI Data      Debug   Library Member Name

         8          0          0          0          0         68   __main.o
       312          6         17          0          0         76   __printf_flags_wp.o
        14          0          0          0          0         60   __printf_wp.o
         0          0          0          0          0          0   __rtentry.o
        12          0          0          0          0          0   __rtentry2.o
         6          0          0          0          0          0   __rtentry4.o
        60          8          0          0          0          0   __scatter.o
        26          0          0          0          0          0   __scatter_copy.o
        28          0          0          0          0          0   __scatter_zi.o
        46          0          0          0          0        100   _printf_char.o
        48          6          0          0          0         88   _printf_char_common.o
        40          6          0          0          0         72   _printf_char_file.o
        10          0          0          0          0          0   _printf_d.o
       108         18          0          0          0         76   _printf_dec.o
        10          0          0          0          0          0   _printf_f.o
      1048         14          0          0          0        176   _printf_fp_dec.o
       136         16          0          0          0         76   _printf_fp_infnan.o
       176          0          0          0          0         84   _printf_intcommon.o
         2          0          0          0          0          0   _printf_percent.o
         4          0          0          0          0          0   _printf_percent_end.o
        10          0          0          0          0          0   _printf_s.o
        82          0          0          0          0         72   _printf_str.o
        10          0          0          0          0         60   _sputc.o
       346          0          0          0          0         92   aeabi_sdiv.o
       216          6        148          0          0         80   bigflt0.o
      1456         30          0          0          0        336   btod.o
        12          0          0          0          0         68   defsig_exit.o
        52          0          0          0          0         72   defsig_general.o
        80         58          0          0          0         68   defsig_rtmem_inner.o
        12          0          0          0          0         68   defsig_rtmem_outer.o
        52         38          0          0          0         68   defsig_rtred_inner.o
        12          0          0          0          0         68   defsig_rtred_outer.o
        16          0          0          0          0         68   exit.o
        76          4          0          0          0         76   fclose.o
         8          0          0          0          0         60   ferror.o
       496         10          0          0          0         76   flsbuf.o
       232          8          0          0          0        108   fopen.o
        30          0          0          0          0         68   fputc.o
       244          4          0          0          0         76   fseek.o
        66          0          0          0          0         68   ftell.o
        98          0          0          0          0         72   h1_alloc.o
        52          0          0          0          0         68   h1_extend.o
        76          0          0          0          0         72   h1_free.o
        14          0          0          0          0         76   h1_init.o
         6          0          0          0          0        136   heapauxi.o
         4          0          0          0          0        120   hguard.o
         0          0          0          0          0          0   indicate_semi.o
       136          0          0          0          0        160   init_alloc.o
       316         44          0          0          0         96   initio.o
        44         10         28          0          0         76   lc_numeric_c.o
         2          0          0          0          0          0   libinit.o
        30          0          0          0          0          0   libinit2.o
         2          0          0          0          0          0   libshutdown.o
         6          0          0          0          0          0   libshutdown2.o
         8          4          0          0         96         68   libspace.o
       122          0          0          0          0         72   lludiv10.o
         0          0          0          0          0          0   maybetermalloc1.o
        28          6          0          0          0         84   noretval__2printf.o
        40          4          0          0          0         84   noretval__2sprintf.o
         8          4          0          0          0         68   rt_errno_addr_intlibspace.o
         8          4          0          0          0         68   rt_heap_descriptor_intlibspace.o
         8          4          0          0          0         68   rt_locale_intlibspace.o
        64          0          0          0          0        108   rt_memclr.o
        56          0          0          0          0         68   rt_memcpy.o
         2          0          0          0          0          0   rtexit.o
        10          0          0          0          0          0   rtexit2.o
        40          0          0          0          0         60   rtudiv10.o
        76          4          0          0          0         72   setvbuf.o
       240          8          0          0          0        144   stdio.o
         0          0          0         12        252          0   stdio_streams.o
       136          4          0          0          0         72   strcmp.o
        68          6          0          0          0         72   strlen.o
        12          4          0          0          0         60   sys_exit.o
        62          0          0          0          0         80   sys_stackheap_outer.o
        12          0          0          0          0         68   sys_wrch.o
         2          0          0          0          0         68   use_no_semi.o
       124          4          0          0          0         72   d2f.o
      1096         26        128          0          0        112   ddiv.o
        72          4          0          0          0         68   dfixui.o
        88          0          0          0          0         92   dflti.o
       584         26          0          0          0         84   dmul.o
        84          4          0          0          0         60   f2d.o
        16          4          0          0          0         76   printf1.o
         0          0          0          0          0          0   usenofp.o
        44          4          0          0          0         60   fpclassify.o

    ----------------------------------------------------------------------
      9514        410        321         12        352       5412   Library Totals
        16          0          0          0          4          0   (incl. Padding)

    ----------------------------------------------------------------------

      Code (inc. data)   RO Data    RW Data    ZI Data      Debug   Library Name

      7390        338        193         12        348       4788   c_p.l
      2064         68        128          0          0        564   fz_ps.l
        44          4          0          0          0         60   m_ps.l

    ----------------------------------------------------------------------
      9514        410        321         12        352       5412   Library Totals

    ----------------------------------------------------------------------

==============================================================================


      Code (inc. data)   RO Data    RW Data    ZI Data      Debug   

     13688       1118       1016         56       1888     227421   Grand Totals
     13688       1118       1016         56       1888     227421   ELF Image Totals
     13688       1118       1016         56          0          0   ROM Totals

==============================================================================

    Total RO  Size (Code + RO Data)                14704 (  14.36kB)
    Total RW  Size (RW Data + ZI Data)              1944 (   1.90kB)
    Total ROM Size (Code + RO Data + RW Data)      14760 (  14.41kB)

==============================================================================

