C51 COMPILER V8.17   3_14                                                                  07/30/2009 10:56:38 PAGE 1   


C51 COMPILER V8.17, COMPILATION OF MODULE 3_14
OBJECT MODULE PLACED IN 3_14.OBJ
COMPILER INVOKED BY: C:\Keil\C51\BIN\C51.EXE 3_14.C OPTIMIZE(2,SPEED) BROWSE DEBUG OBJECTEXTEND

line level    source

   1          /***** 3_14.c ****16-bit陣列輸出動作範例********
   2          *動作：由LED0-1輸出16-bit陣列動作
   3          *硬體：SW1-3(P0LED)及SW1-4(P1LED)ON
   4          ************************************************/
   5          #include "..\MPC82.H"  //暫存器及組態設定
   6          #include "TABLE16.H"  //定義ROM內256筆16-bit陣列資料
   7          main()
   8          {
   9   1          unsigned char i;  //宣告資料計數變數
  10   1              P0M0=0; P0M1=0xFF; //設定P0為推挽式輸出(M0-1=01)
  11   1        loop:
  12   1          LED0=~TABLE[i];        //讀取陣列資料，低8-bit輸出
  13   1          LED1=~(TABLE[i] >> 8); //讀取陣列資料，高8-bit輸出
  14   1          Delay_ms(100);    //延時
  15   1          i++;              //資料計數加1
  16   1          goto loop;
  17   1      }


MODULE INFORMATION:   STATIC OVERLAYABLE
   CODE SIZE        =    123    ----
   CONSTANT SIZE    =    512    ----
   XDATA SIZE       =   ----    ----
   PDATA SIZE       =   ----    ----
   DATA SIZE        =   ----       5
   IDATA SIZE       =   ----    ----
   BIT SIZE         =   ----    ----
END OF MODULE INFORMATION.


C51 COMPILATION COMPLETE.  0 WARNING(S),  0 ERROR(S)
