C51 COMPILER V8.09   3_18A                                                                 07/29/2009 15:22:27 PAGE 1   


C51 COMPILER V8.09, COMPILATION OF MODULE 3_18A
OBJECT MODULE PLACED IN 3_18A.OBJ
COMPILER INVOKED BY: C:\Keil\C51\BIN\C51.EXE 3_18A.C BROWSE DEBUG OBJECTEXTEND

line level    source

   1          /********* 3_18A.c***指標應用範例*********
   2          *動作：由RAM位址0x10以後填入計數值
   3          *******************************************/
   4          main() 
   5          {
   6   1          unsigned char  i=1;     //定義計數變數
   7   1          unsigned char  *point;  //定義指標變數
   8   1          point=0x10; //設定RAM開始位址
   9   1       loop:
  10   1          *point++=i++; //填入計數值到RAM內，計數值及RAM位址遞加
  11   1          goto loop;
  12   1      }


MODULE INFORMATION:   STATIC OVERLAYABLE
   CODE SIZE        =     34    ----
   CONSTANT SIZE    =   ----    ----
   XDATA SIZE       =   ----    ----
   PDATA SIZE       =   ----    ----
   DATA SIZE        =   ----       3
   IDATA SIZE       =   ----    ----
   BIT SIZE         =   ----    ----
END OF MODULE INFORMATION.


C51 COMPILATION COMPLETE.  0 WARNING(S),  0 ERROR(S)
