C51 COMPILER V8.16   3_44                                                                  01/13/2009 21:00:06 PAGE 1   


C51 COMPILER V8.16, COMPILATION OF MODULE 3_44
OBJECT MODULE PLACED IN 3_44.OBJ
COMPILER INVOKED BY: C:\Keil\C51\BIN\C51.EXE 3_44.C BROWSE DEBUG OBJECTEXTEND

line level    source

   1          /************* 3_44.c *************************
   2          *動作：巢狀迴圈計算9*9乘法表
   3          ***********************************************/
   4          #include "..\MPC82.H"  //暫存器及組態設定
   5          main()
   6          {       
   7   1        char  i; //外圈計數
   8   1        char  j; //內圈計數
   9   1        char  k; //相乘總數
  10   1        for(;  ; )  //重覆執行
  11   1         {
  12   2          for(i=1;i<=9;i++)    //外層迴圈
  13   2           {
  14   3            for(j=1;j<=9;j++)  //內層迴圈
  15   3                  k=i*j;
  16   3           }
  17   2         }
  18   1      }


MODULE INFORMATION:   STATIC OVERLAYABLE
   CODE SIZE        =     47    ----
   CONSTANT SIZE    =   ----    ----
   XDATA SIZE       =   ----    ----
   PDATA SIZE       =   ----    ----
   DATA SIZE        =   ----       1
   IDATA SIZE       =   ----    ----
   BIT SIZE         =   ----    ----
END OF MODULE INFORMATION.


C51 COMPILATION COMPLETE.  0 WARNING(S),  0 ERROR(S)
