C51 COMPILER V8.16   3_47                                                                  01/13/2009 21:03:16 PAGE 1   


C51 COMPILER V8.16, COMPILATION OF MODULE 3_47
OBJECT MODULE PLACED IN 3_47.OBJ
COMPILER INVOKED BY: C:\Keil\C51\BIN\C51.EXE 3_47.c BROWSE DEBUG OBJECTEXTEND

line level    source

   1          /************* 3_47.c ***********************
   2          *動作：用for指令，由P0-P2輸出24小時電子鐘的變化
   3          *硬體：修改為反相輸出，SW1-3(P0LED)及SW1-4(P1LED)ON
   4          ***********************************************/
   5          #include "..\MPC82.H"  //暫存器及組態設定
   6          main()
   7          {
   8   1       char hor,min,sec;//宣告時、分、秒變數  
   9   1       for ( ; ; )    //重覆執行
  10   1         {
  11   2           for (hor=0;hor<=23;hor++)  //時0~23
  12   2            {
  13   3             for (min=0;min<=59;min++)   //分0~59
  14   3              { 
  15   4                for (sec=0;sec<=59;sec++)  //秒0~59
  16   4                 {
  17   5                  P0=(sec/10<<4)+(sec%10); //秒十進位輸出
  18   5                              P1=(min/10<<4)+(min%10); //分十進位輸出
  19   5                              P2=(hor/10<<4)+(hor%10); //時十進位輸出
  20   5                  Delay_ms(100); //延時
  21   5                 }
  22   4              }
  23   3           }
  24   2        }
  25   1      }


MODULE INFORMATION:   STATIC OVERLAYABLE
   CODE SIZE        =    136    ----
   CONSTANT SIZE    =   ----    ----
   XDATA SIZE       =   ----    ----
   PDATA SIZE       =   ----    ----
   DATA SIZE        =   ----       1
   IDATA SIZE       =   ----    ----
   BIT SIZE         =   ----    ----
END OF MODULE INFORMATION.


C51 COMPILATION COMPLETE.  0 WARNING(S),  0 ERROR(S)
