C51 COMPILER V8.17   3_49                                                                  04/08/2009 20:31:10 PAGE 1   


C51 COMPILER V8.17, COMPILATION OF MODULE 3_49
OBJECT MODULE PLACED IN 3_49.OBJ
COMPILER INVOKED BY: C:\Keil\C51\BIN\C51.EXE 3_49.C BROWSE DEBUG OBJECTEXTEND

line level    source

   1          /************* 3_49.c **************************
   2          *動作：由SW輸入設定累加計數最大值，累加值由LED輸出
   3          ***********************************************/
   4          #include "..\MPC82.H"  //暫存器及組態設定
   5          sfr    SW=0x90;  //P1為SW輸入           
   6          main()
   7          {
   8   1        unsigned char n;     //宣告最小輸入計數值
   9   1        unsigned char i=1;   //宣告計數值
  10   1        unsigned char sum=0; //宣告累加值
  11   1        while(1)   //重覆執行
  12   1        {
  13   2           do
  14   2             n=SW;        //由SW輸入設定累加計數最大值
  15   2            while (n<=4); //若n<=4時重新輸入
  16   2      
  17   2           do             //若n>4往下執行
  18   2             { 
  19   3              sum=sum+i;  //累加
  20   3              i++;
  21   3             }
  22   2           while(i<=n);  //當i<=n時，執行累加的動作
  23   2           LED=sum;         //當i>n時，累加值由LED輸出
  24   2         }
  25   1      }


MODULE INFORMATION:   STATIC OVERLAYABLE
   CODE SIZE        =     52    ----
   CONSTANT SIZE    =   ----    ----
   XDATA SIZE       =   ----    ----
   PDATA SIZE       =   ----    ----
   DATA SIZE        =   ----    ----
   IDATA SIZE       =   ----    ----
   BIT SIZE         =   ----    ----
END OF MODULE INFORMATION.


C51 COMPILATION COMPLETE.  0 WARNING(S),  0 ERROR(S)
