C51 COMPILER V8.17   3_5                                                                   07/30/2009 10:28:47 PAGE 1   


C51 COMPILER V8.17, COMPILATION OF MODULE 3_5
OBJECT MODULE PLACED IN 3_5.OBJ
COMPILER INVOKED BY: C:\Keil\C51\BIN\C51.EXE 3_5.C BROWSE DEBUG OBJECTEXTEND

line level    source

   1          /*********** 3_5.c ******************************************
   2          *動作：由RAM讀取陣列資料由LED輸出
   3          *硬體：SW1-3(P0LED)ON
   4          *************************************************************/
   5          #include "..\MPC82.H"  //暫存器及組態設定
   6          unsigned char TABLE[8]={0x01,0x02,0x04,0x08,0x10,0x20,0x40,0x80}; 
   7          main()
   8          {  
   9   1          P0M0=0; P0M1=0xFF; //設定P0為推挽式輸出(M0-1=01)
  10   1        loop:
  11   1          LED=~TABLE[0];Delay_ms(100); //LED=0x01
  12   1          LED=~TABLE[1];Delay_ms(100); //LED=0x02
  13   1          LED=~TABLE[2];Delay_ms(100); //LED=0x04
  14   1          LED=~TABLE[3];Delay_ms(100); //LED=0x08
  15   1          LED=~TABLE[4];Delay_ms(100); //LED=0x10
  16   1          LED=~TABLE[5];Delay_ms(100); //LED=0x20
  17   1          LED=~TABLE[6];Delay_ms(100); //LED=0x40
  18   1          LED=~TABLE[7];Delay_ms(100); //LED=0x80
  19   1         goto loop;  
  20   1      }


MODULE INFORMATION:   STATIC OVERLAYABLE
   CODE SIZE        =     82    ----
   CONSTANT SIZE    =   ----    ----
   XDATA SIZE       =   ----    ----
   PDATA SIZE       =   ----    ----
   DATA SIZE        =      8    ----
   IDATA SIZE       =   ----    ----
   BIT SIZE         =   ----    ----
END OF MODULE INFORMATION.


C51 COMPILATION COMPLETE.  0 WARNING(S),  0 ERROR(S)
