C51 COMPILER V8.16   3_63                                                                  01/13/2009 23:45:23 PAGE 1   


C51 COMPILER V8.16, COMPILATION OF MODULE 3_63
OBJECT MODULE PLACED IN 3_63.OBJ
COMPILER INVOKED BY: C:\Keil\C51\BIN\C51.EXE 3_63.c BROWSE DEBUG OBJECTEXTEND

line level    source

   1          /********* 3_63.c ***旋轉函數範例***************
   2          *動作：由KEY1(P32)輸入bit資料，到P00輸出
   3          *硬體：SW1-3(P0LED)ON,按KEY1 
   4          *************************************************/
   5          #include "..\MPC82.H"  //暫存器及組態設定
   6          main()
   7          {
   8   1         bit flag; //宣告位元變數
   9   1        loop:
  10   1          flag=KEY1; //KEY1(P32)輸入bit資料
  11   1          P0_0=_testbit_(flag);//測試位元變數及輸出
  12   1          Delay_ms(100); //延時
  13   1          goto loop;
  14   1      }


MODULE INFORMATION:   STATIC OVERLAYABLE
   CODE SIZE        =     47    ----
   CONSTANT SIZE    =   ----    ----
   XDATA SIZE       =   ----    ----
   PDATA SIZE       =   ----    ----
   DATA SIZE        =   ----    ----
   IDATA SIZE       =   ----    ----
   BIT SIZE         =   ----       1
END OF MODULE INFORMATION.


C51 COMPILATION COMPLETE.  0 WARNING(S),  0 ERROR(S)
